
Merging program properties

Updated property 0xc0010001 (0x9) to merge obj/kernel/cpu/cpu.o (0x1) and obj/kernel/demo.o (0x9)
Updated property 0xc0010002 (0x1) to merge obj/kernel/cpu/cpu.o (0x0) and obj/kernel/demo.o (0x1)
Updated property 0xc0010001 (0x9) to merge obj/kernel/cpu/cpu.o (0x9) and obj/kernel/dev/8259/pic.o (0x1)
Updated property 0xc0010002 (0x1) to merge obj/kernel/cpu/cpu.o (0x1) and obj/kernel/dev/8259/pic.o (0x0)
Updated property 0xc0010001 (0x9) to merge obj/kernel/cpu/cpu.o (0x9) and obj/kernel/dev/acpi/acpi.o (0x1)
Updated property 0xc0010002 (0x1) to merge obj/kernel/cpu/cpu.o (0x1) and obj/kernel/dev/acpi/acpi.o (0x0)
Updated property 0xc0010001 (0x9) to merge obj/kernel/cpu/cpu.o (0x9) and obj/kernel/dev/ahci/ahci.o (0x1)
Updated property 0xc0010002 (0x1) to merge obj/kernel/cpu/cpu.o (0x1) and obj/kernel/dev/ahci/ahci.o (0x0)
Updated property 0xc0010001 (0x9) to merge obj/kernel/cpu/cpu.o (0x9) and obj/kernel/dev/fb/gop.o (0x1)
Updated property 0xc0010001 (0x9) to merge obj/kernel/cpu/cpu.o (0x9) and obj/kernel/dev/pci/pci.o (0x1)
Updated property 0xc0010002 (0x1) to merge obj/kernel/cpu/cpu.o (0x1) and obj/kernel/dev/pci/pci.o (0x0)
Updated property 0xc0010001 (0x9) to merge obj/kernel/cpu/cpu.o (0x9) and obj/kernel/dev/pci/pcidescriptor.o (0x1)
Updated property 0xc0010001 (0x9) to merge obj/kernel/cpu/cpu.o (0x9) and obj/kernel/dev/serial/serial.o (0x1)
Updated property 0xc0010002 (0x1) to merge obj/kernel/cpu/cpu.o (0x1) and obj/kernel/dev/serial/serial.o (0x0)
Updated property 0xc0010001 (0x9) to merge obj/kernel/cpu/cpu.o (0x9) and obj/kernel/dev/tty/gpm/gpm.o (0x1)
Updated property 0xc0010001 (0x9) to merge obj/kernel/cpu/cpu.o (0x9) and obj/kernel/dev/tty/kbd/keyboard.o (0x1)
Updated property 0xc0010002 (0x1) to merge obj/kernel/cpu/cpu.o (0x1) and obj/kernel/dev/tty/kbd/keyboard.o (0x0)
Updated property 0xc0010001 (0x9) to merge obj/kernel/cpu/cpu.o (0x9) and obj/kernel/fs/fat/fat.o (0x1)
Updated property 0xc0010002 (0x1) to merge obj/kernel/cpu/cpu.o (0x1) and obj/kernel/fs/fat/fat.o (0x0)
Updated property 0xc0010001 (0x9) to merge obj/kernel/cpu/cpu.o (0x9) and obj/kernel/fs/fs.o (0x1)
Updated property 0xc0010001 (0x9) to merge obj/kernel/cpu/cpu.o (0x9) and obj/kernel/fs/vfs.o (0x1)
Updated property 0xc0010002 (0x1) to merge obj/kernel/cpu/cpu.o (0x1) and obj/kernel/fs/vfs.o (0x0)
Updated property 0xc0010001 (0x9) to merge obj/kernel/cpu/cpu.o (0x9) and obj/kernel/io/io.o (0x1)
Updated property 0xc0010002 (0x1) to merge obj/kernel/cpu/cpu.o (0x1) and obj/kernel/io/io.o (0x0)
Updated property 0xc0010001 (0x9) to merge obj/kernel/cpu/cpu.o (0x9) and obj/kernel/kernel.o (0x1)
Updated property 0xc0010002 (0x1) to merge obj/kernel/cpu/cpu.o (0x1) and obj/kernel/kernel.o (0x0)
Updated property 0xc0010001 (0x9) to merge obj/kernel/cpu/cpu.o (0x9) and obj/kernel/mm/bitmap.o (0x1)
Updated property 0xc0010002 (0x1) to merge obj/kernel/cpu/cpu.o (0x1) and obj/kernel/mm/bitmap.o (0x0)
Updated property 0xc0010001 (0x9) to merge obj/kernel/cpu/cpu.o (0x9) and obj/kernel/mm/efimem.o (0x1)
Updated property 0xc0010002 (0x1) to merge obj/kernel/cpu/cpu.o (0x1) and obj/kernel/mm/efimem.o (0x0)
Updated property 0xc0010001 (0x9) to merge obj/kernel/cpu/cpu.o (0x9) and obj/kernel/mm/heap.o (0x1)
Updated property 0xc0010001 (0x9) to merge obj/kernel/cpu/cpu.o (0x9) and obj/kernel/mm/pageframe.o (0x1)
Updated property 0xc0010002 (0x1) to merge obj/kernel/cpu/cpu.o (0x1) and obj/kernel/mm/pageframe.o (0x0)
Updated property 0xc0010001 (0x9) to merge obj/kernel/cpu/cpu.o (0x9) and obj/kernel/mm/pageindexer.o (0x1)
Updated property 0xc0010002 (0x1) to merge obj/kernel/cpu/cpu.o (0x1) and obj/kernel/mm/pageindexer.o (0x0)
Updated property 0xc0010001 (0x9) to merge obj/kernel/cpu/cpu.o (0x9) and obj/kernel/mm/pagetable.o (0x1)
Updated property 0xc0010002 (0x1) to merge obj/kernel/cpu/cpu.o (0x1) and obj/kernel/mm/pagetable.o (0x0)
Updated property 0xc0010001 (0x9) to merge obj/kernel/cpu/cpu.o (0x9) and obj/kernel/mm/paging.o (0x1)
Updated property 0xc0010002 (0x1) to merge obj/kernel/cpu/cpu.o (0x1) and obj/kernel/mm/paging.o (0x0)
Updated property 0xc0010001 (0x9) to merge obj/kernel/cpu/cpu.o (0x9) and obj/kernel/mm/string.o (0x1)
Updated property 0xc0010001 (0x9) to merge obj/kernel/cpu/cpu.o (0x9) and obj/kernel/mm/vmalloc.o (0x1)
Updated property 0xc0010002 (0x1) to merge obj/kernel/cpu/cpu.o (0x1) and obj/kernel/mm/vmalloc.o (0x0)
Updated property 0xc0010001 (0x9) to merge obj/kernel/cpu/cpu.o (0x9) and obj/kernel/module/main.o (0x1)
Updated property 0xc0010002 (0x1) to merge obj/kernel/cpu/cpu.o (0x1) and obj/kernel/module/main.o (0x0)
Updated property 0xc0010001 (0x9) to merge obj/kernel/cpu/cpu.o (0x9) and obj/kernel/module/module.o (0x1)
Updated property 0xc0010002 (0x1) to merge obj/kernel/cpu/cpu.o (0x1) and obj/kernel/module/module.o (0x0)
Updated property 0xc0010001 (0x9) to merge obj/kernel/cpu/cpu.o (0x9) and obj/kernel/module/symbol.o (0x1)
[...]
Memory Configuration

Name             Origin             Length             Attributes
*default*        0x0000000000000000 0xffffffffffffffff

Linker script and memory map

LOAD obj/kernel/cpu/cpu.o
LOAD obj/kernel/cpu/gdt.o
LOAD obj/kernel/cpu/interrupts/idt.o
LOAD obj/kernel/cpu/interrupts/interrupts.o
LOAD obj/kernel/demo.o
LOAD obj/kernel/dev/8259/pic.o
LOAD obj/kernel/dev/acpi/acpi.o
LOAD obj/kernel/dev/ahci/ahci.o
LOAD obj/kernel/dev/fb/gop.o
LOAD obj/kernel/dev/pci/pci.o
LOAD obj/kernel/dev/pci/pcidescriptor.o
LOAD obj/kernel/dev/serial/serial.o
LOAD obj/kernel/dev/timer/pit/pit.o
LOAD obj/kernel/dev/tty/gpm/gpm.o
LOAD obj/kernel/dev/tty/kbd/keyboard.o
LOAD obj/kernel/dev/tty/tty.o
LOAD obj/kernel/fs/fat/fat.o
LOAD obj/kernel/fs/fs.o
LOAD obj/kernel/fs/ustar/ustar.o
LOAD obj/kernel/fs/vfs.o
LOAD obj/kernel/io/io.o
LOAD obj/kernel/kernel.o
LOAD obj/kernel/kutil.o
LOAD obj/kernel/mm/bitmap.o
LOAD obj/kernel/mm/efimem.o
LOAD obj/kernel/mm/heap.o
LOAD obj/kernel/mm/memory.o
LOAD obj/kernel/mm/pageframe.o
LOAD obj/kernel/mm/pageindexer.o
LOAD obj/kernel/mm/pagetable.o
LOAD obj/kernel/mm/paging.o
LOAD obj/kernel/mm/string.o
LOAD obj/kernel/mm/vmalloc.o
LOAD obj/kernel/module/main.o
LOAD obj/kernel/module/module.o
LOAD obj/kernel/module/symbol.o
LOAD obj/kernel/proc/thread.o
LOAD obj/kernel/sys/cstr.o
LOAD obj/kernel/sys/icxxabi.o
LOAD obj/kernel/sys/math.o
LOAD obj/kernel/sys/panik.o
LOAD obj/kernel/sys/printk.o
LOAD obj/kernel/sys/scanf.o
LOAD obj/kernel/sys/stack.o
LOAD obj/kernel/sys/stdio.o
LOAD obj/kernel/sys/symbols.o
LOAD obj/kernel/sys/symbols_map.o
LOAD obj/kernel/sys/ubsan.o
LOAD obj/kernel/cpu/gdt_asm.o
LOAD obj/kernel/proc/switch_asm.o
                0x0000000000100000                . = 0x100000
                0x0000000000100000                kernel_start = .

.text           0x0000000000100000    0x26b17
 *(.text)
 .text          0x0000000000100000      0x287 obj/kernel/cpu/cpu.o
                0x0000000000100000                _ZN3CPU9GetVendorEv
                0x0000000000100110                _ZN3CPU4InitEv
 *fill*         0x0000000000100287        0x9 
 .text          0x0000000000100290       0x6d obj/kernel/cpu/gdt.o
                0x0000000000100290                _Z8init_tssv
 *fill*         0x00000000001002fd        0x3 
 .text          0x0000000000100300      0x279 obj/kernel/cpu/interrupts/idt.o
                0x0000000000100300                _ZN12IDTDescEntry9SetOffsetEm
                0x0000000000100440                _ZN12IDTDescEntry9GetOffsetEv
 *fill*         0x0000000000100579        0x7 
 .text          0x0000000000100580      0x2e2 obj/kernel/cpu/interrupts/interrupts.o
                0x0000000000100580                _Z17PageFault_handlerP15interrupt_frame
                0x00000000001005f0                _Z19DoubleFault_handlerP15interrupt_frame
                0x0000000000100660                _Z15GPFault_handlerP15interrupt_frame
                0x00000000001006d0                _Z19KeyboardInt_handlerP15interrupt_frame
                0x0000000000100760                _Z16MouseInt_handlerP15interrupt_frame
                0x00000000001007f0                _Z14PITInt_handlerP15interrupt_frame
 *fill*         0x0000000000100862        0xe 
 .text          0x0000000000100870     0x2081 obj/kernel/demo.o
                0x0000000000100870                _ZN9RAYTRACER8clamp255ERNS_4Vec3E
                0x0000000000100c60                _ZN9RAYTRACER8RaytraceEv
                0x0000000000101470                _ZN4DEMO8RaytraceEv
                0x00000000001014b0                _ZN4DEMO6StressEv
                0x0000000000102360                _ZN4DEMO4DoomEv
                0x00000000001023a0                _ZN4DEMO8BadAppleEv
 *fill*         0x00000000001028f1        0xf 
 .text          0x0000000000102900      0x1d1 obj/kernel/dev/8259/pic.o
                0x0000000000102900                _Z8RemapPICv
                0x0000000000102a20                _Z13PIC_EndMasterv
                0x0000000000102a70                _Z12PIC_EndSlavev
 *fill*         0x0000000000102ad1        0xf 
 .text          0x0000000000102ae0      0x47e obj/kernel/dev/acpi/acpi.o
                0x0000000000102ae0                _ZN4ACPI9FindTableEPNS_9SDTHeaderEPc
 *fill*         0x0000000000102f5e        0x2 
 .text          0x0000000000102f60     0x2c94 obj/kernel/dev/ahci/ahci.o
                0x0000000000102f60                _ZN4AHCI13CheckPortTypeEPNS_7HBAPortE
                0x00000000001030a0                _ZN4AHCI4Port9ConfigureEv
                0x0000000000103d00                _ZN4AHCI4Port8StartCMDEv
                0x0000000000103f30                _ZN4AHCI4Port7StopCMDEv
                0x0000000000104240                _ZN4AHCI4Port11TransferDMAEbmjPv
                0x0000000000104ab0                _ZN4AHCI4Port5WriteEmjPv
                0x0000000000104b50                _ZN4AHCI4Port4ReadEmjPv
                0x0000000000104bf0                _ZN4AHCI10AHCIDriverD1Ev
                0x0000000000104bf0                _ZN4AHCI10AHCIDriverD2Ev
                0x0000000000104c50                _ZN4AHCI10AHCIDriver10ProbePortsEv
                0x00000000001057c0                _ZN4AHCI10AHCIDriverC2EPN3PCI15PCIDeviceHeaderE
                0x00000000001057c0                _ZN4AHCI10AHCIDriverC1EPN3PCI15PCIDeviceHeaderE
 *fill*         0x0000000000105bf4        0xc 
 .text          0x0000000000105c00     0x4af1 obj/kernel/dev/fb/gop.o
                0x0000000000105c00                _ZN3GOPC2Ev
                0x0000000000105c00                _ZN3GOPC1Ev
                0x0000000000105e00                _ZN3GOPC1EP11FramebufferP9PSF1_FONT
                0x0000000000105e00                _ZN3GOPC2EP11FramebufferP9PSF1_FONT
                0x0000000000106170                _ZN3GOP11print_clearEv
                0x0000000000106690                _ZN3GOP12print_scrollEv
                0x0000000000106bf0                _ZN3GOP9get_pixelEjj
                0x0000000000106dd0                _ZN3GOP9put_pixelEjjj
                0x0000000000106fc0                _ZN3GOP18clear_mouse_cursorEPh5Point
                0x00000000001079a0                _ZN3GOP17draw_mouse_cursorEPh5Pointj
                0x0000000000108550                _ZN3GOP10print_charEc
                0x0000000000109a80                _ZN3GOP14print_char_posEc5Point
                0x0000000000109be0                _ZN3GOP10clear_charEv
                0x000000000010a4d0                _ZN3GOP9print_strEPKc
                0x000000000010a620                _ZN3GOP15print_set_colorEjj
 *fill*         0x000000000010a6f1        0xf 
 .text          0x000000000010a700     0x136d obj/kernel/dev/pci/pci.o
                0x000000000010a700                _ZN3PCI17EnumerateFunctionEmm
                0x000000000010aa70                _ZN3PCI15EnumerateDeviceEmm
                0x000000000010aeb0                _ZN3PCI12EnumerateBusEmm
                0x000000000010b3d0                _ZN3PCI12EnumeratePCIEPN4ACPI10MCFGHeaderE
 *fill*         0x000000000010ba6d        0x3 
 .text          0x000000000010ba70      0x98b obj/kernel/dev/pci/pcidescriptor.o
                0x000000000010ba70                _ZN3PCI13GetVendorNameEt
                0x000000000010bb10                _ZN3PCI13GetDeviceNameEtt
                0x000000000010bc00                _ZN3PCI33MassStorageControllerSubclassNameEh
                0x000000000010bd20                _ZN3PCI31SerialBusControllerSubclassNameEh
                0x000000000010be50                _ZN3PCI24BridgeDeviceSubclassNameEh
                0x000000000010bf80                _ZN3PCI15GetSubclassNameEhh
                0x000000000010c290                _ZN3PCI13GetProgIFNameEhhh
 *fill*         0x000000000010c3fb        0x5 
 .text          0x000000000010c400      0x376 obj/kernel/dev/serial/serial.o
                0x000000000010c400                serial_init
                0x000000000010c510                serial_print_str
                0x000000000010c6f0                serial_print_char
 *fill*         0x000000000010c776        0xa 
 .text          0x000000000010c780      0x359 obj/kernel/dev/timer/pit/pit.o
                0x000000000010c780                _ZN3PIT10ResetTimerEv
                0x000000000010c7d0                _ZN3PIT6SleepdEd
                0x000000000010c830                _ZN3PIT5SleepEm
                0x000000000010c8c0                _ZN3PIT10SetDivisorEt
                0x000000000010c950                _ZN3PIT12GetFrequencyEv
                0x000000000010c9b0                _ZN3PIT12SetFrequencyEm
                0x000000000010ca50                _ZN3PIT4TickEv
 *fill*         0x000000000010cad9        0x7 
 .text          0x000000000010cae0      0x58b obj/kernel/dev/tty/gpm/gpm.o
                0x000000000010cae0                _Z12InitPS2Mousev
                0x000000000010ccd0                _Z18ProcessMousePacketv
                0x000000000010cf20                _Z14HandlePS2Mouseh
 *fill*         0x000000000010d06b        0x5 
 .text          0x000000000010d070      0x5db obj/kernel/dev/tty/kbd/keyboard.o
                0x000000000010d070                _Z14HandleKeyboardh
                0x000000000010d4c0                _ZN14QWERTYKeyboard9TranslateEhb
 *fill*         0x000000000010d64b        0x5 
 .text          0x000000000010d650     0x1403 obj/kernel/dev/tty/tty.o
                0x000000000010d650                _ZN3TTYC1Ev
                0x000000000010d650                _ZN3TTYC2Ev
                0x000000000010d790                _ZN3TTYD2Ev
                0x000000000010d790                _ZN3TTYD1Ev
                0x000000000010d810                _ZN3TTY8ActivateEv
                0x000000000010da40                _ZN3TTY10DeactivateEv
                0x000000000010db80                _ZN3TTY11PrintPromptEv
                0x000000000010dbd0                _ZN3TTY16ElaborateCommandEv
                0x000000000010e5f0                _ZN3TTY8SendCharEc
 *fill*         0x000000000010ea53        0xd 
 .text          0x000000000010ea60     0x342f obj/kernel/fs/fat/fat.o
                0x000000000010ea60                _ZN3FAT11FATFSDriverC1Ev
                0x000000000010ea60                _ZN3FAT11FATFSDriverC2Ev
                0x000000000010eac0                _ZN3FAT11FATFSDriver11DetectDriveEPh
                0x000000000010f900                _ZN3FAT11FATFSDriver19FindSizeInDirectoryEjPc
                0x0000000000110380                _ZN3FAT11FATFSDriver15FindInDirectoryEjPc
                0x0000000000110e10                _ZN3FAT11FATFSDriver13ReadDirectoryEj
                0x0000000000111650                _ZN3FAT11FATFSDriver9ParseRootEj
                0x00000000001116e0                _ZN3FAT11FATFSDriver13FindDirectoryEPc
                0x00000000001118c0                _ZN3FAT11FATFSDriver8LoadFileEPcS1_
 *fill*         0x0000000000111e8f        0x1 
 .text          0x0000000000111e90     0x2bcc obj/kernel/fs/fs.o
                0x0000000000111e90                _ZN10Filesystem9FSManager12AddAHCIDriveEPN4AHCI4PortEij
                0x00000000001135e0                _ZN10Filesystem9FSManagerC2Ev
                0x00000000001135e0                _ZN10Filesystem9FSManagerC1Ev
                0x00000000001139b0                _ZN10Filesystem9FSManager9ReadDriveEhjjPPhmm
                0x0000000000114060                _ZN10Filesystem9FSManager10WriteDriveEhjhPhm
                0x0000000000114580                _ZN10Filesystem9FSManager10ListDrivesEv
 *fill*         0x0000000000114a5c        0x4 
 .text          0x0000000000114a60     0x13c3 obj/kernel/fs/ustar/ustar.o
                0x0000000000114a60                _ZN5USTAR11LoadArchiveEPh
                0x0000000000114fe0                _ZN5USTAR11ReadArchiveEv
                0x00000000001151f0                _ZN5USTAR11GetFileSizeEPcPm
                0x00000000001153f0                _ZN5USTAR8ReadFileEPc
                0x00000000001159e0                _ZN5USTAR8ReadFileEPcPPhm
 *fill*         0x0000000000115e23        0xd 
 .text          0x0000000000115e30      0x2d1 obj/kernel/fs/vfs.o
                0x0000000000115e30                VFS_Init
                0x0000000000115f10                VFS_WriteFile
                0x0000000000115ff0                VFS_Write
 *fill*         0x0000000000116101        0xf 
 .text          0x0000000000116110      0x134 obj/kernel/io/io.o
                0x0000000000116110                outb
                0x0000000000116150                outw
                0x0000000000116190                inb
                0x00000000001161d0                inw
                0x0000000000116210                io_wait
 *fill*         0x0000000000116244        0xc 
 .text          0x0000000000116250      0x2c4 obj/kernel/kernel.o
                0x0000000000116250                _start
 *fill*         0x0000000000116514        0xc 
 .text          0x0000000000116520     0x11e9 obj/kernel/kutil.o
                0x0000000000116520                _Z10SetIDTGatePvhhh
                0x0000000000116650                _Z13PrepareMemoryP8BootInfo
                0x0000000000116c30                _Z17PrepareInterruptsP8BootInfo
                0x0000000000117290                _Z11PrepareACPIP8BootInfo
                0x00000000001174c0                _Z5kinitP8BootInfo
                0x00000000001176b0                _Z6rdinitv
 *fill*         0x0000000000117709        0x7 
 .text          0x0000000000117710      0x5f9 obj/kernel/mm/bitmap.o
                0x0000000000117710                _ZN6BitmapixEm
                0x00000000001178b0                _ZN6Bitmap3getEm
                0x0000000000117a00                _ZN6Bitmap3setEmb
 .text          0x0000000000117d09        0x0 obj/kernel/mm/efimem.o
 *fill*         0x0000000000117d09        0x7 
 .text          0x0000000000117d10     0x2e76 obj/kernel/mm/heap.o
                0x0000000000117d10                _ZN13HeapSegHeader14CombineForwardEv
                0x0000000000118150                _ZN13HeapSegHeader15CombineBackwardEv
                0x00000000001186f0                _ZN13HeapSegHeader5SplitEm
                0x0000000000118b10                _Z14InitializeHeapPvm
                0x0000000000118db0                free
                0x0000000000119800                _Z10ExpandHeapm
                0x0000000000119fd0                malloc
                0x000000000011a810                _Z13VisualizeHeapv
 *fill*         0x000000000011ab86        0xa 
 .text          0x000000000011ab90      0x4d5 obj/kernel/mm/memory.o
                0x000000000011ab90                _Z15get_memory_sizeP21EFI_MEMORY_DESCRIPTORmm
                0x000000000011ad00                memcmp
                0x000000000011aec0                memset
                0x000000000011af00                memcpy
 *fill*         0x000000000011b065        0xb 
 .text          0x000000000011b070     0x2d2c obj/kernel/mm/pageframe.o
                0x000000000011b070                _ZN18PageFrameAllocator16ReadEFIMemoryMapEP21EFI_MEMORY_DESCRIPTORmm
                0x000000000011c0d0                _ZN18PageFrameAllocator10InitBitmapEmPv
                0x000000000011c300                _ZN18PageFrameAllocator11RequestPageEv
                0x000000000011c800                _ZN18PageFrameAllocator12RequestPagesEm
                0x000000000011ccc0                _ZN18PageFrameAllocator8FreePageEPv
                0x000000000011ce40                _ZN18PageFrameAllocator8LockPageEPv
                0x000000000011cfb0                _ZN18PageFrameAllocator13UnreservePageEPv
                0x000000000011d130                _ZN18PageFrameAllocator11ReservePageEPv
                0x000000000011d2a0                _ZN18PageFrameAllocator9FreePagesEPvm
                0x000000000011d530                _ZN18PageFrameAllocator9LockPagesEPvm
                0x000000000011d7c0                _ZN18PageFrameAllocator14UnreservePagesEPvm
                0x000000000011da50                _ZN18PageFrameAllocator12ReservePagesEPvm
                0x000000000011dce0                _ZN18PageFrameAllocator10GetFreeMemEv
                0x000000000011dd20                _ZN18PageFrameAllocator10GetUsedMemEv
                0x000000000011dd60                _ZN18PageFrameAllocator14GetReservedMemEv
 *fill*         0x000000000011dd9c        0x4 
 .text          0x000000000011dda0      0x16c obj/kernel/mm/pageindexer.o
                0x000000000011dda0                _ZN14PageMapIndexerC1Em
                0x000000000011dda0                _ZN14PageMapIndexerC2Em
 *fill*         0x000000000011df0c        0x4 
 .text          0x000000000011df10      0xa86 obj/kernel/mm/pagetable.o
                0x000000000011df10                _ZN16PageTableManagerC1EP9PageTable
                0x000000000011df10                _ZN16PageTableManagerC2EP9PageTable
                0x000000000011df90                _ZN16PageTableManager9MapMemoryEPvS0_
 *fill*         0x000000000011e996        0xa 
 .text          0x000000000011e9a0      0x372 obj/kernel/mm/paging.o
                0x000000000011e9a0                _ZN18PageDirectoryEntry7SetFlagE7PT_Flagb
                0x000000000011eb00                _ZN18PageDirectoryEntry7GetFlagE7PT_Flag
                0x000000000011eb80                _ZN18PageDirectoryEntry10SetAddressEm
                0x000000000011eca0                _ZN18PageDirectoryEntry10GetAddressEv
 *fill*         0x000000000011ed12        0xe 
 .text          0x000000000011ed20     0x10cc obj/kernel/mm/string.o
                0x000000000011ed20                _Z6strlenPKc
                0x000000000011ee10                _Z6strcpyPcPKc
                0x000000000011ef60                _Z6strcmpPKcS0_
                0x000000000011f130                _Z8is_delimcPc
                0x000000000011f240                _Z6strtokPcS_
                0x000000000011f750                _Z4itoaPcix
                0x000000000011fb20                _Z4atoiPc
 *fill*         0x000000000011fdec        0x4 
 .text          0x000000000011fdf0      0x1a9 obj/kernel/mm/vmalloc.o
                0x000000000011fdf0                vmalloc
 .text          0x000000000011ff99        0x0 obj/kernel/module/main.o
 *fill*         0x000000000011ff99        0x7 
 .text          0x000000000011ffa0      0x821 obj/kernel/module/module.o
                0x000000000011ffa0                _ZN13ModuleManagerC1Ev
                0x000000000011ffa0                _ZN13ModuleManagerC2Ev
                0x000000000011ffe0                _ZN13ModuleManagerD2Ev
                0x000000000011ffe0                _ZN13ModuleManagerD1Ev
                0x0000000000120020                _ZN13ModuleManager10FindModuleEPc
                0x0000000000120060                _ZN13ModuleManager10LoadModuleEPc
                0x00000000001200a0                _ZN13ModuleManager7LoadELFEPh
 *fill*         0x00000000001207c1        0xf 
 .text          0x00000000001207d0      0x20c obj/kernel/module/symbol.o
                0x00000000001207d0                _ZN6KRNSYM5SetupEv
                0x00000000001208e0                _ZN6KRNSYM4TestEm
 *fill*         0x00000000001209dc        0x4 
 .text          0x00000000001209e0      0x24d obj/kernel/proc/thread.o
                0x00000000001209e0                _Z10new_threadPFvvE
 *fill*         0x0000000000120c2d        0x3 
 .text          0x0000000000120c30     0x36eb obj/kernel/sys/cstr.o
                0x0000000000120c30                _Z9to_stringm
                0x0000000000121000                _Z10to_hstringm
                0x00000000001220c0                _Z10to_hstringj
                0x0000000000122860                _Z10to_hstringt
                0x0000000000122b90                _Z10to_hstringh
                0x0000000000122ca0                _Z9to_stringl
                0x0000000000123100                _Z9to_stringdh
                0x00000000001239d0                _Z9to_stringd
 *fill*         0x000000000012431b        0x5 
 .text          0x0000000000124320      0xa28 obj/kernel/sys/icxxabi.o
                0x0000000000124320                __cxa_atexit
                0x00000000001246c0                __cxa_finalize
 *fill*         0x0000000000124d48        0x8 
 .text          0x0000000000124d50      0x1ef obj/kernel/sys/math.o
                0x0000000000124d50                _Z4sqrtd
                0x0000000000124e60                _Z4sqrti
 *fill*         0x0000000000124f3f        0x1 
 .text          0x0000000000124f40      0x120 obj/kernel/sys/panik.o
                0x0000000000124f40                _Z5panikPKcS0_S0_j
 .text          0x0000000000125060      0x771 obj/kernel/sys/printk.o
                0x0000000000125060                _Z14printk_init_fbP11FramebufferP9PSF1_FONT
                0x00000000001250e0                GOP_print_str
                0x0000000000125130                GOP_print_char
                0x0000000000125180                GOP_print_pixel
                0x00000000001251d0                print_image
                0x0000000000125330                printk_init_serial
                0x0000000000125380                printk
 .text          0x00000000001257d1        0x0 obj/kernel/sys/scanf.o
 *fill*         0x00000000001257d1        0xf 
 .text          0x00000000001257e0      0x2fc obj/kernel/sys/stack.o
                0x00000000001257e0                __stack_chk_fail
                0x0000000000125860                UnwindStack
 *fill*         0x0000000000125adc        0x4 
 .text          0x0000000000125ae0      0xbea obj/kernel/sys/stdio.o
                0x0000000000125ae0                fputc
                0x0000000000125b40                fputs
                0x0000000000125c60                vfprintf
                0x00000000001262c0                fprintf
                0x0000000000126390                putc
                0x00000000001263f0                puts
                0x0000000000126510                printf
                0x00000000001265f0                dprintf
 *fill*         0x00000000001266ca        0x6 
 .text          0x00000000001266d0       0x34 obj/kernel/sys/symbols.o
                0x00000000001266d0                _Z13lookup_symbolm
 .text          0x0000000000126704        0x0 obj/kernel/sys/symbols_map.o
 *fill*         0x0000000000126704        0xc 
 .text          0x0000000000126710      0x3b4 obj/kernel/sys/ubsan.o
                0x0000000000126710                __ubsan_handle_missing_return
                0x0000000000126750                __ubsan_handle_divrem_overflow
                0x0000000000126790                __ubsan_handle_load_invalid_value
                0x00000000001267d0                __ubsan_handle_shift_out_of_bounds
                0x0000000000126810                __ubsan_handle_builtin_unreachable
                0x0000000000126850                __ubsan_handle_mul_overflow
                0x0000000000126890                __ubsan_handle_negate_overflow
                0x00000000001268d0                __ubsan_handle_out_of_bounds
                0x0000000000126910                __ubsan_handle_pointer_overflow
                0x0000000000126950                __ubsan_handle_add_overflow
                0x0000000000126990                __ubsan_handle_sub_overflow
                0x00000000001269d0                __ubsan_handle_type_mismatch_v1
 *fill*         0x0000000000126ac4        0xc 
 .text          0x0000000000126ad0       0x1b obj/kernel/cpu/gdt_asm.o
                0x0000000000126ad0                LoadGDT
 *fill*         0x0000000000126aeb        0x5 
 .text          0x0000000000126af0       0x27 obj/kernel/proc/switch_asm.o
                0x0000000000126af0                switch_stack

.text.unlikely  0x0000000000126b18      0x8c9
 .text.unlikely
                0x0000000000126b18       0x23 obj/kernel/cpu/cpu.o
 *fill*         0x0000000000126b3b        0x1 
 .text.unlikely
                0x0000000000126b3c       0x6b obj/kernel/dev/fb/gop.o
 .text.unlikely
                0x0000000000126ba7       0x66 obj/kernel/dev/timer/pit/pit.o
 .text.unlikely
                0x0000000000126c0d       0xb9 obj/kernel/dev/tty/gpm/gpm.o
 .text.unlikely
                0x0000000000126cc6       0x44 obj/kernel/dev/tty/kbd/keyboard.o
 .text.unlikely
                0x0000000000126d0a       0x7c obj/kernel/dev/tty/tty.o
 .text.unlikely
                0x0000000000126d86       0x78 obj/kernel/fs/fat/fat.o
 .text.unlikely
                0x0000000000126dfe      0x340 obj/kernel/fs/fs.o
 .text.unlikely
                0x000000000012713e       0x25 obj/kernel/kernel.o
 .text.unlikely
                0x0000000000127163       0x28 obj/kernel/kutil.o
 *fill*         0x000000000012718b        0x1 
 .text.unlikely
                0x000000000012718c      0x1a9 obj/kernel/mm/heap.o
 *fill*         0x0000000000127335        0x1 
 .text.unlikely
                0x0000000000127336       0x53 obj/kernel/mm/pageframe.o
 *fill*         0x0000000000127389        0x1 
 .text.unlikely
                0x000000000012738a       0x57 obj/kernel/mm/paging.o

.iplt           0x00000000001273e1        0x0
 .iplt          0x00000000001273e1        0x0 obj/kernel/cpu/cpu.o

.text.startup   0x00000000001273f0       0x97
 .text.startup  0x00000000001273f0       0x43 obj/kernel/mm/pagetable.o
 *fill*         0x0000000000127433        0xd 
 .text.startup  0x0000000000127440       0x47 obj/kernel/sys/printk.o

.data           0x0000000000128000    0x121d0
 *(.data)
 .data          0x0000000000128000      0x118 obj/kernel/cpu/cpu.o
 *fill*         0x0000000000128118      0xee8 
 .data          0x0000000000129000     0x1000 obj/kernel/cpu/gdt.o
                0x0000000000129000                DefaultGDT
 .data          0x000000000012a000      0x15a obj/kernel/cpu/interrupts/idt.o
 .data          0x000000000012a15a        0x0 obj/kernel/cpu/interrupts/interrupts.o
 *fill*         0x000000000012a15a        0x6 
 .data          0x000000000012a160      0x952 obj/kernel/demo.o
 .data          0x000000000012aab2        0x0 obj/kernel/dev/8259/pic.o
 *fill*         0x000000000012aab2        0xe 
 .data          0x000000000012aac0      0x1d7 obj/kernel/dev/acpi/acpi.o
 *fill*         0x000000000012ac97        0x9 
 .data          0x000000000012aca0     0x1740 obj/kernel/dev/ahci/ahci.o
 .data          0x000000000012c3e0     0x1fa2 obj/kernel/dev/fb/gop.o
 *fill*         0x000000000012e382       0x1e 
 .data          0x000000000012e3a0      0x5fe obj/kernel/dev/pci/pci.o
 *fill*         0x000000000012e99e        0x2 
 .data          0x000000000012e9a0       0xa0 obj/kernel/dev/pci/pcidescriptor.o
                0x000000000012e9a0                _ZN3PCI13DeviceClassesE
 .data          0x000000000012ea40       0x71 obj/kernel/dev/serial/serial.o
 *fill*         0x000000000012eab1        0xf 
 .data          0x000000000012eac0       0x52 obj/kernel/dev/timer/pit/pit.o
                0x000000000012eb10                _ZN3PIT7DivisorE
 *fill*         0x000000000012eb12        0xe 
 .data          0x000000000012eb20      0x140 obj/kernel/dev/tty/gpm/gpm.o
                0x000000000012ec40                mouse_pointer
 .data          0x000000000012ec60      0x2a3 obj/kernel/dev/tty/kbd/keyboard.o
 *fill*         0x000000000012ef03       0x1d 
 .data          0x000000000012ef20      0x803 obj/kernel/dev/tty/tty.o
 *fill*         0x000000000012f723       0x1d 
 .data          0x000000000012f740     0x1892 obj/kernel/fs/fat/fat.o
 *fill*         0x0000000000130fd2        0xe 
 .data          0x0000000000130fe0     0x1880 obj/kernel/fs/fs.o
 .data          0x0000000000132860      0x774 obj/kernel/fs/ustar/ustar.o
 *fill*         0x0000000000132fd4        0xc 
 .data          0x0000000000132fe0      0x140 obj/kernel/fs/vfs.o
 .data          0x0000000000133120        0x0 obj/kernel/io/io.o
 .data          0x0000000000133120      0x183 obj/kernel/kernel.o
 *fill*         0x00000000001332a3       0x1d 
 .data          0x00000000001332c0      0x810 obj/kernel/kutil.o
 *fill*         0x0000000000133ad0       0x10 
 .data          0x0000000000133ae0      0x274 obj/kernel/mm/bitmap.o
 *fill*         0x0000000000133d54        0xc 
 .data          0x0000000000133d60       0x70 obj/kernel/mm/efimem.o
                0x0000000000133d60                EFI_MEMORY_TYPE_STRINGS
 *fill*         0x0000000000133dd0       0x10 
 .data          0x0000000000133de0     0x1963 obj/kernel/mm/heap.o
 *fill*         0x0000000000135743       0x1d 
 .data          0x0000000000135760      0x1a3 obj/kernel/mm/memory.o
 *fill*         0x0000000000135903       0x1d 
 .data          0x0000000000135920     0x1290 obj/kernel/mm/pageframe.o
 *fill*         0x0000000000136bb0       0x10 
 .data          0x0000000000136bc0       0xbc obj/kernel/mm/pageindexer.o
 *fill*         0x0000000000136c7c        0x4 
 .data          0x0000000000136c80      0x43e obj/kernel/mm/pagetable.o
 *fill*         0x00000000001370be        0x2 
 .data          0x00000000001370c0      0x1c2 obj/kernel/mm/paging.o
 *fill*         0x0000000000137282       0x1e 
 .data          0x00000000001372a0      0x711 obj/kernel/mm/string.o
 *fill*         0x00000000001379b1        0xf 
 .data          0x00000000001379c0       0xb8 obj/kernel/mm/vmalloc.o
                0x0000000000137a70                vmallocAddress
 .data          0x0000000000137a78        0x0 obj/kernel/module/main.o
 *fill*         0x0000000000137a78        0x8 
 .data          0x0000000000137a80      0x318 obj/kernel/module/module.o
 *fill*         0x0000000000137d98        0x8 
 .data          0x0000000000137da0       0x4f obj/kernel/module/symbol.o
 *fill*         0x0000000000137def       0x11 
 .data          0x0000000000137e00      0x168 obj/kernel/proc/thread.o
                0x0000000000137f60                next_tid
 *fill*         0x0000000000137f68       0x18 
 .data          0x0000000000137f80     0x16bc obj/kernel/sys/cstr.o
 *fill*         0x000000000013963c        0x4 
 .data          0x0000000000139640      0x453 obj/kernel/sys/icxxabi.o
 *fill*         0x0000000000139a93        0xd 
 .data          0x0000000000139aa0       0x62 obj/kernel/sys/math.o
 *fill*         0x0000000000139b02       0x1e 
 .data          0x0000000000139b20       0x31 obj/kernel/sys/panik.o
 *fill*         0x0000000000139b51        0xf 
 .data          0x0000000000139b60       0xcb obj/kernel/sys/printk.o
 .data          0x0000000000139c2b        0x0 obj/kernel/sys/scanf.o
 *fill*         0x0000000000139c2b       0x15 
 .data          0x0000000000139c40      0x158 obj/kernel/sys/stack.o
                0x0000000000139d90                __stack_chk_guard
 *fill*         0x0000000000139d98        0x8 
 .data          0x0000000000139da0      0x331 obj/kernel/sys/stdio.o
 .data          0x000000000013a0d1        0x0 obj/kernel/sys/symbols.o
 .data          0x000000000013a0d1        0x0 obj/kernel/sys/symbols_map.o
 *fill*         0x000000000013a0d1        0xf 
 .data          0x000000000013a0e0       0xf0 obj/kernel/sys/ubsan.o
                0x000000000013a180                Type_Check_Kinds

.got            0x000000000013a1d0        0x0
 .got           0x000000000013a1d0        0x0 obj/kernel/cpu/cpu.o

.got.plt        0x000000000013a1d0        0x0
 .got.plt       0x000000000013a1d0        0x0 obj/kernel/cpu/cpu.o

.igot.plt       0x000000000013a1d0        0x0
 .igot.plt      0x000000000013a1d0        0x0 obj/kernel/cpu/cpu.o

.ctors          0x000000000013a1d0       0x10
 .ctors         0x000000000013a1d0        0x8 obj/kernel/mm/pagetable.o
 .ctors         0x000000000013a1d8        0x8 obj/kernel/sys/printk.o

.rodata         0x000000000013b000     0x1c28
 *(.rodata)
 .rodata        0x000000000013b000      0x10e obj/kernel/demo.o
 *fill*         0x000000000013b10e        0x2 
 .rodata        0x000000000013b110      0x268 obj/kernel/dev/pci/pcidescriptor.o
 *fill*         0x000000000013b378        0x8 
 .rodata        0x000000000013b380       0x3a obj/kernel/dev/tty/kbd/keyboard.o
                0x000000000013b380                _ZN14QWERTYKeyboard10ASCIITableE
 *fill*         0x000000000013b3ba        0x6 
 .rodata        0x000000000013b3c0       0xb0 obj/kernel/sys/printk.o
 .rodata        0x000000000013b470       0xb0 obj/kernel/sys/stdio.o
 .rodata        0x000000000013b520     0x1708 obj/kernel/sys/symbols_map.o
                0x000000000013b520                symbols
                0x000000000013cc20                symbolCount

.rodata.str1.1  0x000000000013cc28     0x367f
 .rodata.str1.1
                0x000000000013cc28       0xa5 obj/kernel/cpu/cpu.o
 .rodata.str1.1
                0x000000000013cccd       0x6a obj/kernel/cpu/interrupts/interrupts.o
 .rodata.str1.1
                0x000000000013cd37       0x6d obj/kernel/demo.o
                                         0x6f (size before relaxing)
 .rodata.str1.1
                0x000000000013cda4       0x1d obj/kernel/dev/acpi/acpi.o
 .rodata.str1.1
                0x000000000013cdc1       0x39 obj/kernel/dev/ahci/ahci.o
 .rodata.str1.1
                0x000000000013cdfa       0x1a obj/kernel/dev/fb/gop.o
 .rodata.str1.1
                0x000000000013ce14       0x1b obj/kernel/dev/pci/pci.o
 .rodata.str1.1
                0x000000000013ce2f      0x493 obj/kernel/dev/pci/pcidescriptor.o
                                        0x4c3 (size before relaxing)
 .rodata.str1.1
                0x000000000013d2c2      0x221 obj/kernel/dev/tty/tty.o
                                        0x22d (size before relaxing)
 .rodata.str1.1
                0x000000000013d4e3       0xde obj/kernel/fs/fat/fat.o
                                         0xe2 (size before relaxing)
 .rodata.str1.1
                0x000000000013d5c1       0xd7 obj/kernel/fs/fs.o
 .rodata.str1.1
                0x000000000013d698       0x6e obj/kernel/fs/ustar/ustar.o
                                         0x73 (size before relaxing)
 .rodata.str1.1
                0x000000000013d706       0x16 obj/kernel/fs/vfs.o
 .rodata.str1.1
                0x000000000013d71c       0x37 obj/kernel/kernel.o
                                         0x3e (size before relaxing)
 .rodata.str1.1
                0x000000000013d753       0x5f obj/kernel/kutil.o
 .rodata.str1.1
                0x000000000013d7b2       0x19 obj/kernel/mm/bitmap.o
 .rodata.str1.1
                0x000000000013d7cb      0x10e obj/kernel/mm/efimem.o
 .rodata.str1.1
                0x000000000013d8d9       0x36 obj/kernel/mm/heap.o
                                         0x41 (size before relaxing)
 .rodata.str1.1
                0x000000000013d90f       0x19 obj/kernel/mm/memory.o
 .rodata.str1.1
                0x000000000013d928       0x1c obj/kernel/mm/pageframe.o
 .rodata.str1.1
                0x000000000013d944       0x1e obj/kernel/mm/pageindexer.o
 .rodata.str1.1
                0x000000000013d962       0x1c obj/kernel/mm/pagetable.o
 .rodata.str1.1
                0x000000000013d97e       0x19 obj/kernel/mm/paging.o
 .rodata.str1.1
                0x000000000013d997       0x19 obj/kernel/mm/string.o
 .rodata.str1.1
                0x000000000013d9b0       0x1a obj/kernel/mm/vmalloc.o
 .rodata.str1.1
                0x000000000013d9ca       0x4e obj/kernel/module/module.o
 .rodata.str1.1
                0x000000000013da18      0x119 obj/kernel/module/symbol.o
 .rodata.str1.1
                0x000000000013db31       0x1b obj/kernel/proc/thread.o
 .rodata.str1.1
                0x000000000013db4c       0x18 obj/kernel/sys/cstr.o
 .rodata.str1.1
                0x000000000013db64       0x55 obj/kernel/sys/icxxabi.o
 .rodata.str1.1
                0x000000000013dbb9       0x18 obj/kernel/sys/math.o
 .rodata.str1.1
                0x000000000013dbd1       0x94 obj/kernel/sys/panik.o
                                         0xac (size before relaxing)
 .rodata.str1.1
                0x000000000013dc65       0x1a obj/kernel/sys/printk.o
                                         0x1e (size before relaxing)
 .rodata.str1.1
                0x000000000013dc7f       0x71 obj/kernel/sys/stack.o
 .rodata.str1.1
                0x000000000013dcf0       0x19 obj/kernel/sys/stdio.o
 .rodata.str1.1
                0x000000000013dd09     0x24f9 obj/kernel/sys/symbols_map.o
                                       0x26aa (size before relaxing)
 .rodata.str1.1
                0x0000000000140202       0xa5 obj/kernel/sys/ubsan.o

.eh_frame       0x00000000001402a8     0x2e00
 .eh_frame      0x00000000001402a8       0xa8 obj/kernel/cpu/cpu.o
 .eh_frame      0x0000000000140350       0x28 obj/kernel/cpu/gdt.o
                                         0x40 (size before relaxing)
 .eh_frame      0x0000000000140378       0x70 obj/kernel/cpu/interrupts/idt.o
                                         0x88 (size before relaxing)
 .eh_frame      0x00000000001403e8      0x198 obj/kernel/cpu/interrupts/interrupts.o
                                        0x1b0 (size before relaxing)
 .eh_frame      0x0000000000140580      0x130 obj/kernel/demo.o
                                        0x148 (size before relaxing)
 .eh_frame      0x00000000001406b0       0x90 obj/kernel/dev/8259/pic.o
                                         0xa8 (size before relaxing)
 .eh_frame      0x0000000000140740       0x40 obj/kernel/dev/acpi/acpi.o
                                         0x58 (size before relaxing)
 .eh_frame      0x0000000000140780      0x220 obj/kernel/dev/ahci/ahci.o
                                        0x238 (size before relaxing)
 .eh_frame      0x00000000001409a0      0x330 obj/kernel/dev/fb/gop.o
                                        0x348 (size before relaxing)
 .eh_frame      0x0000000000140cd0      0x100 obj/kernel/dev/pci/pci.o
                                        0x118 (size before relaxing)
 .eh_frame      0x0000000000140dd0      0x128 obj/kernel/dev/pci/pcidescriptor.o
                                        0x140 (size before relaxing)
 .eh_frame      0x0000000000140ef8       0xb8 obj/kernel/dev/serial/serial.o
                                         0xd0 (size before relaxing)
 .eh_frame      0x0000000000140fb0      0x180 obj/kernel/dev/timer/pit/pit.o
                                        0x198 (size before relaxing)
 .eh_frame      0x0000000000141130       0xe8 obj/kernel/dev/tty/gpm/gpm.o
                                        0x100 (size before relaxing)
 .eh_frame      0x0000000000141218       0xa8 obj/kernel/dev/tty/kbd/keyboard.o
                                         0xc0 (size before relaxing)
 .eh_frame      0x00000000001412c0      0x1e0 obj/kernel/dev/tty/tty.o
                                        0x1f8 (size before relaxing)
 .eh_frame      0x00000000001414a0      0x1f8 obj/kernel/fs/fat/fat.o
                                        0x210 (size before relaxing)
 .eh_frame      0x0000000000141698      0x1a0 obj/kernel/fs/fs.o
                                        0x1b8 (size before relaxing)
 .eh_frame      0x0000000000141838      0x120 obj/kernel/fs/ustar/ustar.o
                                        0x138 (size before relaxing)
 .eh_frame      0x0000000000141958       0x98 obj/kernel/fs/vfs.o
                                         0xb0 (size before relaxing)
 .eh_frame      0x00000000001419f0       0xb8 obj/kernel/io/io.o
                                         0xd0 (size before relaxing)
 .eh_frame      0x0000000000141aa8       0x48 obj/kernel/kernel.o
                                         0x60 (size before relaxing)
 .eh_frame      0x0000000000141af0      0x168 obj/kernel/kutil.o
                                        0x180 (size before relaxing)
 .eh_frame      0x0000000000141c58       0xa0 obj/kernel/mm/bitmap.o
                                         0xb8 (size before relaxing)
 .eh_frame      0x0000000000141cf8      0x2b8 obj/kernel/mm/heap.o
                                        0x2d0 (size before relaxing)
 .eh_frame      0x0000000000141fb0       0xd0 obj/kernel/mm/memory.o
                                         0xe8 (size before relaxing)
 .eh_frame      0x0000000000142080      0x330 obj/kernel/mm/pageframe.o
                                        0x348 (size before relaxing)
 .eh_frame      0x00000000001423b0       0x38 obj/kernel/mm/pageindexer.o
                                         0x50 (size before relaxing)
 .eh_frame      0x00000000001423e8       0x90 obj/kernel/mm/pagetable.o
                                         0xa8 (size before relaxing)
 .eh_frame      0x0000000000142478      0x108 obj/kernel/mm/paging.o
                                        0x120 (size before relaxing)
 .eh_frame      0x0000000000142580      0x198 obj/kernel/mm/string.o
                                        0x1b0 (size before relaxing)
 .eh_frame      0x0000000000142718       0x38 obj/kernel/mm/vmalloc.o
                                         0x50 (size before relaxing)
 .eh_frame      0x0000000000142750       0xd0 obj/kernel/module/module.o
                                         0xe8 (size before relaxing)
 .eh_frame      0x0000000000142820       0x68 obj/kernel/module/symbol.o
                                         0x80 (size before relaxing)
 .eh_frame      0x0000000000142888       0x40 obj/kernel/proc/thread.o
                                         0x58 (size before relaxing)
 .eh_frame      0x00000000001428c8      0x1d8 obj/kernel/sys/cstr.o
                                        0x1f0 (size before relaxing)
 .eh_frame      0x0000000000142aa0       0x78 obj/kernel/sys/icxxabi.o
                                         0x90 (size before relaxing)
 .eh_frame      0x0000000000142b18       0x58 obj/kernel/sys/math.o
                                         0x70 (size before relaxing)
 .eh_frame      0x0000000000142b70       0x28 obj/kernel/sys/panik.o
                                         0x40 (size before relaxing)
 .eh_frame      0x0000000000142b98      0x158 obj/kernel/sys/printk.o
                                        0x170 (size before relaxing)
 .eh_frame      0x0000000000142cf0       0x58 obj/kernel/sys/stack.o
                                         0x70 (size before relaxing)
 .eh_frame      0x0000000000142d48      0x178 obj/kernel/sys/stdio.o
                                        0x190 (size before relaxing)
 .eh_frame      0x0000000000142ec0       0x28 obj/kernel/sys/symbols.o
                                         0x40 (size before relaxing)
 .eh_frame      0x0000000000142ee8      0x1c0 obj/kernel/sys/ubsan.o
                                        0x1d8 (size before relaxing)

.rodata.str1.8  0x00000000001430a8     0x1b8b
 .rodata.str1.8
                0x00000000001430a8       0x22 obj/kernel/cpu/interrupts/idt.o
 *fill*         0x00000000001430ca        0x6 
 .rodata.str1.8
                0x00000000001430d0       0x29 obj/kernel/cpu/interrupts/interrupts.o
 *fill*         0x00000000001430f9        0x7 
 .rodata.str1.8
                0x0000000000143100       0xde obj/kernel/demo.o
 *fill*         0x00000000001431de        0x2 
 .rodata.str1.8
                0x00000000001431e0       0x58 obj/kernel/dev/ahci/ahci.o
 .rodata.str1.8
                0x0000000000143238       0xb2 obj/kernel/dev/pci/pci.o
 *fill*         0x00000000001432ea        0x6 
 .rodata.str1.8
                0x00000000001432f0       0xf3 obj/kernel/dev/pci/pcidescriptor.o
 *fill*         0x00000000001433e3        0x5 
 .rodata.str1.8
                0x00000000001433e8       0x21 obj/kernel/dev/serial/serial.o
 *fill*         0x0000000000143409        0x7 
 .rodata.str1.8
                0x0000000000143410       0x21 obj/kernel/dev/timer/pit/pit.o
 *fill*         0x0000000000143431        0x7 
 .rodata.str1.8
                0x0000000000143438       0x1f obj/kernel/dev/tty/gpm/gpm.o
 *fill*         0x0000000000143457        0x1 
 .rodata.str1.8
                0x0000000000143458       0x24 obj/kernel/dev/tty/kbd/keyboard.o
 *fill*         0x000000000014347c        0x4 
 .rodata.str1.8
                0x0000000000143480      0x269 obj/kernel/dev/tty/tty.o
 *fill*         0x00000000001436e9        0x7 
 .rodata.str1.8
                0x00000000001436f0       0xd8 obj/kernel/fs/fat/fat.o
 .rodata.str1.8
                0x00000000001437c8       0x4c obj/kernel/fs/fs.o
 *fill*         0x0000000000143814        0x4 
 .rodata.str1.8
                0x0000000000143818       0x21 obj/kernel/fs/ustar/ustar.o
 *fill*         0x0000000000143839        0x7 
 .rodata.str1.8
                0x0000000000143840      0x1b6 obj/kernel/kernel.o
 *fill*         0x00000000001439f6        0x2 
 .rodata.str1.8
                0x00000000001439f8      0x112 obj/kernel/kutil.o
 *fill*         0x0000000000143b0a        0x6 
 .rodata.str1.8
                0x0000000000143b10      0x1a9 obj/kernel/module/module.o
 *fill*         0x0000000000143cb9        0x7 
 .rodata.str1.8
                0x0000000000143cc0       0x1f obj/kernel/module/symbol.o
 *fill*         0x0000000000143cdf        0x1 
 .rodata.str1.8
                0x0000000000143ce0       0x25 obj/kernel/sys/panik.o
 *fill*         0x0000000000143d05        0x3 
 .rodata.str1.8
                0x0000000000143d08       0x3e obj/kernel/sys/stack.o
 *fill*         0x0000000000143d46        0x2 
 .rodata.str1.8
                0x0000000000143d48      0xeeb obj/kernel/sys/symbols_map.o

.rodata.cst8    0x0000000000144c38       0x70
 .rodata.cst8   0x0000000000144c38       0x48 obj/kernel/demo.o
 .rodata.cst8   0x0000000000144c80       0x10 obj/kernel/dev/timer/pit/pit.o
                                         0x18 (size before relaxing)
 .rodata.cst8   0x0000000000144c90        0x8 obj/kernel/dev/tty/tty.o
 .rodata.cst8   0x0000000000144c98        0x8 obj/kernel/sys/cstr.o
 .rodata.cst8   0x0000000000144ca0        0x8 obj/kernel/sys/math.o
                                         0x10 (size before relaxing)

.rodata.cst16   0x0000000000144cb0       0x40
 .rodata.cst16  0x0000000000144cb0       0x40 obj/kernel/demo.o
 .rodata.cst16  0x0000000000144cf0       0x10 obj/kernel/sys/cstr.o

.rela.dyn       0x0000000000144cf0        0x0
 .rela.got      0x0000000000144cf0        0x0 obj/kernel/cpu/cpu.o
 .rela.iplt     0x0000000000144cf0        0x0 obj/kernel/cpu/cpu.o
 .rela.text     0x0000000000144cf0        0x0 obj/kernel/cpu/cpu.o

.bss            0x0000000000145000     0x5170
 *(COMMON)
 *(.bss)
 .bss           0x0000000000145000        0x4 obj/kernel/cpu/cpu.o
                0x0000000000145000                _ZN3CPU6vendorE
 *fill*         0x0000000000145004        0xc 
 .bss           0x0000000000145010       0x18 obj/kernel/cpu/gdt.o
                0x0000000000145010                tss
 .bss           0x0000000000145028        0x0 obj/kernel/cpu/interrupts/idt.o
 .bss           0x0000000000145028        0x0 obj/kernel/cpu/interrupts/interrupts.o
 .bss           0x0000000000145028        0x0 obj/kernel/demo.o
 .bss           0x0000000000145028        0x0 obj/kernel/dev/8259/pic.o
 .bss           0x0000000000145028        0x0 obj/kernel/dev/acpi/acpi.o
 .bss           0x0000000000145028        0x0 obj/kernel/dev/ahci/ahci.o
 .bss           0x0000000000145028        0x0 obj/kernel/dev/fb/gop.o
 .bss           0x0000000000145028        0x0 obj/kernel/dev/pci/pci.o
 .bss           0x0000000000145028        0x0 obj/kernel/dev/pci/pcidescriptor.o
 .bss           0x0000000000145028        0x4 obj/kernel/dev/serial/serial.o
                0x0000000000145028                port
 *fill*         0x000000000014502c        0x4 
 .bss           0x0000000000145030        0x8 obj/kernel/dev/timer/pit/pit.o
                0x0000000000145030                _ZN3PIT13TimeSinceBootE
 .bss           0x0000000000145038       0x16 obj/kernel/dev/tty/gpm/gpm.o
                0x0000000000145038                mouse_position_old
                0x0000000000145040                mouse_position
                0x0000000000145048                mouse_packet_ready
                0x0000000000145049                mouse_packet
                0x000000000014504d                mouse_cycle
 .bss           0x000000000014504e        0x2 obj/kernel/dev/tty/kbd/keyboard.o
                0x000000000014504e                rshift_pressed
                0x000000000014504f                lshift_pressed
 .bss           0x0000000000145050        0x9 obj/kernel/dev/tty/tty.o
                0x0000000000145050                GlobalTTY
 *fill*         0x0000000000145059        0x3 
 .bss           0x000000000014505c       0x24 obj/kernel/fs/fat/fat.o
                0x000000000014505c                _ZN3FAT16the_root_clusterE
                0x0000000000145060                _ZN3FAT23first_sector_of_clusterE
                0x0000000000145064                _ZN3FAT14total_clustersE
                0x0000000000145068                _ZN3FAT12data_sectorsE
                0x000000000014506c                _ZN3FAT16first_fat_sectorE
                0x0000000000145070                _ZN3FAT17first_data_sectorE
                0x0000000000145074                _ZN3FAT16root_dir_sectorsE
                0x0000000000145078                _ZN3FAT8fat_sizeE
                0x000000000014507c                _ZN3FAT13total_sectorsE
 .bss           0x0000000000145080        0x8 obj/kernel/fs/fs.o
                0x0000000000145080                GlobalFSManager
 *fill*         0x0000000000145088       0x18 
 .bss           0x00000000001450a0     0x3801 obj/kernel/fs/ustar/ustar.o
                0x00000000001450a0                _ZN5USTAR5filesE
 *fill*         0x00000000001488a1        0x7 
 .bss           0x00000000001488a8       0x10 obj/kernel/fs/vfs.o
                0x00000000001488a8                stdlog
                0x00000000001488b0                stdout
 .bss           0x00000000001488b8        0x0 obj/kernel/io/io.o
 .bss           0x00000000001488b8        0x0 obj/kernel/kernel.o
 *fill*         0x00000000001488b8        0x8 
 .bss           0x00000000001488c0       0x28 obj/kernel/kutil.o
                0x00000000001488c0                idtr
                0x00000000001488d0                kInfo
 .bss           0x00000000001488e8        0x0 obj/kernel/mm/bitmap.o
 .bss           0x00000000001488e8        0x0 obj/kernel/mm/efimem.o
 .bss           0x00000000001488e8       0x18 obj/kernel/mm/heap.o
                0x00000000001488e8                lastHeader
                0x00000000001488f0                heapEnd
                0x00000000001488f8                heapStart
 .bss           0x0000000000148900        0x8 obj/kernel/mm/memory.o
 *fill*         0x0000000000148908        0x8 
 .bss           0x0000000000148910       0x40 obj/kernel/mm/pageframe.o
                0x0000000000148910                page_bitmap_index
                0x0000000000148920                GlobalAllocator
                0x0000000000148930                initialized
                0x0000000000148938                used_memory
                0x0000000000148940                reserved_memory
                0x0000000000148948                free_memory
 .bss           0x0000000000148950        0x0 obj/kernel/mm/pageindexer.o
 .bss           0x0000000000148950        0x8 obj/kernel/mm/pagetable.o
                0x0000000000148950                GlobalPageTableManager
 .bss           0x0000000000148958        0x0 obj/kernel/mm/paging.o
 .bss           0x0000000000148958        0x8 obj/kernel/mm/string.o
 .bss           0x0000000000148960        0x0 obj/kernel/mm/vmalloc.o
 .bss           0x0000000000148960        0x0 obj/kernel/module/main.o
 .bss           0x0000000000148960        0x8 obj/kernel/module/module.o
                0x0000000000148960                GlobalModuleManager
 *fill*         0x0000000000148968        0x8 
 .bss           0x0000000000148970       0x18 obj/kernel/module/symbol.o
                0x0000000000148970                KRNLSYMTABLE
 .bss           0x0000000000148988        0x0 obj/kernel/proc/thread.o
 *fill*         0x0000000000148988       0x18 
 .bss           0x00000000001489a0      0x380 obj/kernel/sys/cstr.o
                0x00000000001489a0                doubleTo_StringOutput
                0x0000000000148a20                intTo_StringOutput
                0x0000000000148aa0                hexTo_StringOutput8
                0x0000000000148b20                hexTo_StringOutput16
                0x0000000000148ba0                hexTo_StringOutput32
                0x0000000000148c20                hexTo_StringOutput
                0x0000000000148ca0                uintTo_StringOutput
 .bss           0x0000000000148d20      0xc20 obj/kernel/sys/icxxabi.o
                0x0000000000148d20                __dso_handle
                0x0000000000148d28                __atexit_func_count
                0x0000000000148d40                __atexit_funcs
 .bss           0x0000000000149940        0x0 obj/kernel/sys/math.o
 .bss           0x0000000000149940        0x0 obj/kernel/sys/panik.o
 .bss           0x0000000000149940      0x830 obj/kernel/sys/printk.o
                0x0000000000149940                GlobalRenderer
 .bss           0x000000000014a170        0x0 obj/kernel/sys/scanf.o
 .bss           0x000000000014a170        0x0 obj/kernel/sys/stack.o
 .bss           0x000000000014a170        0x0 obj/kernel/sys/stdio.o
 .bss           0x000000000014a170        0x0 obj/kernel/sys/symbols.o
 .bss           0x000000000014a170        0x0 obj/kernel/sys/symbols_map.o
 .bss           0x000000000014a170        0x0 obj/kernel/sys/ubsan.o
                0x000000000014a170                kernel_end = .
OUTPUT(bin/kernel.elf elf64-x86-64)

.debug_info     0x0000000000000000    0x2c437
 .debug_info    0x0000000000000000      0x636 obj/kernel/cpu/cpu.o
 .debug_info    0x0000000000000636      0x29f obj/kernel/cpu/gdt.o
 .debug_info    0x00000000000008d5      0x36f obj/kernel/cpu/interrupts/idt.o
 .debug_info    0x0000000000000c44      0x48f obj/kernel/cpu/interrupts/interrupts.o
 .debug_info    0x00000000000010d3     0x280a obj/kernel/demo.o
 .debug_info    0x00000000000038dd      0x3b9 obj/kernel/dev/8259/pic.o
 .debug_info    0x0000000000003c96      0x486 obj/kernel/dev/acpi/acpi.o
 .debug_info    0x000000000000411c     0x33c4 obj/kernel/dev/ahci/ahci.o
 .debug_info    0x00000000000074e0     0x3383 obj/kernel/dev/fb/gop.o
 .debug_info    0x000000000000a863     0x1d03 obj/kernel/dev/pci/pci.o
 .debug_info    0x000000000000c566      0x4db obj/kernel/dev/pci/pcidescriptor.o
 .debug_info    0x000000000000ca41      0x4ef obj/kernel/dev/serial/serial.o
 .debug_info    0x000000000000cf30      0x49f obj/kernel/dev/timer/pit/pit.o
 .debug_info    0x000000000000d3cf      0xc50 obj/kernel/dev/tty/gpm/gpm.o
 .debug_info    0x000000000000e01f      0x66c obj/kernel/dev/tty/kbd/keyboard.o
 .debug_info    0x000000000000e68b     0x275b obj/kernel/dev/tty/tty.o
 .debug_info    0x0000000000010de6     0x3654 obj/kernel/fs/fat/fat.o
 .debug_info    0x000000000001443a     0x2fad obj/kernel/fs/fs.o
 .debug_info    0x00000000000173e7     0x1033 obj/kernel/fs/ustar/ustar.o
 .debug_info    0x000000000001841a      0x459 obj/kernel/fs/vfs.o
 .debug_info    0x0000000000018873      0x254 obj/kernel/io/io.o
 .debug_info    0x0000000000018ac7      0xd27 obj/kernel/kernel.o
 .debug_info    0x00000000000197ee     0x2d2c obj/kernel/kutil.o
 .debug_info    0x000000000001c51a      0x662 obj/kernel/mm/bitmap.o
 .debug_info    0x000000000001cb7c       0xa6 obj/kernel/mm/efimem.o
 .debug_info    0x000000000001cc22     0x2a62 obj/kernel/mm/heap.o
 .debug_info    0x000000000001f684      0x59d obj/kernel/mm/memory.o
 .debug_info    0x000000000001fc21     0x2ce8 obj/kernel/mm/pageframe.o
 .debug_info    0x0000000000022909      0x221 obj/kernel/mm/pageindexer.o
 .debug_info    0x0000000000022b2a      0xf8c obj/kernel/mm/pagetable.o
 .debug_info    0x0000000000023ab6      0x4ab obj/kernel/mm/paging.o
 .debug_info    0x0000000000023f61      0xd45 obj/kernel/mm/string.o
 .debug_info    0x0000000000024ca6      0x6b8 obj/kernel/mm/vmalloc.o
 .debug_info    0x000000000002535e       0x75 obj/kernel/module/main.o
 .debug_info    0x00000000000253d3      0xba1 obj/kernel/module/module.o
 .debug_info    0x0000000000025f74      0x4a1 obj/kernel/module/symbol.o
 .debug_info    0x0000000000026415      0x687 obj/kernel/proc/thread.o
 .debug_info    0x0000000000026a9c     0x2448 obj/kernel/sys/cstr.o
 .debug_info    0x0000000000028ee4      0x6b7 obj/kernel/sys/icxxabi.o
 .debug_info    0x000000000002959b      0x1f6 obj/kernel/sys/math.o
 .debug_info    0x0000000000029791      0x5e9 obj/kernel/sys/panik.o
 .debug_info    0x0000000000029d7a      0xf45 obj/kernel/sys/printk.o
 .debug_info    0x000000000002acbf       0x71 obj/kernel/sys/scanf.o
 .debug_info    0x000000000002ad30      0x479 obj/kernel/sys/stack.o
 .debug_info    0x000000000002b1a9      0xcff obj/kernel/sys/stdio.o
 .debug_info    0x000000000002bea8      0x129 obj/kernel/sys/symbols.o
 .debug_info    0x000000000002bfd1      0x10c obj/kernel/sys/symbols_map.o
 .debug_info    0x000000000002c0dd      0x35a obj/kernel/sys/ubsan.o

.debug_abbrev   0x0000000000000000     0x6bbf
 .debug_abbrev  0x0000000000000000      0x251 obj/kernel/cpu/cpu.o
 .debug_abbrev  0x0000000000000251      0x12a obj/kernel/cpu/gdt.o
 .debug_abbrev  0x000000000000037b      0x138 obj/kernel/cpu/interrupts/idt.o
 .debug_abbrev  0x00000000000004b3      0x16f obj/kernel/cpu/interrupts/interrupts.o
 .debug_abbrev  0x0000000000000622      0x47c obj/kernel/demo.o
 .debug_abbrev  0x0000000000000a9e       0xf1 obj/kernel/dev/8259/pic.o
 .debug_abbrev  0x0000000000000b8f      0x141 obj/kernel/dev/acpi/acpi.o
 .debug_abbrev  0x0000000000000cd0      0x4d2 obj/kernel/dev/ahci/ahci.o
 .debug_abbrev  0x00000000000011a2      0x305 obj/kernel/dev/fb/gop.o
 .debug_abbrev  0x00000000000014a7      0x451 obj/kernel/dev/pci/pci.o
 .debug_abbrev  0x00000000000018f8      0x161 obj/kernel/dev/pci/pcidescriptor.o
 .debug_abbrev  0x0000000000001a59      0x217 obj/kernel/dev/serial/serial.o
 .debug_abbrev  0x0000000000001c70      0x21b obj/kernel/dev/timer/pit/pit.o
 .debug_abbrev  0x0000000000001e8b      0x355 obj/kernel/dev/tty/gpm/gpm.o
 .debug_abbrev  0x00000000000021e0      0x235 obj/kernel/dev/tty/kbd/keyboard.o
 .debug_abbrev  0x0000000000002415      0x520 obj/kernel/dev/tty/tty.o
 .debug_abbrev  0x0000000000002935      0x3e1 obj/kernel/fs/fat/fat.o
 .debug_abbrev  0x0000000000002d16      0x428 obj/kernel/fs/fs.o
 .debug_abbrev  0x000000000000313e      0x260 obj/kernel/fs/ustar/ustar.o
 .debug_abbrev  0x000000000000339e      0x16d obj/kernel/fs/vfs.o
 .debug_abbrev  0x000000000000350b      0x12b obj/kernel/io/io.o
 .debug_abbrev  0x0000000000003636      0x2b1 obj/kernel/kernel.o
 .debug_abbrev  0x00000000000038e7      0x5d1 obj/kernel/kutil.o
 .debug_abbrev  0x0000000000003eb8      0x1ea obj/kernel/mm/bitmap.o
 .debug_abbrev  0x00000000000040a2       0x71 obj/kernel/mm/efimem.o
 .debug_abbrev  0x0000000000004113      0x382 obj/kernel/mm/heap.o
 .debug_abbrev  0x0000000000004495      0x1a4 obj/kernel/mm/memory.o
 .debug_abbrev  0x0000000000004639      0x362 obj/kernel/mm/pageframe.o
 .debug_abbrev  0x000000000000499b      0x124 obj/kernel/mm/pageindexer.o
 .debug_abbrev  0x0000000000004abf      0x385 obj/kernel/mm/pagetable.o
 .debug_abbrev  0x0000000000004e44      0x18c obj/kernel/mm/paging.o
 .debug_abbrev  0x0000000000004fd0      0x1b5 obj/kernel/mm/string.o
 .debug_abbrev  0x0000000000005185      0x27b obj/kernel/mm/vmalloc.o
 .debug_abbrev  0x0000000000005400       0x4d obj/kernel/module/main.o
 .debug_abbrev  0x000000000000544d      0x2f8 obj/kernel/module/module.o
 .debug_abbrev  0x0000000000005745      0x1d5 obj/kernel/module/symbol.o
 .debug_abbrev  0x000000000000591a      0x205 obj/kernel/proc/thread.o
 .debug_abbrev  0x0000000000005b1f      0x1c1 obj/kernel/sys/cstr.o
 .debug_abbrev  0x0000000000005ce0      0x16b obj/kernel/sys/icxxabi.o
 .debug_abbrev  0x0000000000005e4b       0xc9 obj/kernel/sys/math.o
 .debug_abbrev  0x0000000000005f14      0x1d5 obj/kernel/sys/panik.o
 .debug_abbrev  0x00000000000060e9      0x3dd obj/kernel/sys/printk.o
 .debug_abbrev  0x00000000000064c6       0x2d obj/kernel/sys/scanf.o
 .debug_abbrev  0x00000000000064f3      0x1cd obj/kernel/sys/stack.o
 .debug_abbrev  0x00000000000066c0      0x24a obj/kernel/sys/stdio.o
 .debug_abbrev  0x000000000000690a       0xbc obj/kernel/sys/symbols.o
 .debug_abbrev  0x00000000000069c6       0xb5 obj/kernel/sys/symbols_map.o
 .debug_abbrev  0x0000000000006a7b      0x144 obj/kernel/sys/ubsan.o

.debug_loclists
                0x0000000000000000     0xc1e8
 .debug_loclists
                0x0000000000000000       0x5b obj/kernel/cpu/cpu.o
 .debug_loclists
                0x000000000000005b      0x140 obj/kernel/cpu/interrupts/idt.o
 .debug_loclists
                0x000000000000019b       0x20 obj/kernel/cpu/interrupts/interrupts.o
 .debug_loclists
                0x00000000000001bb      0x95a obj/kernel/demo.o
 .debug_loclists
                0x0000000000000b15       0x3e obj/kernel/dev/8259/pic.o
 .debug_loclists
                0x0000000000000b53      0x133 obj/kernel/dev/acpi/acpi.o
 .debug_loclists
                0x0000000000000c86      0x809 obj/kernel/dev/ahci/ahci.o
 .debug_loclists
                0x000000000000148f     0x140c obj/kernel/dev/fb/gop.o
 .debug_loclists
                0x000000000000289b      0x944 obj/kernel/dev/pci/pci.o
 .debug_loclists
                0x00000000000031df      0x26b obj/kernel/dev/pci/pcidescriptor.o
 .debug_loclists
                0x000000000000344a       0xfd obj/kernel/dev/serial/serial.o
 .debug_loclists
                0x0000000000003547      0x109 obj/kernel/dev/timer/pit/pit.o
 .debug_loclists
                0x0000000000003650      0x170 obj/kernel/dev/tty/gpm/gpm.o
 .debug_loclists
                0x00000000000037c0      0x2b9 obj/kernel/dev/tty/kbd/keyboard.o
 .debug_loclists
                0x0000000000003a79      0x352 obj/kernel/dev/tty/tty.o
 .debug_loclists
                0x0000000000003dcb     0x1068 obj/kernel/fs/fat/fat.o
 .debug_loclists
                0x0000000000004e33      0x7de obj/kernel/fs/fs.o
 .debug_loclists
                0x0000000000005611      0x40b obj/kernel/fs/ustar/ustar.o
 .debug_loclists
                0x0000000000005a1c      0x1c1 obj/kernel/fs/vfs.o
 .debug_loclists
                0x0000000000005bdd       0xab obj/kernel/io/io.o
 .debug_loclists
                0x0000000000005c88       0x39 obj/kernel/kernel.o
 .debug_loclists
                0x0000000000005cc1      0x79c obj/kernel/kutil.o
 .debug_loclists
                0x000000000000645d      0x22a obj/kernel/mm/bitmap.o
 .debug_loclists
                0x0000000000006687      0xa34 obj/kernel/mm/heap.o
 .debug_loclists
                0x00000000000070bb      0x2ae obj/kernel/mm/memory.o
 .debug_loclists
                0x0000000000007369     0x1839 obj/kernel/mm/pageframe.o
 .debug_loclists
                0x0000000000008ba2       0xdd obj/kernel/mm/pageindexer.o
 .debug_loclists
                0x0000000000008c7f      0x256 obj/kernel/mm/pagetable.o
 .debug_loclists
                0x0000000000008ed5      0x25e obj/kernel/mm/paging.o
 .debug_loclists
                0x0000000000009133      0x76b obj/kernel/mm/string.o
 .debug_loclists
                0x000000000000989e       0xb1 obj/kernel/mm/vmalloc.o
 .debug_loclists
                0x000000000000994f      0x160 obj/kernel/module/module.o
 .debug_loclists
                0x0000000000009aaf       0x91 obj/kernel/module/symbol.o
 .debug_loclists
                0x0000000000009b40       0x7a obj/kernel/proc/thread.o
 .debug_loclists
                0x0000000000009bba     0x181f obj/kernel/sys/cstr.o
 .debug_loclists
                0x000000000000b3d9      0x104 obj/kernel/sys/icxxabi.o
 .debug_loclists
                0x000000000000b4dd      0x234 obj/kernel/sys/math.o
 .debug_loclists
                0x000000000000b711       0x82 obj/kernel/sys/panik.o
 .debug_loclists
                0x000000000000b793      0x3f7 obj/kernel/sys/printk.o
 .debug_loclists
                0x000000000000bb8a       0xb1 obj/kernel/sys/stack.o
 .debug_loclists
                0x000000000000bc3b      0x4cd obj/kernel/sys/stdio.o
 .debug_loclists
                0x000000000000c108       0x1e obj/kernel/sys/symbols.o
 .debug_loclists
                0x000000000000c126       0xc2 obj/kernel/sys/ubsan.o

.debug_aranges  0x0000000000000000      0x9b0
 .debug_aranges
                0x0000000000000000       0x40 obj/kernel/cpu/cpu.o
 .debug_aranges
                0x0000000000000040       0x30 obj/kernel/cpu/gdt.o
 .debug_aranges
                0x0000000000000070       0x30 obj/kernel/cpu/interrupts/idt.o
 .debug_aranges
                0x00000000000000a0       0x30 obj/kernel/cpu/interrupts/interrupts.o
 .debug_aranges
                0x00000000000000d0       0x30 obj/kernel/demo.o
 .debug_aranges
                0x0000000000000100       0x30 obj/kernel/dev/8259/pic.o
 .debug_aranges
                0x0000000000000130       0x30 obj/kernel/dev/acpi/acpi.o
 .debug_aranges
                0x0000000000000160       0x30 obj/kernel/dev/ahci/ahci.o
 .debug_aranges
                0x0000000000000190       0x40 obj/kernel/dev/fb/gop.o
 .debug_aranges
                0x00000000000001d0       0x30 obj/kernel/dev/pci/pci.o
 .debug_aranges
                0x0000000000000200       0x30 obj/kernel/dev/pci/pcidescriptor.o
 .debug_aranges
                0x0000000000000230       0x30 obj/kernel/dev/serial/serial.o
 .debug_aranges
                0x0000000000000260       0x40 obj/kernel/dev/timer/pit/pit.o
 .debug_aranges
                0x00000000000002a0       0x40 obj/kernel/dev/tty/gpm/gpm.o
 .debug_aranges
                0x00000000000002e0       0x40 obj/kernel/dev/tty/kbd/keyboard.o
 .debug_aranges
                0x0000000000000320       0x40 obj/kernel/dev/tty/tty.o
 .debug_aranges
                0x0000000000000360       0x40 obj/kernel/fs/fat/fat.o
 .debug_aranges
                0x00000000000003a0       0x40 obj/kernel/fs/fs.o
 .debug_aranges
                0x00000000000003e0       0x30 obj/kernel/fs/ustar/ustar.o
 .debug_aranges
                0x0000000000000410       0x30 obj/kernel/fs/vfs.o
 .debug_aranges
                0x0000000000000440       0x30 obj/kernel/io/io.o
 .debug_aranges
                0x0000000000000470       0x40 obj/kernel/kernel.o
 .debug_aranges
                0x00000000000004b0       0x40 obj/kernel/kutil.o
 .debug_aranges
                0x00000000000004f0       0x30 obj/kernel/mm/bitmap.o
 .debug_aranges
                0x0000000000000520       0x20 obj/kernel/mm/efimem.o
 .debug_aranges
                0x0000000000000540       0x40 obj/kernel/mm/heap.o
 .debug_aranges
                0x0000000000000580       0x30 obj/kernel/mm/memory.o
 .debug_aranges
                0x00000000000005b0       0x40 obj/kernel/mm/pageframe.o
 .debug_aranges
                0x00000000000005f0       0x30 obj/kernel/mm/pageindexer.o
 .debug_aranges
                0x0000000000000620       0x40 obj/kernel/mm/pagetable.o
 .debug_aranges
                0x0000000000000660       0x40 obj/kernel/mm/paging.o
 .debug_aranges
                0x00000000000006a0       0x30 obj/kernel/mm/string.o
 .debug_aranges
                0x00000000000006d0       0x30 obj/kernel/mm/vmalloc.o
 .debug_aranges
                0x0000000000000700       0x20 obj/kernel/module/main.o
 .debug_aranges
                0x0000000000000720       0x30 obj/kernel/module/module.o
 .debug_aranges
                0x0000000000000750       0x30 obj/kernel/module/symbol.o
 .debug_aranges
                0x0000000000000780       0x30 obj/kernel/proc/thread.o
 .debug_aranges
                0x00000000000007b0       0x30 obj/kernel/sys/cstr.o
 .debug_aranges
                0x00000000000007e0       0x30 obj/kernel/sys/icxxabi.o
 .debug_aranges
                0x0000000000000810       0x30 obj/kernel/sys/math.o
 .debug_aranges
                0x0000000000000840       0x30 obj/kernel/sys/panik.o
 .debug_aranges
                0x0000000000000870       0x40 obj/kernel/sys/printk.o
 .debug_aranges
                0x00000000000008b0       0x20 obj/kernel/sys/scanf.o
 .debug_aranges
                0x00000000000008d0       0x30 obj/kernel/sys/stack.o
 .debug_aranges
                0x0000000000000900       0x30 obj/kernel/sys/stdio.o
 .debug_aranges
                0x0000000000000930       0x30 obj/kernel/sys/symbols.o
 .debug_aranges
                0x0000000000000960       0x20 obj/kernel/sys/symbols_map.o
 .debug_aranges
                0x0000000000000980       0x30 obj/kernel/sys/ubsan.o

.debug_rnglists
                0x0000000000000000     0x1f63
 .debug_rnglists
                0x0000000000000000       0x50 obj/kernel/cpu/cpu.o
 .debug_rnglists
                0x0000000000000050      0x684 obj/kernel/demo.o
 .debug_rnglists
                0x00000000000006d4       0x4d obj/kernel/dev/acpi/acpi.o
 .debug_rnglists
                0x0000000000000721       0xcf obj/kernel/dev/ahci/ahci.o
 .debug_rnglists
                0x00000000000007f0      0x302 obj/kernel/dev/fb/gop.o
 .debug_rnglists
                0x0000000000000af2      0x128 obj/kernel/dev/pci/pci.o
 .debug_rnglists
                0x0000000000000c1a       0x4b obj/kernel/dev/pci/pcidescriptor.o
 .debug_rnglists
                0x0000000000000c65       0x3c obj/kernel/dev/serial/serial.o
 .debug_rnglists
                0x0000000000000ca1       0xb0 obj/kernel/dev/timer/pit/pit.o
 .debug_rnglists
                0x0000000000000d51       0x95 obj/kernel/dev/tty/gpm/gpm.o
 .debug_rnglists
                0x0000000000000de6       0xd0 obj/kernel/dev/tty/kbd/keyboard.o
 .debug_rnglists
                0x0000000000000eb6       0x66 obj/kernel/dev/tty/tty.o
 .debug_rnglists
                0x0000000000000f1c      0x278 obj/kernel/fs/fat/fat.o
 .debug_rnglists
                0x0000000000001194      0x12a obj/kernel/fs/fs.o
 .debug_rnglists
                0x00000000000012be       0x93 obj/kernel/fs/ustar/ustar.o
 .debug_rnglists
                0x0000000000001351       0x38 obj/kernel/fs/vfs.o
 .debug_rnglists
                0x0000000000001389       0x38 obj/kernel/kernel.o
 .debug_rnglists
                0x00000000000013c1      0x119 obj/kernel/kutil.o
 .debug_rnglists
                0x00000000000014da       0x1b obj/kernel/mm/bitmap.o
 .debug_rnglists
                0x00000000000014f5      0x22d obj/kernel/mm/heap.o
 .debug_rnglists
                0x0000000000001722       0x3b obj/kernel/mm/memory.o
 .debug_rnglists
                0x000000000000175d      0x3dd obj/kernel/mm/pageframe.o
 .debug_rnglists
                0x0000000000001b3a       0x48 obj/kernel/mm/pagetable.o
 .debug_rnglists
                0x0000000000001b82       0x4d obj/kernel/mm/paging.o
 .debug_rnglists
                0x0000000000001bcf       0x5c obj/kernel/mm/string.o
 .debug_rnglists
                0x0000000000001c2b       0x20 obj/kernel/mm/vmalloc.o
 .debug_rnglists
                0x0000000000001c4b       0x60 obj/kernel/module/module.o
 .debug_rnglists
                0x0000000000001cab       0x1c obj/kernel/module/symbol.o
 .debug_rnglists
                0x0000000000001cc7      0x148 obj/kernel/sys/cstr.o
 .debug_rnglists
                0x0000000000001e0f       0x16 obj/kernel/sys/math.o
 .debug_rnglists
                0x0000000000001e25       0xc0 obj/kernel/sys/printk.o
 .debug_rnglists
                0x0000000000001ee5       0x2c obj/kernel/sys/stack.o
 .debug_rnglists
                0x0000000000001f11       0x52 obj/kernel/sys/stdio.o

.debug_line     0x0000000000000000     0xcf3d
 .debug_line    0x0000000000000000      0x18e obj/kernel/cpu/cpu.o
 .debug_line    0x000000000000018e       0x8d obj/kernel/cpu/gdt.o
 .debug_line    0x000000000000021b       0xed obj/kernel/cpu/interrupts/idt.o
 .debug_line    0x0000000000000308      0x198 obj/kernel/cpu/interrupts/interrupts.o
 .debug_line    0x00000000000004a0      0xd2d obj/kernel/demo.o
 .debug_line    0x00000000000011cd      0x188 obj/kernel/dev/8259/pic.o
 .debug_line    0x0000000000001355      0x16b obj/kernel/dev/acpi/acpi.o
 .debug_line    0x00000000000014c0      0xaad obj/kernel/dev/ahci/ahci.o
 .debug_line    0x0000000000001f6d      0xfaf obj/kernel/dev/fb/gop.o
 .debug_line    0x0000000000002f1c      0x69b obj/kernel/dev/pci/pci.o
 .debug_line    0x00000000000035b7      0x502 obj/kernel/dev/pci/pcidescriptor.o
 .debug_line    0x0000000000003ab9      0x258 obj/kernel/dev/serial/serial.o
 .debug_line    0x0000000000003d11      0x26e obj/kernel/dev/timer/pit/pit.o
 .debug_line    0x0000000000003f7f      0x47f obj/kernel/dev/tty/gpm/gpm.o
 .debug_line    0x00000000000043fe      0x225 obj/kernel/dev/tty/kbd/keyboard.o
 .debug_line    0x0000000000004623      0x785 obj/kernel/dev/tty/tty.o
 .debug_line    0x0000000000004da8      0xfca obj/kernel/fs/fat/fat.o
 .debug_line    0x0000000000005d72      0x964 obj/kernel/fs/fs.o
 .debug_line    0x00000000000066d6      0x5da obj/kernel/fs/ustar/ustar.o
 .debug_line    0x0000000000006cb0      0x1ba obj/kernel/fs/vfs.o
 .debug_line    0x0000000000006e6a       0xfa obj/kernel/io/io.o
 .debug_line    0x0000000000006f64      0x1ae obj/kernel/kernel.o
 .debug_line    0x0000000000007112      0x774 obj/kernel/kutil.o
 .debug_line    0x0000000000007886      0x1d1 obj/kernel/mm/bitmap.o
 .debug_line    0x0000000000007a57       0x43 obj/kernel/mm/efimem.o
 .debug_line    0x0000000000007a9a      0xca0 obj/kernel/mm/heap.o
 .debug_line    0x000000000000873a      0x26d obj/kernel/mm/memory.o
 .debug_line    0x00000000000089a7      0xf75 obj/kernel/mm/pageframe.o
 .debug_line    0x000000000000991c       0xd0 obj/kernel/mm/pageindexer.o
 .debug_line    0x00000000000099ec      0x349 obj/kernel/mm/pagetable.o
 .debug_line    0x0000000000009d35      0x191 obj/kernel/mm/paging.o
 .debug_line    0x0000000000009ec6      0x59f obj/kernel/mm/string.o
 .debug_line    0x000000000000a465      0x148 obj/kernel/mm/vmalloc.o
 .debug_line    0x000000000000a5ad       0x47 obj/kernel/module/main.o
 .debug_line    0x000000000000a5f4      0x2d0 obj/kernel/module/module.o
 .debug_line    0x000000000000a8c4      0x17c obj/kernel/module/symbol.o
 .debug_line    0x000000000000aa40       0xfe obj/kernel/proc/thread.o
 .debug_line    0x000000000000ab3e     0x1311 obj/kernel/sys/cstr.o
 .debug_line    0x000000000000be4f      0x256 obj/kernel/sys/icxxabi.o
 .debug_line    0x000000000000c0a5      0x23f obj/kernel/sys/math.o
 .debug_line    0x000000000000c2e4       0xf9 obj/kernel/sys/panik.o
 .debug_line    0x000000000000c3dd      0x450 obj/kernel/sys/printk.o
 .debug_line    0x000000000000c82d       0x35 obj/kernel/sys/scanf.o
 .debug_line    0x000000000000c862      0x136 obj/kernel/sys/stack.o
 .debug_line    0x000000000000c998      0x3ff obj/kernel/sys/stdio.o
 .debug_line    0x000000000000cd97       0x6d obj/kernel/sys/symbols.o
 .debug_line    0x000000000000ce04       0x4c obj/kernel/sys/symbols_map.o
 .debug_line    0x000000000000ce50       0xed obj/kernel/sys/ubsan.o

.debug_str      0x0000000000000000     0x42d1
 .debug_str     0x0000000000000000      0x80f obj/kernel/cpu/cpu.o
                                        0x8ea (size before relaxing)
 .debug_str     0x000000000000080f       0xcf obj/kernel/cpu/gdt.o
                                        0x25b (size before relaxing)
 .debug_str     0x00000000000008de       0x8b obj/kernel/cpu/interrupts/idt.o
                                        0x2a0 (size before relaxing)
 .debug_str     0x0000000000000969      0x33b obj/kernel/cpu/interrupts/interrupts.o
                                        0x413 (size before relaxing)
 .debug_str     0x0000000000000ca4      0x672 obj/kernel/demo.o
                                        0x9ac (size before relaxing)
 .debug_str     0x0000000000001316       0x23 obj/kernel/dev/8259/pic.o
                                        0x1c2 (size before relaxing)
 .debug_str     0x0000000000001339       0xb5 obj/kernel/dev/acpi/acpi.o
                                        0x304 (size before relaxing)
 .debug_str     0x00000000000013ee     0x11eb obj/kernel/dev/ahci/ahci.o
                                       0x1581 (size before relaxing)
 .debug_str     0x00000000000025d9      0x150 obj/kernel/dev/fb/gop.o
                                        0x75f (size before relaxing)
 .debug_str     0x0000000000002729      0x252 obj/kernel/dev/pci/pci.o
                                        0xb3b (size before relaxing)
 .debug_str     0x000000000000297b      0x118 obj/kernel/dev/pci/pcidescriptor.o
                                        0x350 (size before relaxing)
 .debug_str     0x0000000000002a93       0x4a obj/kernel/dev/serial/serial.o
                                        0x289 (size before relaxing)
 .debug_str     0x0000000000002add      0x143 obj/kernel/dev/timer/pit/pit.o
                                        0x310 (size before relaxing)
 .debug_str     0x0000000000002c20      0x102 obj/kernel/dev/tty/gpm/gpm.o
                                        0x6d5 (size before relaxing)
 .debug_str     0x0000000000002d22      0x163 obj/kernel/dev/tty/kbd/keyboard.o
                                        0x45f (size before relaxing)
 .debug_str     0x0000000000002e85      0x182 obj/kernel/dev/tty/tty.o
                                       0x14ae (size before relaxing)
 .debug_str     0x0000000000003007      0x346 obj/kernel/fs/fat/fat.o
                                        0xe57 (size before relaxing)
 .debug_str     0x000000000000334d       0xf6 obj/kernel/fs/fs.o
                                       0x107f (size before relaxing)
 .debug_str     0x0000000000003443       0xce obj/kernel/fs/ustar/ustar.o
                                        0x483 (size before relaxing)
 .debug_str     0x0000000000003511       0x49 obj/kernel/fs/vfs.o
                                        0x2ad (size before relaxing)
 .debug_str     0x000000000000355a        0x5 obj/kernel/io/io.o
                                        0x176 (size before relaxing)
 .debug_str     0x000000000000355f       0x8d obj/kernel/kernel.o
                                        0xb8e (size before relaxing)
 .debug_str     0x00000000000035ec      0x275 obj/kernel/kutil.o
                                       0x1cc7 (size before relaxing)
 .debug_str     0x0000000000003861       0x21 obj/kernel/mm/bitmap.o
                                        0x2ad (size before relaxing)
 .debug_str     0x0000000000003882       0x18 obj/kernel/mm/efimem.o
                                        0x15a (size before relaxing)
 .debug_str     0x000000000000389a      0x159 obj/kernel/mm/heap.o
                                        0xa1c (size before relaxing)
 .debug_str     0x00000000000039f3       0x2c obj/kernel/mm/memory.o
                                        0x368 (size before relaxing)
 .debug_str     0x0000000000003a1f       0x9a obj/kernel/mm/pageframe.o
                                        0x862 (size before relaxing)
 .debug_str     0x0000000000003ab9       0x5f obj/kernel/mm/pageindexer.o
                                        0x24f (size before relaxing)
 .debug_str     0x0000000000003b18       0xc3 obj/kernel/mm/pagetable.o
                                        0x921 (size before relaxing)
 .debug_str     0x0000000000003bdb       0x1a obj/kernel/mm/paging.o
                                        0x367 (size before relaxing)
 .debug_str     0x0000000000003bf5       0x9d obj/kernel/mm/string.o
                                        0x403 (size before relaxing)
 .debug_str     0x0000000000003c92       0x17 obj/kernel/mm/vmalloc.o
                                        0x854 (size before relaxing)
 .debug_str     0x0000000000003ca9        0xe obj/kernel/module/main.o
                                        0x154 (size before relaxing)
 .debug_str     0x0000000000003cb7      0x191 obj/kernel/module/module.o
                                        0x555 (size before relaxing)
 .debug_str     0x0000000000003e48       0x30 obj/kernel/module/symbol.o
                                        0x24a (size before relaxing)
 .debug_str     0x0000000000003e78       0x4e obj/kernel/proc/thread.o
                                        0x678 (size before relaxing)
 .debug_str     0x0000000000003ec6      0x131 obj/kernel/sys/cstr.o
                                        0x461 (size before relaxing)
 .debug_str     0x0000000000003ff7       0x87 obj/kernel/sys/icxxabi.o
                                        0x2f1 (size before relaxing)
 .debug_str     0x000000000000407e       0x10 obj/kernel/sys/math.o
                                        0x1da (size before relaxing)
 .debug_str     0x000000000000408e        0x8 obj/kernel/sys/panik.o
                                        0x51e (size before relaxing)
 .debug_str     0x0000000000004096       0xf5 obj/kernel/sys/printk.o
                                        0x7a8 (size before relaxing)
 .debug_str     0x000000000000418b      0x16e obj/kernel/sys/scanf.o
 .debug_str     0x000000000000418b       0x89 obj/kernel/sys/stack.o
                                        0x326 (size before relaxing)
 .debug_str     0x0000000000004214       0x23 obj/kernel/sys/stdio.o
                                        0x340 (size before relaxing)
 .debug_str     0x0000000000004237      0x1cb obj/kernel/sys/symbols.o
 .debug_str     0x0000000000004237       0x14 obj/kernel/sys/symbols_map.o
                                        0x17c (size before relaxing)
 .debug_str     0x000000000000424b       0x86 obj/kernel/sys/ubsan.o
                                        0x421 (size before relaxing)

.debug_line_str
                0x0000000000000000      0xaa5
 .debug_line_str
                0x0000000000000000       0xe4 obj/kernel/cpu/cpu.o
                                        0x127 (size before relaxing)
 .debug_line_str
                0x00000000000000e4       0x26 obj/kernel/cpu/gdt.o
                                        0x10c (size before relaxing)
 .debug_line_str
                0x000000000000010a       0x64 obj/kernel/cpu/interrupts/idt.o
                                        0x10e (size before relaxing)
 .debug_line_str
                0x000000000000016e       0xf6 obj/kernel/cpu/interrupts/interrupts.o
                                        0x1cd (size before relaxing)
 .debug_line_str
                0x0000000000000264       0x97 obj/kernel/demo.o
                                        0x1c2 (size before relaxing)
 .debug_line_str
                0x00000000000002fb       0x30 obj/kernel/dev/8259/pic.o
                                         0xf5 (size before relaxing)
 .debug_line_str
                0x000000000000032b       0x54 obj/kernel/dev/acpi/acpi.o
                                        0x100 (size before relaxing)
 .debug_line_str
                0x000000000000037f       0xde obj/kernel/dev/ahci/ahci.o
                                        0x1fc (size before relaxing)
 .debug_line_str
                0x000000000000045d       0x2c obj/kernel/dev/fb/gop.o
                                        0x12a (size before relaxing)
 .debug_line_str
                0x0000000000000489       0x2e obj/kernel/dev/pci/pci.o
                                        0x195 (size before relaxing)
 .debug_line_str
                0x00000000000004b7       0x2c obj/kernel/dev/pci/pcidescriptor.o
                                        0x114 (size before relaxing)
 .debug_line_str
                0x00000000000004e3       0x5e obj/kernel/dev/serial/serial.o
                                        0x132 (size before relaxing)
 .debug_line_str
                0x0000000000000541       0x3a obj/kernel/dev/timer/pit/pit.o
                                        0x126 (size before relaxing)
 .debug_line_str
                0x000000000000057b       0x36 obj/kernel/dev/tty/gpm/gpm.o
                                        0x17d (size before relaxing)
 .debug_line_str
                0x00000000000005b1       0x5c obj/kernel/dev/tty/kbd/keyboard.o
                                        0x13a (size before relaxing)
 .debug_line_str
                0x000000000000060d       0x62 obj/kernel/dev/tty/tty.o
                                        0x2e7 (size before relaxing)
 .debug_line_str
                0x000000000000066f       0x2c obj/kernel/fs/fat/fat.o
                                        0x1cb (size before relaxing)
 .debug_line_str
                0x000000000000069b       0x23 obj/kernel/fs/fs.o
                                        0x1fc (size before relaxing)
 .debug_line_str
                0x00000000000006be       0x32 obj/kernel/fs/ustar/ustar.o
                                        0x157 (size before relaxing)
 .debug_line_str
                0x00000000000006f0       0x1c obj/kernel/fs/vfs.o
                                        0x157 (size before relaxing)
 .debug_line_str
                0x000000000000070c       0x23 obj/kernel/io/io.o
                                         0xcb (size before relaxing)
 .debug_line_str
                0x000000000000072f       0x16 obj/kernel/kernel.o
                                        0x1da (size before relaxing)
 .debug_line_str
                0x0000000000000745       0x22 obj/kernel/kutil.o
                                        0x398 (size before relaxing)
 .debug_line_str
                0x0000000000000767       0x27 obj/kernel/mm/bitmap.o
                                         0xff (size before relaxing)
 .debug_line_str
                0x000000000000078e       0x19 obj/kernel/mm/efimem.o
                                         0xc2 (size before relaxing)
 .debug_line_str
                0x00000000000007a7       0x17 obj/kernel/mm/heap.o
                                        0x145 (size before relaxing)
 .debug_line_str
                0x00000000000007be       0x19 obj/kernel/mm/memory.o
                                         0xff (size before relaxing)
 .debug_line_str
                0x00000000000007d7       0x1c obj/kernel/mm/pageframe.o
                                        0x126 (size before relaxing)
 .debug_line_str
                0x00000000000007f3       0x2c obj/kernel/mm/pageindexer.o
                                        0x10a (size before relaxing)
 .debug_line_str
                0x000000000000081f       0x1c obj/kernel/mm/pagetable.o
                                        0x149 (size before relaxing)
 .debug_line_str
                0x000000000000083b       0x19 obj/kernel/mm/paging.o
                                         0xf6 (size before relaxing)
 .debug_line_str
                0x0000000000000854       0x19 obj/kernel/mm/string.o
                                         0xd3 (size before relaxing)
 .debug_line_str
                0x000000000000086d       0x1a obj/kernel/mm/vmalloc.o
                                        0x12c (size before relaxing)
 .debug_line_str
                0x0000000000000887       0x34 obj/kernel/module/main.o
                                         0xf1 (size before relaxing)
 .debug_line_str
                0x00000000000008bb       0x2e obj/kernel/module/module.o
                                        0x156 (size before relaxing)
 .debug_line_str
                0x00000000000008e9       0x1d obj/kernel/module/symbol.o
                                        0x11d (size before relaxing)
 .debug_line_str
                0x0000000000000906       0x4c obj/kernel/proc/thread.o
                                        0x139 (size before relaxing)
 .debug_line_str
                0x0000000000000952       0x27 obj/kernel/sys/cstr.o
                                         0xd3 (size before relaxing)
 .debug_line_str
                0x0000000000000979       0x25 obj/kernel/sys/icxxabi.o
                                         0xe4 (size before relaxing)
 .debug_line_str
                0x000000000000099e       0x18 obj/kernel/sys/math.o
                                         0x9f (size before relaxing)
 .debug_line_str
                0x00000000000009b6       0x19 obj/kernel/sys/panik.o
                                        0x14f (size before relaxing)
 .debug_line_str
                0x00000000000009cf       0x2e obj/kernel/sys/printk.o
                                        0x190 (size before relaxing)
 .debug_line_str
                0x00000000000009fd       0x19 obj/kernel/sys/scanf.o
                                         0x98 (size before relaxing)
 .debug_line_str
                0x0000000000000a16       0x23 obj/kernel/sys/stack.o
                                        0x108 (size before relaxing)
 .debug_line_str
                0x0000000000000a39       0x19 obj/kernel/sys/stdio.o
                                        0x12e (size before relaxing)
 .debug_line_str
                0x0000000000000a52       0x1b obj/kernel/sys/symbols.o
                                         0xfd (size before relaxing)
 .debug_line_str
                0x0000000000000a6d       0x1f obj/kernel/sys/symbols_map.o
                                        0x109 (size before relaxing)
 .debug_line_str
                0x0000000000000a8c       0x19 obj/kernel/sys/ubsan.o
                                         0xf2 (size before relaxing)

.comment        0x0000000000000000       0x12
 .comment       0x0000000000000000       0x12 obj/kernel/cpu/cpu.o
                                         0x13 (size before relaxing)
 .comment       0x0000000000000012       0x13 obj/kernel/cpu/gdt.o
 .comment       0x0000000000000012       0x13 obj/kernel/cpu/interrupts/idt.o
 .comment       0x0000000000000012       0x13 obj/kernel/cpu/interrupts/interrupts.o
 .comment       0x0000000000000012       0x13 obj/kernel/demo.o
 .comment       0x0000000000000012       0x13 obj/kernel/dev/8259/pic.o
 .comment       0x0000000000000012       0x13 obj/kernel/dev/acpi/acpi.o
 .comment       0x0000000000000012       0x13 obj/kernel/dev/ahci/ahci.o
 .comment       0x0000000000000012       0x13 obj/kernel/dev/fb/gop.o
 .comment       0x0000000000000012       0x13 obj/kernel/dev/pci/pci.o
 .comment       0x0000000000000012       0x13 obj/kernel/dev/pci/pcidescriptor.o
 .comment       0x0000000000000012       0x13 obj/kernel/dev/serial/serial.o
 .comment       0x0000000000000012       0x13 obj/kernel/dev/timer/pit/pit.o
 .comment       0x0000000000000012       0x13 obj/kernel/dev/tty/gpm/gpm.o
 .comment       0x0000000000000012       0x13 obj/kernel/dev/tty/kbd/keyboard.o
 .comment       0x0000000000000012       0x13 obj/kernel/dev/tty/tty.o
 .comment       0x0000000000000012       0x13 obj/kernel/fs/fat/fat.o
 .comment       0x0000000000000012       0x13 obj/kernel/fs/fs.o
 .comment       0x0000000000000012       0x13 obj/kernel/fs/ustar/ustar.o
 .comment       0x0000000000000012       0x13 obj/kernel/fs/vfs.o
 .comment       0x0000000000000012       0x13 obj/kernel/io/io.o
 .comment       0x0000000000000012       0x13 obj/kernel/kernel.o
 .comment       0x0000000000000012       0x13 obj/kernel/kutil.o
 .comment       0x0000000000000012       0x13 obj/kernel/mm/bitmap.o
 .comment       0x0000000000000012       0x13 obj/kernel/mm/efimem.o
 .comment       0x0000000000000012       0x13 obj/kernel/mm/heap.o
 .comment       0x0000000000000012       0x13 obj/kernel/mm/memory.o
 .comment       0x0000000000000012       0x13 obj/kernel/mm/pageframe.o
 .comment       0x0000000000000012       0x13 obj/kernel/mm/pageindexer.o
 .comment       0x0000000000000012       0x13 obj/kernel/mm/pagetable.o
 .comment       0x0000000000000012       0x13 obj/kernel/mm/paging.o
 .comment       0x0000000000000012       0x13 obj/kernel/mm/string.o
 .comment       0x0000000000000012       0x13 obj/kernel/mm/vmalloc.o
 .comment       0x0000000000000012       0x13 obj/kernel/module/main.o
 .comment       0x0000000000000012       0x13 obj/kernel/module/module.o
 .comment       0x0000000000000012       0x13 obj/kernel/module/symbol.o
 .comment       0x0000000000000012       0x13 obj/kernel/proc/thread.o
 .comment       0x0000000000000012       0x13 obj/kernel/sys/cstr.o
 .comment       0x0000000000000012       0x13 obj/kernel/sys/icxxabi.o
 .comment       0x0000000000000012       0x13 obj/kernel/sys/math.o
 .comment       0x0000000000000012       0x13 obj/kernel/sys/panik.o
 .comment       0x0000000000000012       0x13 obj/kernel/sys/printk.o
 .comment       0x0000000000000012       0x13 obj/kernel/sys/scanf.o
 .comment       0x0000000000000012       0x13 obj/kernel/sys/stack.o
 .comment       0x0000000000000012       0x13 obj/kernel/sys/stdio.o
 .comment       0x0000000000000012       0x13 obj/kernel/sys/symbols.o
 .comment       0x0000000000000012       0x13 obj/kernel/sys/symbols_map.o
 .comment       0x0000000000000012       0x13 obj/kernel/sys/ubsan.o
