
Merging program properties

Updated property 0xc0010001 (0x9) to merge obj/kernel/cpu/cpu.o (0x1) and obj/kernel/demo.o (0x9)
Updated property 0xc0010002 (0x1) to merge obj/kernel/cpu/cpu.o (0x0) and obj/kernel/demo.o (0x1)
Updated property 0xc0010001 (0x9) to merge obj/kernel/cpu/cpu.o (0x9) and obj/kernel/dev/8259/pic.o (0x1)
Updated property 0xc0010002 (0x1) to merge obj/kernel/cpu/cpu.o (0x1) and obj/kernel/dev/8259/pic.o (0x0)
Updated property 0xc0010001 (0x9) to merge obj/kernel/cpu/cpu.o (0x9) and obj/kernel/dev/acpi/acpi.o (0x1)
Updated property 0xc0010002 (0x1) to merge obj/kernel/cpu/cpu.o (0x1) and obj/kernel/dev/acpi/acpi.o (0x0)
Updated property 0xc0010001 (0x9) to merge obj/kernel/cpu/cpu.o (0x9) and obj/kernel/dev/ahci/ahci.o (0x1)
Updated property 0xc0010002 (0x1) to merge obj/kernel/cpu/cpu.o (0x1) and obj/kernel/dev/ahci/ahci.o (0x0)
Updated property 0xc0010001 (0x9) to merge obj/kernel/cpu/cpu.o (0x9) and obj/kernel/dev/fb/gop.o (0x1)
Updated property 0xc0010001 (0x9) to merge obj/kernel/cpu/cpu.o (0x9) and obj/kernel/dev/pci/pci.o (0x1)
Updated property 0xc0010002 (0x1) to merge obj/kernel/cpu/cpu.o (0x1) and obj/kernel/dev/pci/pci.o (0x0)
Updated property 0xc0010001 (0x9) to merge obj/kernel/cpu/cpu.o (0x9) and obj/kernel/dev/pci/pcidescriptor.o (0x1)
Updated property 0xc0010001 (0x9) to merge obj/kernel/cpu/cpu.o (0x9) and obj/kernel/dev/serial/serial.o (0x1)
Updated property 0xc0010002 (0x1) to merge obj/kernel/cpu/cpu.o (0x1) and obj/kernel/dev/serial/serial.o (0x0)
Updated property 0xc0010001 (0x9) to merge obj/kernel/cpu/cpu.o (0x9) and obj/kernel/dev/tty/gpm/gpm.o (0x1)
Updated property 0xc0010001 (0x9) to merge obj/kernel/cpu/cpu.o (0x9) and obj/kernel/dev/tty/kbd/keyboard.o (0x1)
Updated property 0xc0010002 (0x1) to merge obj/kernel/cpu/cpu.o (0x1) and obj/kernel/dev/tty/kbd/keyboard.o (0x0)
Updated property 0xc0010001 (0x9) to merge obj/kernel/cpu/cpu.o (0x9) and obj/kernel/fs/fat/fat.o (0x1)
Updated property 0xc0010002 (0x1) to merge obj/kernel/cpu/cpu.o (0x1) and obj/kernel/fs/fat/fat.o (0x0)
Updated property 0xc0010001 (0x9) to merge obj/kernel/cpu/cpu.o (0x9) and obj/kernel/fs/fs.o (0x1)
Updated property 0xc0010001 (0x9) to merge obj/kernel/cpu/cpu.o (0x9) and obj/kernel/fs/vfs.o (0x1)
Updated property 0xc0010002 (0x1) to merge obj/kernel/cpu/cpu.o (0x1) and obj/kernel/fs/vfs.o (0x0)
Updated property 0xc0010001 (0x9) to merge obj/kernel/cpu/cpu.o (0x9) and obj/kernel/io/io.o (0x1)
Updated property 0xc0010002 (0x1) to merge obj/kernel/cpu/cpu.o (0x1) and obj/kernel/io/io.o (0x0)
Updated property 0xc0010001 (0x9) to merge obj/kernel/cpu/cpu.o (0x9) and obj/kernel/kernel.o (0x1)
Updated property 0xc0010002 (0x1) to merge obj/kernel/cpu/cpu.o (0x1) and obj/kernel/kernel.o (0x0)
Updated property 0xc0010001 (0x9) to merge obj/kernel/cpu/cpu.o (0x9) and obj/kernel/mm/bitmap.o (0x1)
Updated property 0xc0010002 (0x1) to merge obj/kernel/cpu/cpu.o (0x1) and obj/kernel/mm/bitmap.o (0x0)
Updated property 0xc0010001 (0x9) to merge obj/kernel/cpu/cpu.o (0x9) and obj/kernel/mm/efimem.o (0x1)
Updated property 0xc0010002 (0x1) to merge obj/kernel/cpu/cpu.o (0x1) and obj/kernel/mm/efimem.o (0x0)
Updated property 0xc0010001 (0x9) to merge obj/kernel/cpu/cpu.o (0x9) and obj/kernel/mm/heap.o (0x1)
Updated property 0xc0010001 (0x9) to merge obj/kernel/cpu/cpu.o (0x9) and obj/kernel/mm/pageframe.o (0x1)
Updated property 0xc0010002 (0x1) to merge obj/kernel/cpu/cpu.o (0x1) and obj/kernel/mm/pageframe.o (0x0)
Updated property 0xc0010001 (0x9) to merge obj/kernel/cpu/cpu.o (0x9) and obj/kernel/mm/pageindexer.o (0x1)
Updated property 0xc0010002 (0x1) to merge obj/kernel/cpu/cpu.o (0x1) and obj/kernel/mm/pageindexer.o (0x0)
Updated property 0xc0010001 (0x9) to merge obj/kernel/cpu/cpu.o (0x9) and obj/kernel/mm/pagetable.o (0x1)
Updated property 0xc0010002 (0x1) to merge obj/kernel/cpu/cpu.o (0x1) and obj/kernel/mm/pagetable.o (0x0)
Updated property 0xc0010001 (0x9) to merge obj/kernel/cpu/cpu.o (0x9) and obj/kernel/mm/paging.o (0x1)
Updated property 0xc0010002 (0x1) to merge obj/kernel/cpu/cpu.o (0x1) and obj/kernel/mm/paging.o (0x0)
Updated property 0xc0010001 (0x9) to merge obj/kernel/cpu/cpu.o (0x9) and obj/kernel/mm/string.o (0x1)
Updated property 0xc0010001 (0x9) to merge obj/kernel/cpu/cpu.o (0x9) and obj/kernel/mm/vmalloc.o (0x1)
Updated property 0xc0010002 (0x1) to merge obj/kernel/cpu/cpu.o (0x1) and obj/kernel/mm/vmalloc.o (0x0)
Updated property 0xc0010001 (0x9) to merge obj/kernel/cpu/cpu.o (0x9) and obj/kernel/module/main.o (0x1)
Updated property 0xc0010002 (0x1) to merge obj/kernel/cpu/cpu.o (0x1) and obj/kernel/module/main.o (0x0)
Updated property 0xc0010001 (0x9) to merge obj/kernel/cpu/cpu.o (0x9) and obj/kernel/module/module.o (0x1)
Updated property 0xc0010002 (0x1) to merge obj/kernel/cpu/cpu.o (0x1) and obj/kernel/module/module.o (0x0)
Updated property 0xc0010001 (0x9) to merge obj/kernel/cpu/cpu.o (0x9) and obj/kernel/module/symbol.o (0x1)
[...]
Memory Configuration

Name             Origin             Length             Attributes
*default*        0x0000000000000000 0xffffffffffffffff

Linker script and memory map

LOAD obj/kernel/cpu/cpu.o
LOAD obj/kernel/cpu/gdt.o
LOAD obj/kernel/cpu/interrupts/idt.o
LOAD obj/kernel/cpu/interrupts/interrupts.o
LOAD obj/kernel/demo.o
LOAD obj/kernel/dev/8259/pic.o
LOAD obj/kernel/dev/acpi/acpi.o
LOAD obj/kernel/dev/ahci/ahci.o
LOAD obj/kernel/dev/fb/gop.o
LOAD obj/kernel/dev/pci/pci.o
LOAD obj/kernel/dev/pci/pcidescriptor.o
LOAD obj/kernel/dev/serial/serial.o
LOAD obj/kernel/dev/timer/pit/pit.o
LOAD obj/kernel/dev/tty/gpm/gpm.o
LOAD obj/kernel/dev/tty/kbd/keyboard.o
LOAD obj/kernel/dev/tty/tty.o
LOAD obj/kernel/fs/fat/fat.o
LOAD obj/kernel/fs/fs.o
LOAD obj/kernel/fs/ustar/ustar.o
LOAD obj/kernel/fs/vfs.o
LOAD obj/kernel/io/io.o
LOAD obj/kernel/kernel.o
LOAD obj/kernel/kutil.o
LOAD obj/kernel/mm/bitmap.o
LOAD obj/kernel/mm/efimem.o
LOAD obj/kernel/mm/heap.o
LOAD obj/kernel/mm/memory.o
LOAD obj/kernel/mm/pageframe.o
LOAD obj/kernel/mm/pageindexer.o
LOAD obj/kernel/mm/pagetable.o
LOAD obj/kernel/mm/paging.o
LOAD obj/kernel/mm/string.o
LOAD obj/kernel/mm/vmalloc.o
LOAD obj/kernel/module/main.o
LOAD obj/kernel/module/module.o
LOAD obj/kernel/module/symbol.o
LOAD obj/kernel/proc/thread.o
LOAD obj/kernel/sys/cstr.o
LOAD obj/kernel/sys/icxxabi.o
LOAD obj/kernel/sys/math.o
LOAD obj/kernel/sys/panik.o
LOAD obj/kernel/sys/printk.o
LOAD obj/kernel/sys/scanf.o
LOAD obj/kernel/sys/stack.o
LOAD obj/kernel/sys/stdio.o
LOAD obj/kernel/sys/symbols.o
LOAD obj/kernel/sys/symbols_map.o
LOAD obj/kernel/sys/ubsan.o
LOAD obj/kernel/cpu/gdt_asm.o
LOAD obj/kernel/proc/switch_asm.o
                0x0000000000100000                . = 0x100000
                0x0000000000100000                kernel_start = .

.text           0x0000000000100000    0x27bc7
 *(.text)
 .text          0x0000000000100000      0x287 obj/kernel/cpu/cpu.o
                0x0000000000100000                _ZN3CPU9GetVendorEv
                0x0000000000100110                _ZN3CPU4InitEv
 *fill*         0x0000000000100287        0x9 
 .text          0x0000000000100290       0x6d obj/kernel/cpu/gdt.o
                0x0000000000100290                _Z8init_tssv
 *fill*         0x00000000001002fd        0x3 
 .text          0x0000000000100300      0x279 obj/kernel/cpu/interrupts/idt.o
                0x0000000000100300                _ZN12IDTDescEntry9SetOffsetEm
                0x0000000000100440                _ZN12IDTDescEntry9GetOffsetEv
 *fill*         0x0000000000100579        0x7 
 .text          0x0000000000100580      0x2e2 obj/kernel/cpu/interrupts/interrupts.o
                0x0000000000100580                _Z17PageFault_handlerP15interrupt_frame
                0x00000000001005f0                _Z19DoubleFault_handlerP15interrupt_frame
                0x0000000000100660                _Z15GPFault_handlerP15interrupt_frame
                0x00000000001006d0                _Z19KeyboardInt_handlerP15interrupt_frame
                0x0000000000100760                _Z16MouseInt_handlerP15interrupt_frame
                0x00000000001007f0                _Z14PITInt_handlerP15interrupt_frame
 *fill*         0x0000000000100862        0xe 
 .text          0x0000000000100870     0x2081 obj/kernel/demo.o
                0x0000000000100870                _ZN9RAYTRACER8clamp255ERNS_4Vec3E
                0x0000000000100c60                _ZN9RAYTRACER8RaytraceEv
                0x0000000000101470                _ZN4DEMO8RaytraceEv
                0x00000000001014b0                _ZN4DEMO6StressEv
                0x0000000000102360                _ZN4DEMO4DoomEv
                0x00000000001023a0                _ZN4DEMO8BadAppleEv
 *fill*         0x00000000001028f1        0xf 
 .text          0x0000000000102900      0x1d1 obj/kernel/dev/8259/pic.o
                0x0000000000102900                _Z8RemapPICv
                0x0000000000102a20                _Z13PIC_EndMasterv
                0x0000000000102a70                _Z12PIC_EndSlavev
 *fill*         0x0000000000102ad1        0xf 
 .text          0x0000000000102ae0      0x47e obj/kernel/dev/acpi/acpi.o
                0x0000000000102ae0                _ZN4ACPI9FindTableEPNS_9SDTHeaderEPc
 *fill*         0x0000000000102f5e        0x2 
 .text          0x0000000000102f60     0x2c94 obj/kernel/dev/ahci/ahci.o
                0x0000000000102f60                _ZN4AHCI13CheckPortTypeEPNS_7HBAPortE
                0x00000000001030a0                _ZN4AHCI4Port9ConfigureEv
                0x0000000000103d00                _ZN4AHCI4Port8StartCMDEv
                0x0000000000103f30                _ZN4AHCI4Port7StopCMDEv
                0x0000000000104240                _ZN4AHCI4Port11TransferDMAEbmjPv
                0x0000000000104ab0                _ZN4AHCI4Port5WriteEmjPv
                0x0000000000104b50                _ZN4AHCI4Port4ReadEmjPv
                0x0000000000104bf0                _ZN4AHCI10AHCIDriverD1Ev
                0x0000000000104bf0                _ZN4AHCI10AHCIDriverD2Ev
                0x0000000000104c50                _ZN4AHCI10AHCIDriver10ProbePortsEv
                0x00000000001057c0                _ZN4AHCI10AHCIDriverC2EPN3PCI15PCIDeviceHeaderE
                0x00000000001057c0                _ZN4AHCI10AHCIDriverC1EPN3PCI15PCIDeviceHeaderE
 *fill*         0x0000000000105bf4        0xc 
 .text          0x0000000000105c00     0x4af1 obj/kernel/dev/fb/gop.o
                0x0000000000105c00                _ZN3GOPC2Ev
                0x0000000000105c00                _ZN3GOPC1Ev
                0x0000000000105e00                _ZN3GOPC1EP11FramebufferP9PSF1_FONT
                0x0000000000105e00                _ZN3GOPC2EP11FramebufferP9PSF1_FONT
                0x0000000000106170                _ZN3GOP11print_clearEv
                0x0000000000106690                _ZN3GOP12print_scrollEv
                0x0000000000106bf0                _ZN3GOP9get_pixelEjj
                0x0000000000106dd0                _ZN3GOP9put_pixelEjjj
                0x0000000000106fc0                _ZN3GOP18clear_mouse_cursorEPh5Point
                0x00000000001079a0                _ZN3GOP17draw_mouse_cursorEPh5Pointj
                0x0000000000108550                _ZN3GOP10print_charEc
                0x0000000000109a80                _ZN3GOP14print_char_posEc5Point
                0x0000000000109be0                _ZN3GOP10clear_charEv
                0x000000000010a4d0                _ZN3GOP9print_strEPKc
                0x000000000010a620                _ZN3GOP15print_set_colorEjj
 *fill*         0x000000000010a6f1        0xf 
 .text          0x000000000010a700     0x136d obj/kernel/dev/pci/pci.o
                0x000000000010a700                _ZN3PCI17EnumerateFunctionEmm
                0x000000000010aa70                _ZN3PCI15EnumerateDeviceEmm
                0x000000000010aeb0                _ZN3PCI12EnumerateBusEmm
                0x000000000010b3d0                _ZN3PCI12EnumeratePCIEPN4ACPI10MCFGHeaderE
 *fill*         0x000000000010ba6d        0x3 
 .text          0x000000000010ba70      0x98b obj/kernel/dev/pci/pcidescriptor.o
                0x000000000010ba70                _ZN3PCI13GetVendorNameEt
                0x000000000010bb10                _ZN3PCI13GetDeviceNameEtt
                0x000000000010bc00                _ZN3PCI33MassStorageControllerSubclassNameEh
                0x000000000010bd20                _ZN3PCI31SerialBusControllerSubclassNameEh
                0x000000000010be50                _ZN3PCI24BridgeDeviceSubclassNameEh
                0x000000000010bf80                _ZN3PCI15GetSubclassNameEhh
                0x000000000010c290                _ZN3PCI13GetProgIFNameEhhh
 *fill*         0x000000000010c3fb        0x5 
 .text          0x000000000010c400      0x376 obj/kernel/dev/serial/serial.o
                0x000000000010c400                serial_init
                0x000000000010c510                serial_print_str
                0x000000000010c6f0                serial_print_char
 *fill*         0x000000000010c776        0xa 
 .text          0x000000000010c780      0x359 obj/kernel/dev/timer/pit/pit.o
                0x000000000010c780                _ZN3PIT10ResetTimerEv
                0x000000000010c7d0                _ZN3PIT6SleepdEd
                0x000000000010c830                _ZN3PIT5SleepEm
                0x000000000010c8c0                _ZN3PIT10SetDivisorEt
                0x000000000010c950                _ZN3PIT12GetFrequencyEv
                0x000000000010c9b0                _ZN3PIT12SetFrequencyEm
                0x000000000010ca50                _ZN3PIT4TickEv
 *fill*         0x000000000010cad9        0x7 
 .text          0x000000000010cae0      0x58b obj/kernel/dev/tty/gpm/gpm.o
                0x000000000010cae0                _Z12InitPS2Mousev
                0x000000000010ccd0                _Z18ProcessMousePacketv
                0x000000000010cf20                _Z14HandlePS2Mouseh
 *fill*         0x000000000010d06b        0x5 
 .text          0x000000000010d070      0x5db obj/kernel/dev/tty/kbd/keyboard.o
                0x000000000010d070                _Z14HandleKeyboardh
                0x000000000010d4c0                _ZN14QWERTYKeyboard9TranslateEhb
 *fill*         0x000000000010d64b        0x5 
 .text          0x000000000010d650     0x1403 obj/kernel/dev/tty/tty.o
                0x000000000010d650                _ZN3TTYC1Ev
                0x000000000010d650                _ZN3TTYC2Ev
                0x000000000010d790                _ZN3TTYD2Ev
                0x000000000010d790                _ZN3TTYD1Ev
                0x000000000010d810                _ZN3TTY8ActivateEv
                0x000000000010da40                _ZN3TTY10DeactivateEv
                0x000000000010db80                _ZN3TTY11PrintPromptEv
                0x000000000010dbd0                _ZN3TTY16ElaborateCommandEv
                0x000000000010e5f0                _ZN3TTY8SendCharEc
 *fill*         0x000000000010ea53        0xd 
 .text          0x000000000010ea60     0x342f obj/kernel/fs/fat/fat.o
                0x000000000010ea60                _ZN3FAT11FATFSDriverC1Ev
                0x000000000010ea60                _ZN3FAT11FATFSDriverC2Ev
                0x000000000010eac0                _ZN3FAT11FATFSDriver11DetectDriveEPh
                0x000000000010f900                _ZN3FAT11FATFSDriver19FindSizeInDirectoryEjPc
                0x0000000000110380                _ZN3FAT11FATFSDriver15FindInDirectoryEjPc
                0x0000000000110e10                _ZN3FAT11FATFSDriver13ReadDirectoryEj
                0x0000000000111650                _ZN3FAT11FATFSDriver9ParseRootEj
                0x00000000001116e0                _ZN3FAT11FATFSDriver13FindDirectoryEPc
                0x00000000001118c0                _ZN3FAT11FATFSDriver8LoadFileEPcS1_
 *fill*         0x0000000000111e8f        0x1 
 .text          0x0000000000111e90     0x2bcc obj/kernel/fs/fs.o
                0x0000000000111e90                _ZN10Filesystem9FSManager12AddAHCIDriveEPN4AHCI4PortEij
                0x00000000001135e0                _ZN10Filesystem9FSManagerC2Ev
                0x00000000001135e0                _ZN10Filesystem9FSManagerC1Ev
                0x00000000001139b0                _ZN10Filesystem9FSManager9ReadDriveEhjjPPhmm
                0x0000000000114060                _ZN10Filesystem9FSManager10WriteDriveEhjhPhm
                0x0000000000114580                _ZN10Filesystem9FSManager10ListDrivesEv
 *fill*         0x0000000000114a5c        0x4 
 .text          0x0000000000114a60     0x13c3 obj/kernel/fs/ustar/ustar.o
                0x0000000000114a60                _ZN5USTAR11LoadArchiveEPh
                0x0000000000114fe0                _ZN5USTAR11ReadArchiveEv
                0x00000000001151f0                _ZN5USTAR11GetFileSizeEPcPm
                0x00000000001153f0                _ZN5USTAR8ReadFileEPc
                0x00000000001159e0                _ZN5USTAR8ReadFileEPcPPhm
 *fill*         0x0000000000115e23        0xd 
 .text          0x0000000000115e30     0x1381 obj/kernel/fs/vfs.o
                0x0000000000115e30                VFS_Tree
                0x00000000001160a0                VFS_Mount
                0x0000000000116e30                VFS_Init
                0x0000000000116fe0                VFS_Write
                0x0000000000117100                _Z5fopenPKcS0_
                0x0000000000117140                _Z7freopenPKcS0_P4FILE
                0x0000000000117180                _Z6fcloseP4FILE
 *fill*         0x00000000001171b1        0xf 
 .text          0x00000000001171c0      0x134 obj/kernel/io/io.o
                0x00000000001171c0                outb
                0x0000000000117200                outw
                0x0000000000117240                inb
                0x0000000000117280                inw
                0x00000000001172c0                io_wait
 *fill*         0x00000000001172f4        0xc 
 .text          0x0000000000117300      0x2c4 obj/kernel/kernel.o
                0x0000000000117300                _start
 *fill*         0x00000000001175c4        0xc 
 .text          0x00000000001175d0     0x11e9 obj/kernel/kutil.o
                0x00000000001175d0                _Z10SetIDTGatePvhhh
                0x0000000000117700                _Z13PrepareMemoryP8BootInfo
                0x0000000000117ce0                _Z17PrepareInterruptsP8BootInfo
                0x0000000000118340                _Z11PrepareACPIP8BootInfo
                0x0000000000118570                _Z5kinitP8BootInfo
                0x0000000000118760                _Z6rdinitv
 *fill*         0x00000000001187b9        0x7 
 .text          0x00000000001187c0      0x5f9 obj/kernel/mm/bitmap.o
                0x00000000001187c0                _ZN6BitmapixEm
                0x0000000000118960                _ZN6Bitmap3getEm
                0x0000000000118ab0                _ZN6Bitmap3setEmb
 .text          0x0000000000118db9        0x0 obj/kernel/mm/efimem.o
 *fill*         0x0000000000118db9        0x7 
 .text          0x0000000000118dc0     0x2e76 obj/kernel/mm/heap.o
                0x0000000000118dc0                _ZN13HeapSegHeader14CombineForwardEv
                0x0000000000119200                _ZN13HeapSegHeader15CombineBackwardEv
                0x00000000001197a0                _ZN13HeapSegHeader5SplitEm
                0x0000000000119bc0                _Z14InitializeHeapPvm
                0x0000000000119e60                free
                0x000000000011a8b0                _Z10ExpandHeapm
                0x000000000011b080                malloc
                0x000000000011b8c0                _Z13VisualizeHeapv
 *fill*         0x000000000011bc36        0xa 
 .text          0x000000000011bc40      0x4d5 obj/kernel/mm/memory.o
                0x000000000011bc40                _Z15get_memory_sizeP21EFI_MEMORY_DESCRIPTORmm
                0x000000000011bdb0                memcmp
                0x000000000011bf70                memset
                0x000000000011bfb0                memcpy
 *fill*         0x000000000011c115        0xb 
 .text          0x000000000011c120     0x2d2c obj/kernel/mm/pageframe.o
                0x000000000011c120                _ZN18PageFrameAllocator16ReadEFIMemoryMapEP21EFI_MEMORY_DESCRIPTORmm
                0x000000000011d180                _ZN18PageFrameAllocator10InitBitmapEmPv
                0x000000000011d3b0                _ZN18PageFrameAllocator11RequestPageEv
                0x000000000011d8b0                _ZN18PageFrameAllocator12RequestPagesEm
                0x000000000011dd70                _ZN18PageFrameAllocator8FreePageEPv
                0x000000000011def0                _ZN18PageFrameAllocator8LockPageEPv
                0x000000000011e060                _ZN18PageFrameAllocator13UnreservePageEPv
                0x000000000011e1e0                _ZN18PageFrameAllocator11ReservePageEPv
                0x000000000011e350                _ZN18PageFrameAllocator9FreePagesEPvm
                0x000000000011e5e0                _ZN18PageFrameAllocator9LockPagesEPvm
                0x000000000011e870                _ZN18PageFrameAllocator14UnreservePagesEPvm
                0x000000000011eb00                _ZN18PageFrameAllocator12ReservePagesEPvm
                0x000000000011ed90                _ZN18PageFrameAllocator10GetFreeMemEv
                0x000000000011edd0                _ZN18PageFrameAllocator10GetUsedMemEv
                0x000000000011ee10                _ZN18PageFrameAllocator14GetReservedMemEv
 *fill*         0x000000000011ee4c        0x4 
 .text          0x000000000011ee50      0x16c obj/kernel/mm/pageindexer.o
                0x000000000011ee50                _ZN14PageMapIndexerC1Em
                0x000000000011ee50                _ZN14PageMapIndexerC2Em
 *fill*         0x000000000011efbc        0x4 
 .text          0x000000000011efc0      0xa86 obj/kernel/mm/pagetable.o
                0x000000000011efc0                _ZN16PageTableManagerC1EP9PageTable
                0x000000000011efc0                _ZN16PageTableManagerC2EP9PageTable
                0x000000000011f040                _ZN16PageTableManager9MapMemoryEPvS0_
 *fill*         0x000000000011fa46        0xa 
 .text          0x000000000011fa50      0x372 obj/kernel/mm/paging.o
                0x000000000011fa50                _ZN18PageDirectoryEntry7SetFlagE7PT_Flagb
                0x000000000011fbb0                _ZN18PageDirectoryEntry7GetFlagE7PT_Flag
                0x000000000011fc30                _ZN18PageDirectoryEntry10SetAddressEm
                0x000000000011fd50                _ZN18PageDirectoryEntry10GetAddressEv
 *fill*         0x000000000011fdc2        0xe 
 .text          0x000000000011fdd0     0x10cc obj/kernel/mm/string.o
                0x000000000011fdd0                _Z6strlenPKc
                0x000000000011fec0                _Z6strcpyPcPKc
                0x0000000000120010                _Z6strcmpPKcS0_
                0x00000000001201e0                _Z8is_delimcPc
                0x00000000001202f0                _Z6strtokPcS_
                0x0000000000120800                _Z4itoaPcix
                0x0000000000120bd0                _Z4atoiPc
 *fill*         0x0000000000120e9c        0x4 
 .text          0x0000000000120ea0      0x1a9 obj/kernel/mm/vmalloc.o
                0x0000000000120ea0                vmalloc
 .text          0x0000000000121049        0x0 obj/kernel/module/main.o
 *fill*         0x0000000000121049        0x7 
 .text          0x0000000000121050      0x821 obj/kernel/module/module.o
                0x0000000000121050                _ZN13ModuleManagerC1Ev
                0x0000000000121050                _ZN13ModuleManagerC2Ev
                0x0000000000121090                _ZN13ModuleManagerD2Ev
                0x0000000000121090                _ZN13ModuleManagerD1Ev
                0x00000000001210d0                _ZN13ModuleManager10FindModuleEPc
                0x0000000000121110                _ZN13ModuleManager10LoadModuleEPc
                0x0000000000121150                _ZN13ModuleManager7LoadELFEPh
 *fill*         0x0000000000121871        0xf 
 .text          0x0000000000121880      0x20c obj/kernel/module/symbol.o
                0x0000000000121880                _ZN6KRNSYM5SetupEv
                0x0000000000121990                _ZN6KRNSYM4TestEm
 *fill*         0x0000000000121a8c        0x4 
 .text          0x0000000000121a90      0x24d obj/kernel/proc/thread.o
                0x0000000000121a90                _Z10new_threadPFvvE
 *fill*         0x0000000000121cdd        0x3 
 .text          0x0000000000121ce0     0x36eb obj/kernel/sys/cstr.o
                0x0000000000121ce0                _Z9to_stringm
                0x00000000001220b0                _Z10to_hstringm
                0x0000000000123170                _Z10to_hstringj
                0x0000000000123910                _Z10to_hstringt
                0x0000000000123c40                _Z10to_hstringh
                0x0000000000123d50                _Z9to_stringl
                0x00000000001241b0                _Z9to_stringdh
                0x0000000000124a80                _Z9to_stringd
 *fill*         0x00000000001253cb        0x5 
 .text          0x00000000001253d0      0xa28 obj/kernel/sys/icxxabi.o
                0x00000000001253d0                __cxa_atexit
                0x0000000000125770                __cxa_finalize
 *fill*         0x0000000000125df8        0x8 
 .text          0x0000000000125e00      0x1ef obj/kernel/sys/math.o
                0x0000000000125e00                _Z4sqrtd
                0x0000000000125f10                _Z4sqrti
 *fill*         0x0000000000125fef        0x1 
 .text          0x0000000000125ff0      0x120 obj/kernel/sys/panik.o
                0x0000000000125ff0                _Z5panikPKcS0_S0_j
 .text          0x0000000000126110      0x771 obj/kernel/sys/printk.o
                0x0000000000126110                _Z14printk_init_fbP11FramebufferP9PSF1_FONT
                0x0000000000126190                GOP_print_str
                0x00000000001261e0                GOP_print_char
                0x0000000000126230                GOP_print_pixel
                0x0000000000126280                print_image
                0x00000000001263e0                printk_init_serial
                0x0000000000126430                printk
 .text          0x0000000000126881        0x0 obj/kernel/sys/scanf.o
 *fill*         0x0000000000126881        0xf 
 .text          0x0000000000126890      0x2fc obj/kernel/sys/stack.o
                0x0000000000126890                __stack_chk_fail
                0x0000000000126910                UnwindStack
 *fill*         0x0000000000126b8c        0x4 
 .text          0x0000000000126b90      0xbea obj/kernel/sys/stdio.o
                0x0000000000126b90                fputc
                0x0000000000126bf0                fputs
                0x0000000000126d10                vfprintf
                0x0000000000127370                fprintf
                0x0000000000127440                putc
                0x00000000001274a0                puts
                0x00000000001275c0                printf
                0x00000000001276a0                dprintf
 *fill*         0x000000000012777a        0x6 
 .text          0x0000000000127780       0x34 obj/kernel/sys/symbols.o
                0x0000000000127780                _Z13lookup_symbolm
 .text          0x00000000001277b4        0x0 obj/kernel/sys/symbols_map.o
 *fill*         0x00000000001277b4        0xc 
 .text          0x00000000001277c0      0x3b4 obj/kernel/sys/ubsan.o
                0x00000000001277c0                __ubsan_handle_missing_return
                0x0000000000127800                __ubsan_handle_divrem_overflow
                0x0000000000127840                __ubsan_handle_load_invalid_value
                0x0000000000127880                __ubsan_handle_shift_out_of_bounds
                0x00000000001278c0                __ubsan_handle_builtin_unreachable
                0x0000000000127900                __ubsan_handle_mul_overflow
                0x0000000000127940                __ubsan_handle_negate_overflow
                0x0000000000127980                __ubsan_handle_out_of_bounds
                0x00000000001279c0                __ubsan_handle_pointer_overflow
                0x0000000000127a00                __ubsan_handle_add_overflow
                0x0000000000127a40                __ubsan_handle_sub_overflow
                0x0000000000127a80                __ubsan_handle_type_mismatch_v1
 *fill*         0x0000000000127b74        0xc 
 .text          0x0000000000127b80       0x1b obj/kernel/cpu/gdt_asm.o
                0x0000000000127b80                LoadGDT
 *fill*         0x0000000000127b9b        0x5 
 .text          0x0000000000127ba0       0x27 obj/kernel/proc/switch_asm.o
                0x0000000000127ba0                switch_stack

.text.unlikely  0x0000000000127bc8      0x8c9
 .text.unlikely
                0x0000000000127bc8       0x23 obj/kernel/cpu/cpu.o
 *fill*         0x0000000000127beb        0x1 
 .text.unlikely
                0x0000000000127bec       0x6b obj/kernel/dev/fb/gop.o
 .text.unlikely
                0x0000000000127c57       0x66 obj/kernel/dev/timer/pit/pit.o
 .text.unlikely
                0x0000000000127cbd       0xb9 obj/kernel/dev/tty/gpm/gpm.o
 .text.unlikely
                0x0000000000127d76       0x44 obj/kernel/dev/tty/kbd/keyboard.o
 .text.unlikely
                0x0000000000127dba       0x7c obj/kernel/dev/tty/tty.o
 .text.unlikely
                0x0000000000127e36       0x78 obj/kernel/fs/fat/fat.o
 .text.unlikely
                0x0000000000127eae      0x340 obj/kernel/fs/fs.o
 .text.unlikely
                0x00000000001281ee       0x25 obj/kernel/kernel.o
 .text.unlikely
                0x0000000000128213       0x28 obj/kernel/kutil.o
 *fill*         0x000000000012823b        0x1 
 .text.unlikely
                0x000000000012823c      0x1a9 obj/kernel/mm/heap.o
 *fill*         0x00000000001283e5        0x1 
 .text.unlikely
                0x00000000001283e6       0x53 obj/kernel/mm/pageframe.o
 *fill*         0x0000000000128439        0x1 
 .text.unlikely
                0x000000000012843a       0x57 obj/kernel/mm/paging.o

.iplt           0x0000000000128491        0x0
 .iplt          0x0000000000128491        0x0 obj/kernel/cpu/cpu.o

.text.startup   0x00000000001284a0       0x97
 .text.startup  0x00000000001284a0       0x43 obj/kernel/mm/pagetable.o
 *fill*         0x00000000001284e3        0xd 
 .text.startup  0x00000000001284f0       0x47 obj/kernel/sys/printk.o

.data           0x0000000000129000    0x12990
 *(.data)
 .data          0x0000000000129000      0x118 obj/kernel/cpu/cpu.o
 *fill*         0x0000000000129118      0xee8 
 .data          0x000000000012a000     0x1000 obj/kernel/cpu/gdt.o
                0x000000000012a000                DefaultGDT
 .data          0x000000000012b000      0x15a obj/kernel/cpu/interrupts/idt.o
 .data          0x000000000012b15a        0x0 obj/kernel/cpu/interrupts/interrupts.o
 *fill*         0x000000000012b15a        0x6 
 .data          0x000000000012b160      0x952 obj/kernel/demo.o
 .data          0x000000000012bab2        0x0 obj/kernel/dev/8259/pic.o
 *fill*         0x000000000012bab2        0xe 
 .data          0x000000000012bac0      0x1d7 obj/kernel/dev/acpi/acpi.o
 *fill*         0x000000000012bc97        0x9 
 .data          0x000000000012bca0     0x1740 obj/kernel/dev/ahci/ahci.o
 .data          0x000000000012d3e0     0x1fa2 obj/kernel/dev/fb/gop.o
 *fill*         0x000000000012f382       0x1e 
 .data          0x000000000012f3a0      0x5fe obj/kernel/dev/pci/pci.o
 *fill*         0x000000000012f99e        0x2 
 .data          0x000000000012f9a0       0xa0 obj/kernel/dev/pci/pcidescriptor.o
                0x000000000012f9a0                _ZN3PCI13DeviceClassesE
 .data          0x000000000012fa40       0x71 obj/kernel/dev/serial/serial.o
 *fill*         0x000000000012fab1        0xf 
 .data          0x000000000012fac0       0x52 obj/kernel/dev/timer/pit/pit.o
                0x000000000012fb10                _ZN3PIT7DivisorE
 *fill*         0x000000000012fb12        0xe 
 .data          0x000000000012fb20      0x140 obj/kernel/dev/tty/gpm/gpm.o
                0x000000000012fc40                mouse_pointer
 .data          0x000000000012fc60      0x2a3 obj/kernel/dev/tty/kbd/keyboard.o
 *fill*         0x000000000012ff03       0x1d 
 .data          0x000000000012ff20      0x803 obj/kernel/dev/tty/tty.o
 *fill*         0x0000000000130723       0x1d 
 .data          0x0000000000130740     0x1892 obj/kernel/fs/fat/fat.o
 *fill*         0x0000000000131fd2        0xe 
 .data          0x0000000000131fe0     0x1880 obj/kernel/fs/fs.o
 .data          0x0000000000133860      0x774 obj/kernel/fs/ustar/ustar.o
 *fill*         0x0000000000133fd4        0xc 
 .data          0x0000000000133fe0      0x900 obj/kernel/fs/vfs.o
 .data          0x00000000001348e0        0x0 obj/kernel/io/io.o
 .data          0x00000000001348e0      0x183 obj/kernel/kernel.o
 *fill*         0x0000000000134a63       0x1d 
 .data          0x0000000000134a80      0x810 obj/kernel/kutil.o
 *fill*         0x0000000000135290       0x10 
 .data          0x00000000001352a0      0x274 obj/kernel/mm/bitmap.o
 *fill*         0x0000000000135514        0xc 
 .data          0x0000000000135520       0x70 obj/kernel/mm/efimem.o
                0x0000000000135520                EFI_MEMORY_TYPE_STRINGS
 *fill*         0x0000000000135590       0x10 
 .data          0x00000000001355a0     0x1963 obj/kernel/mm/heap.o
 *fill*         0x0000000000136f03       0x1d 
 .data          0x0000000000136f20      0x1a3 obj/kernel/mm/memory.o
 *fill*         0x00000000001370c3       0x1d 
 .data          0x00000000001370e0     0x1290 obj/kernel/mm/pageframe.o
 *fill*         0x0000000000138370       0x10 
 .data          0x0000000000138380       0xbc obj/kernel/mm/pageindexer.o
 *fill*         0x000000000013843c        0x4 
 .data          0x0000000000138440      0x43e obj/kernel/mm/pagetable.o
 *fill*         0x000000000013887e        0x2 
 .data          0x0000000000138880      0x1c2 obj/kernel/mm/paging.o
 *fill*         0x0000000000138a42       0x1e 
 .data          0x0000000000138a60      0x711 obj/kernel/mm/string.o
 *fill*         0x0000000000139171        0xf 
 .data          0x0000000000139180       0xb8 obj/kernel/mm/vmalloc.o
                0x0000000000139230                vmallocAddress
 .data          0x0000000000139238        0x0 obj/kernel/module/main.o
 *fill*         0x0000000000139238        0x8 
 .data          0x0000000000139240      0x318 obj/kernel/module/module.o
 *fill*         0x0000000000139558        0x8 
 .data          0x0000000000139560       0x4f obj/kernel/module/symbol.o
 *fill*         0x00000000001395af       0x11 
 .data          0x00000000001395c0      0x168 obj/kernel/proc/thread.o
                0x0000000000139720                next_tid
 *fill*         0x0000000000139728       0x18 
 .data          0x0000000000139740     0x16bc obj/kernel/sys/cstr.o
 *fill*         0x000000000013adfc        0x4 
 .data          0x000000000013ae00      0x453 obj/kernel/sys/icxxabi.o
 *fill*         0x000000000013b253        0xd 
 .data          0x000000000013b260       0x62 obj/kernel/sys/math.o
 *fill*         0x000000000013b2c2       0x1e 
 .data          0x000000000013b2e0       0x31 obj/kernel/sys/panik.o
 *fill*         0x000000000013b311        0xf 
 .data          0x000000000013b320       0xcb obj/kernel/sys/printk.o
 .data          0x000000000013b3eb        0x0 obj/kernel/sys/scanf.o
 *fill*         0x000000000013b3eb       0x15 
 .data          0x000000000013b400      0x158 obj/kernel/sys/stack.o
                0x000000000013b550                __stack_chk_guard
 *fill*         0x000000000013b558        0x8 
 .data          0x000000000013b560      0x331 obj/kernel/sys/stdio.o
 .data          0x000000000013b891        0x0 obj/kernel/sys/symbols.o
 .data          0x000000000013b891        0x0 obj/kernel/sys/symbols_map.o
 *fill*         0x000000000013b891        0xf 
 .data          0x000000000013b8a0       0xf0 obj/kernel/sys/ubsan.o
                0x000000000013b940                Type_Check_Kinds

.got            0x000000000013b990        0x0
 .got           0x000000000013b990        0x0 obj/kernel/cpu/cpu.o

.got.plt        0x000000000013b990        0x0
 .got.plt       0x000000000013b990        0x0 obj/kernel/cpu/cpu.o

.igot.plt       0x000000000013b990        0x0
 .igot.plt      0x000000000013b990        0x0 obj/kernel/cpu/cpu.o

.ctors          0x000000000013b990       0x10
 .ctors         0x000000000013b990        0x8 obj/kernel/mm/pagetable.o
 .ctors         0x000000000013b998        0x8 obj/kernel/sys/printk.o

.rodata         0x000000000013c000     0x1c78
 *(.rodata)
 .rodata        0x000000000013c000      0x10e obj/kernel/demo.o
 *fill*         0x000000000013c10e        0x2 
 .rodata        0x000000000013c110      0x268 obj/kernel/dev/pci/pcidescriptor.o
 *fill*         0x000000000013c378        0x8 
 .rodata        0x000000000013c380       0x3a obj/kernel/dev/tty/kbd/keyboard.o
                0x000000000013c380                _ZN14QWERTYKeyboard10ASCIITableE
 .rodata        0x000000000013c3ba        0x3 obj/kernel/fs/vfs.o
 *fill*         0x000000000013c3bd        0x3 
 .rodata        0x000000000013c3c0       0xb0 obj/kernel/sys/printk.o
 .rodata        0x000000000013c470       0xb0 obj/kernel/sys/stdio.o
 .rodata        0x000000000013c520     0x1758 obj/kernel/sys/symbols_map.o
                0x000000000013c520                symbols
                0x000000000013dc70                symbolCount

.rodata.str1.1  0x000000000013dc78     0x373e
 .rodata.str1.1
                0x000000000013dc78       0xa5 obj/kernel/cpu/cpu.o
 .rodata.str1.1
                0x000000000013dd1d       0x6a obj/kernel/cpu/interrupts/interrupts.o
 .rodata.str1.1
                0x000000000013dd87       0x6d obj/kernel/demo.o
                                         0x6f (size before relaxing)
 .rodata.str1.1
                0x000000000013ddf4       0x1d obj/kernel/dev/acpi/acpi.o
 .rodata.str1.1
                0x000000000013de11       0x39 obj/kernel/dev/ahci/ahci.o
 .rodata.str1.1
                0x000000000013de4a       0x1a obj/kernel/dev/fb/gop.o
 .rodata.str1.1
                0x000000000013de64       0x1b obj/kernel/dev/pci/pci.o
 .rodata.str1.1
                0x000000000013de7f      0x493 obj/kernel/dev/pci/pcidescriptor.o
                                        0x4c3 (size before relaxing)
 .rodata.str1.1
                0x000000000013e312      0x20b obj/kernel/dev/tty/tty.o
                                        0x217 (size before relaxing)
 .rodata.str1.1
                0x000000000013e51d       0xde obj/kernel/fs/fat/fat.o
                                         0xe2 (size before relaxing)
 .rodata.str1.1
                0x000000000013e5fb       0xd7 obj/kernel/fs/fs.o
 .rodata.str1.1
                0x000000000013e6d2       0x6e obj/kernel/fs/ustar/ustar.o
                                         0x73 (size before relaxing)
 .rodata.str1.1
                0x000000000013e740       0x5d obj/kernel/fs/vfs.o
                                         0x5f (size before relaxing)
 .rodata.str1.1
                0x000000000013e79d       0x37 obj/kernel/kernel.o
                                         0x3e (size before relaxing)
 .rodata.str1.1
                0x000000000013e7d4       0x5f obj/kernel/kutil.o
 .rodata.str1.1
                0x000000000013e833       0x19 obj/kernel/mm/bitmap.o
 .rodata.str1.1
                0x000000000013e84c      0x10e obj/kernel/mm/efimem.o
 .rodata.str1.1
                0x000000000013e95a       0x36 obj/kernel/mm/heap.o
                                         0x41 (size before relaxing)
 .rodata.str1.1
                0x000000000013e990       0x19 obj/kernel/mm/memory.o
 .rodata.str1.1
                0x000000000013e9a9       0x1c obj/kernel/mm/pageframe.o
 .rodata.str1.1
                0x000000000013e9c5       0x1e obj/kernel/mm/pageindexer.o
 .rodata.str1.1
                0x000000000013e9e3       0x1c obj/kernel/mm/pagetable.o
 .rodata.str1.1
                0x000000000013e9ff       0x19 obj/kernel/mm/paging.o
 .rodata.str1.1
                0x000000000013ea18       0x19 obj/kernel/mm/string.o
 .rodata.str1.1
                0x000000000013ea31       0x1a obj/kernel/mm/vmalloc.o
 .rodata.str1.1
                0x000000000013ea4b       0x4e obj/kernel/module/module.o
 .rodata.str1.1
                0x000000000013ea99      0x119 obj/kernel/module/symbol.o
 .rodata.str1.1
                0x000000000013ebb2       0x1b obj/kernel/proc/thread.o
 .rodata.str1.1
                0x000000000013ebcd       0x18 obj/kernel/sys/cstr.o
 .rodata.str1.1
                0x000000000013ebe5       0x55 obj/kernel/sys/icxxabi.o
 .rodata.str1.1
                0x000000000013ec3a       0x18 obj/kernel/sys/math.o
 .rodata.str1.1
                0x000000000013ec52       0x94 obj/kernel/sys/panik.o
                                         0xac (size before relaxing)
 .rodata.str1.1
                0x000000000013ece6       0x1a obj/kernel/sys/printk.o
                                         0x1e (size before relaxing)
 .rodata.str1.1
                0x000000000013ed00       0x71 obj/kernel/sys/stack.o
 .rodata.str1.1
                0x000000000013ed71       0x19 obj/kernel/sys/stdio.o
 .rodata.str1.1
                0x000000000013ed8a     0x2587 obj/kernel/sys/symbols_map.o
                                       0x2741 (size before relaxing)
 .rodata.str1.1
                0x0000000000141311       0xa5 obj/kernel/sys/ubsan.o

.eh_frame       0x00000000001413b8     0x2e98
 .eh_frame      0x00000000001413b8       0xa8 obj/kernel/cpu/cpu.o
 .eh_frame      0x0000000000141460       0x28 obj/kernel/cpu/gdt.o
                                         0x40 (size before relaxing)
 .eh_frame      0x0000000000141488       0x70 obj/kernel/cpu/interrupts/idt.o
                                         0x88 (size before relaxing)
 .eh_frame      0x00000000001414f8      0x198 obj/kernel/cpu/interrupts/interrupts.o
                                        0x1b0 (size before relaxing)
 .eh_frame      0x0000000000141690      0x130 obj/kernel/demo.o
                                        0x148 (size before relaxing)
 .eh_frame      0x00000000001417c0       0x90 obj/kernel/dev/8259/pic.o
                                         0xa8 (size before relaxing)
 .eh_frame      0x0000000000141850       0x40 obj/kernel/dev/acpi/acpi.o
                                         0x58 (size before relaxing)
 .eh_frame      0x0000000000141890      0x220 obj/kernel/dev/ahci/ahci.o
                                        0x238 (size before relaxing)
 .eh_frame      0x0000000000141ab0      0x330 obj/kernel/dev/fb/gop.o
                                        0x348 (size before relaxing)
 .eh_frame      0x0000000000141de0      0x100 obj/kernel/dev/pci/pci.o
                                        0x118 (size before relaxing)
 .eh_frame      0x0000000000141ee0      0x128 obj/kernel/dev/pci/pcidescriptor.o
                                        0x140 (size before relaxing)
 .eh_frame      0x0000000000142008       0xb8 obj/kernel/dev/serial/serial.o
                                         0xd0 (size before relaxing)
 .eh_frame      0x00000000001420c0      0x180 obj/kernel/dev/timer/pit/pit.o
                                        0x198 (size before relaxing)
 .eh_frame      0x0000000000142240       0xe8 obj/kernel/dev/tty/gpm/gpm.o
                                        0x100 (size before relaxing)
 .eh_frame      0x0000000000142328       0xa8 obj/kernel/dev/tty/kbd/keyboard.o
                                         0xc0 (size before relaxing)
 .eh_frame      0x00000000001423d0      0x1e0 obj/kernel/dev/tty/tty.o
                                        0x1f8 (size before relaxing)
 .eh_frame      0x00000000001425b0      0x1f8 obj/kernel/fs/fat/fat.o
                                        0x210 (size before relaxing)
 .eh_frame      0x00000000001427a8      0x1a0 obj/kernel/fs/fs.o
                                        0x1b8 (size before relaxing)
 .eh_frame      0x0000000000142948      0x120 obj/kernel/fs/ustar/ustar.o
                                        0x138 (size before relaxing)
 .eh_frame      0x0000000000142a68      0x130 obj/kernel/fs/vfs.o
                                        0x148 (size before relaxing)
 .eh_frame      0x0000000000142b98       0xb8 obj/kernel/io/io.o
                                         0xd0 (size before relaxing)
 .eh_frame      0x0000000000142c50       0x48 obj/kernel/kernel.o
                                         0x60 (size before relaxing)
 .eh_frame      0x0000000000142c98      0x168 obj/kernel/kutil.o
                                        0x180 (size before relaxing)
 .eh_frame      0x0000000000142e00       0xa0 obj/kernel/mm/bitmap.o
                                         0xb8 (size before relaxing)
 .eh_frame      0x0000000000142ea0      0x2b8 obj/kernel/mm/heap.o
                                        0x2d0 (size before relaxing)
 .eh_frame      0x0000000000143158       0xd0 obj/kernel/mm/memory.o
                                         0xe8 (size before relaxing)
 .eh_frame      0x0000000000143228      0x330 obj/kernel/mm/pageframe.o
                                        0x348 (size before relaxing)
 .eh_frame      0x0000000000143558       0x38 obj/kernel/mm/pageindexer.o
                                         0x50 (size before relaxing)
 .eh_frame      0x0000000000143590       0x90 obj/kernel/mm/pagetable.o
                                         0xa8 (size before relaxing)
 .eh_frame      0x0000000000143620      0x108 obj/kernel/mm/paging.o
                                        0x120 (size before relaxing)
 .eh_frame      0x0000000000143728      0x198 obj/kernel/mm/string.o
                                        0x1b0 (size before relaxing)
 .eh_frame      0x00000000001438c0       0x38 obj/kernel/mm/vmalloc.o
                                         0x50 (size before relaxing)
 .eh_frame      0x00000000001438f8       0xd0 obj/kernel/module/module.o
                                         0xe8 (size before relaxing)
 .eh_frame      0x00000000001439c8       0x68 obj/kernel/module/symbol.o
                                         0x80 (size before relaxing)
 .eh_frame      0x0000000000143a30       0x40 obj/kernel/proc/thread.o
                                         0x58 (size before relaxing)
 .eh_frame      0x0000000000143a70      0x1d8 obj/kernel/sys/cstr.o
                                        0x1f0 (size before relaxing)
 .eh_frame      0x0000000000143c48       0x78 obj/kernel/sys/icxxabi.o
                                         0x90 (size before relaxing)
 .eh_frame      0x0000000000143cc0       0x58 obj/kernel/sys/math.o
                                         0x70 (size before relaxing)
 .eh_frame      0x0000000000143d18       0x28 obj/kernel/sys/panik.o
                                         0x40 (size before relaxing)
 .eh_frame      0x0000000000143d40      0x158 obj/kernel/sys/printk.o
                                        0x170 (size before relaxing)
 .eh_frame      0x0000000000143e98       0x58 obj/kernel/sys/stack.o
                                         0x70 (size before relaxing)
 .eh_frame      0x0000000000143ef0      0x178 obj/kernel/sys/stdio.o
                                        0x190 (size before relaxing)
 .eh_frame      0x0000000000144068       0x28 obj/kernel/sys/symbols.o
                                         0x40 (size before relaxing)
 .eh_frame      0x0000000000144090      0x1c0 obj/kernel/sys/ubsan.o
                                        0x1d8 (size before relaxing)

.rodata.str1.8  0x0000000000144250     0x1b8b
 .rodata.str1.8
                0x0000000000144250       0x22 obj/kernel/cpu/interrupts/idt.o
 *fill*         0x0000000000144272        0x6 
 .rodata.str1.8
                0x0000000000144278       0x29 obj/kernel/cpu/interrupts/interrupts.o
 *fill*         0x00000000001442a1        0x7 
 .rodata.str1.8
                0x00000000001442a8       0xde obj/kernel/demo.o
 *fill*         0x0000000000144386        0x2 
 .rodata.str1.8
                0x0000000000144388       0x58 obj/kernel/dev/ahci/ahci.o
 .rodata.str1.8
                0x00000000001443e0       0xb2 obj/kernel/dev/pci/pci.o
 *fill*         0x0000000000144492        0x6 
 .rodata.str1.8
                0x0000000000144498       0xf3 obj/kernel/dev/pci/pcidescriptor.o
 *fill*         0x000000000014458b        0x5 
 .rodata.str1.8
                0x0000000000144590       0x21 obj/kernel/dev/serial/serial.o
 *fill*         0x00000000001445b1        0x7 
 .rodata.str1.8
                0x00000000001445b8       0x21 obj/kernel/dev/timer/pit/pit.o
 *fill*         0x00000000001445d9        0x7 
 .rodata.str1.8
                0x00000000001445e0       0x1f obj/kernel/dev/tty/gpm/gpm.o
 *fill*         0x00000000001445ff        0x1 
 .rodata.str1.8
                0x0000000000144600       0x24 obj/kernel/dev/tty/kbd/keyboard.o
 *fill*         0x0000000000144624        0x4 
 .rodata.str1.8
                0x0000000000144628      0x269 obj/kernel/dev/tty/tty.o
 *fill*         0x0000000000144891        0x7 
 .rodata.str1.8
                0x0000000000144898       0xd8 obj/kernel/fs/fat/fat.o
 .rodata.str1.8
                0x0000000000144970       0x4c obj/kernel/fs/fs.o
 *fill*         0x00000000001449bc        0x4 
 .rodata.str1.8
                0x00000000001449c0       0x21 obj/kernel/fs/ustar/ustar.o
 *fill*         0x00000000001449e1        0x7 
 .rodata.str1.8
                0x00000000001449e8      0x1b6 obj/kernel/kernel.o
 *fill*         0x0000000000144b9e        0x2 
 .rodata.str1.8
                0x0000000000144ba0      0x112 obj/kernel/kutil.o
 *fill*         0x0000000000144cb2        0x6 
 .rodata.str1.8
                0x0000000000144cb8      0x1a9 obj/kernel/module/module.o
 *fill*         0x0000000000144e61        0x7 
 .rodata.str1.8
                0x0000000000144e68       0x1f obj/kernel/module/symbol.o
 *fill*         0x0000000000144e87        0x1 
 .rodata.str1.8
                0x0000000000144e88       0x25 obj/kernel/sys/panik.o
 *fill*         0x0000000000144ead        0x3 
 .rodata.str1.8
                0x0000000000144eb0       0x3e obj/kernel/sys/stack.o
 *fill*         0x0000000000144eee        0x2 
 .rodata.str1.8
                0x0000000000144ef0      0xeeb obj/kernel/sys/symbols_map.o

.rodata.cst8    0x0000000000145de0       0x70
 .rodata.cst8   0x0000000000145de0       0x48 obj/kernel/demo.o
 .rodata.cst8   0x0000000000145e28       0x10 obj/kernel/dev/timer/pit/pit.o
                                         0x18 (size before relaxing)
 .rodata.cst8   0x0000000000145e38        0x8 obj/kernel/dev/tty/tty.o
 .rodata.cst8   0x0000000000145e40        0x8 obj/kernel/sys/cstr.o
 .rodata.cst8   0x0000000000145e48        0x8 obj/kernel/sys/math.o
                                         0x10 (size before relaxing)

.rodata.cst16   0x0000000000145e50       0x40
 .rodata.cst16  0x0000000000145e50       0x40 obj/kernel/demo.o
 .rodata.cst16  0x0000000000145e90       0x10 obj/kernel/sys/cstr.o

.rela.dyn       0x0000000000145e90        0x0
 .rela.got      0x0000000000145e90        0x0 obj/kernel/cpu/cpu.o
 .rela.iplt     0x0000000000145e90        0x0 obj/kernel/cpu/cpu.o
 .rela.text     0x0000000000145e90        0x0 obj/kernel/cpu/cpu.o

.bss            0x0000000000146000     0x5170
 *(COMMON)
 *(.bss)
 .bss           0x0000000000146000        0x4 obj/kernel/cpu/cpu.o
                0x0000000000146000                _ZN3CPU6vendorE
 *fill*         0x0000000000146004        0xc 
 .bss           0x0000000000146010       0x18 obj/kernel/cpu/gdt.o
                0x0000000000146010                tss
 .bss           0x0000000000146028        0x0 obj/kernel/cpu/interrupts/idt.o
 .bss           0x0000000000146028        0x0 obj/kernel/cpu/interrupts/interrupts.o
 .bss           0x0000000000146028        0x0 obj/kernel/demo.o
 .bss           0x0000000000146028        0x0 obj/kernel/dev/8259/pic.o
 .bss           0x0000000000146028        0x0 obj/kernel/dev/acpi/acpi.o
 .bss           0x0000000000146028        0x0 obj/kernel/dev/ahci/ahci.o
 .bss           0x0000000000146028        0x0 obj/kernel/dev/fb/gop.o
 .bss           0x0000000000146028        0x0 obj/kernel/dev/pci/pci.o
 .bss           0x0000000000146028        0x0 obj/kernel/dev/pci/pcidescriptor.o
 .bss           0x0000000000146028        0x4 obj/kernel/dev/serial/serial.o
                0x0000000000146028                port
 *fill*         0x000000000014602c        0x4 
 .bss           0x0000000000146030        0x8 obj/kernel/dev/timer/pit/pit.o
                0x0000000000146030                _ZN3PIT13TimeSinceBootE
 .bss           0x0000000000146038       0x16 obj/kernel/dev/tty/gpm/gpm.o
                0x0000000000146038                mouse_position_old
                0x0000000000146040                mouse_position
                0x0000000000146048                mouse_packet_ready
                0x0000000000146049                mouse_packet
                0x000000000014604d                mouse_cycle
 .bss           0x000000000014604e        0x2 obj/kernel/dev/tty/kbd/keyboard.o
                0x000000000014604e                rshift_pressed
                0x000000000014604f                lshift_pressed
 .bss           0x0000000000146050        0x9 obj/kernel/dev/tty/tty.o
                0x0000000000146050                GlobalTTY
 *fill*         0x0000000000146059        0x3 
 .bss           0x000000000014605c       0x24 obj/kernel/fs/fat/fat.o
                0x000000000014605c                _ZN3FAT16the_root_clusterE
                0x0000000000146060                _ZN3FAT23first_sector_of_clusterE
                0x0000000000146064                _ZN3FAT14total_clustersE
                0x0000000000146068                _ZN3FAT12data_sectorsE
                0x000000000014606c                _ZN3FAT16first_fat_sectorE
                0x0000000000146070                _ZN3FAT17first_data_sectorE
                0x0000000000146074                _ZN3FAT16root_dir_sectorsE
                0x0000000000146078                _ZN3FAT8fat_sizeE
                0x000000000014607c                _ZN3FAT13total_sectorsE
 .bss           0x0000000000146080        0x8 obj/kernel/fs/fs.o
                0x0000000000146080                GlobalFSManager
 *fill*         0x0000000000146088       0x18 
 .bss           0x00000000001460a0     0x3801 obj/kernel/fs/ustar/ustar.o
                0x00000000001460a0                _ZN5USTAR5filesE
 *fill*         0x00000000001498a1        0x7 
 .bss           0x00000000001498a8       0x18 obj/kernel/fs/vfs.o
                0x00000000001498a8                rootfs
                0x00000000001498b0                stdlog
                0x00000000001498b8                stdout
 .bss           0x00000000001498c0        0x0 obj/kernel/io/io.o
 .bss           0x00000000001498c0        0x0 obj/kernel/kernel.o
 .bss           0x00000000001498c0       0x28 obj/kernel/kutil.o
                0x00000000001498c0                idtr
                0x00000000001498d0                kInfo
 .bss           0x00000000001498e8        0x0 obj/kernel/mm/bitmap.o
 .bss           0x00000000001498e8        0x0 obj/kernel/mm/efimem.o
 .bss           0x00000000001498e8       0x18 obj/kernel/mm/heap.o
                0x00000000001498e8                lastHeader
                0x00000000001498f0                heapEnd
                0x00000000001498f8                heapStart
 .bss           0x0000000000149900        0x8 obj/kernel/mm/memory.o
 *fill*         0x0000000000149908        0x8 
 .bss           0x0000000000149910       0x40 obj/kernel/mm/pageframe.o
                0x0000000000149910                page_bitmap_index
                0x0000000000149920                GlobalAllocator
                0x0000000000149930                initialized
                0x0000000000149938                used_memory
                0x0000000000149940                reserved_memory
                0x0000000000149948                free_memory
 .bss           0x0000000000149950        0x0 obj/kernel/mm/pageindexer.o
 .bss           0x0000000000149950        0x8 obj/kernel/mm/pagetable.o
                0x0000000000149950                GlobalPageTableManager
 .bss           0x0000000000149958        0x0 obj/kernel/mm/paging.o
 .bss           0x0000000000149958        0x8 obj/kernel/mm/string.o
 .bss           0x0000000000149960        0x0 obj/kernel/mm/vmalloc.o
 .bss           0x0000000000149960        0x0 obj/kernel/module/main.o
 .bss           0x0000000000149960        0x8 obj/kernel/module/module.o
                0x0000000000149960                GlobalModuleManager
 *fill*         0x0000000000149968        0x8 
 .bss           0x0000000000149970       0x18 obj/kernel/module/symbol.o
                0x0000000000149970                KRNLSYMTABLE
 .bss           0x0000000000149988        0x0 obj/kernel/proc/thread.o
 *fill*         0x0000000000149988       0x18 
 .bss           0x00000000001499a0      0x380 obj/kernel/sys/cstr.o
                0x00000000001499a0                doubleTo_StringOutput
                0x0000000000149a20                intTo_StringOutput
                0x0000000000149aa0                hexTo_StringOutput8
                0x0000000000149b20                hexTo_StringOutput16
                0x0000000000149ba0                hexTo_StringOutput32
                0x0000000000149c20                hexTo_StringOutput
                0x0000000000149ca0                uintTo_StringOutput
 .bss           0x0000000000149d20      0xc20 obj/kernel/sys/icxxabi.o
                0x0000000000149d20                __dso_handle
                0x0000000000149d28                __atexit_func_count
                0x0000000000149d40                __atexit_funcs
 .bss           0x000000000014a940        0x0 obj/kernel/sys/math.o
 .bss           0x000000000014a940        0x0 obj/kernel/sys/panik.o
 .bss           0x000000000014a940      0x830 obj/kernel/sys/printk.o
                0x000000000014a940                GlobalRenderer
 .bss           0x000000000014b170        0x0 obj/kernel/sys/scanf.o
 .bss           0x000000000014b170        0x0 obj/kernel/sys/stack.o
 .bss           0x000000000014b170        0x0 obj/kernel/sys/stdio.o
 .bss           0x000000000014b170        0x0 obj/kernel/sys/symbols.o
 .bss           0x000000000014b170        0x0 obj/kernel/sys/symbols_map.o
 .bss           0x000000000014b170        0x0 obj/kernel/sys/ubsan.o
                0x000000000014b170                kernel_end = .
OUTPUT(bin/kernel.elf elf64-x86-64)

.debug_info     0x0000000000000000    0x2d14e
 .debug_info    0x0000000000000000      0x636 obj/kernel/cpu/cpu.o
 .debug_info    0x0000000000000636      0x29f obj/kernel/cpu/gdt.o
 .debug_info    0x00000000000008d5      0x36f obj/kernel/cpu/interrupts/idt.o
 .debug_info    0x0000000000000c44      0x48f obj/kernel/cpu/interrupts/interrupts.o
 .debug_info    0x00000000000010d3     0x280a obj/kernel/demo.o
 .debug_info    0x00000000000038dd      0x3b9 obj/kernel/dev/8259/pic.o
 .debug_info    0x0000000000003c96      0x486 obj/kernel/dev/acpi/acpi.o
 .debug_info    0x000000000000411c     0x33c4 obj/kernel/dev/ahci/ahci.o
 .debug_info    0x00000000000074e0     0x3383 obj/kernel/dev/fb/gop.o
 .debug_info    0x000000000000a863     0x1d03 obj/kernel/dev/pci/pci.o
 .debug_info    0x000000000000c566      0x4db obj/kernel/dev/pci/pcidescriptor.o
 .debug_info    0x000000000000ca41      0x4ef obj/kernel/dev/serial/serial.o
 .debug_info    0x000000000000cf30      0x49f obj/kernel/dev/timer/pit/pit.o
 .debug_info    0x000000000000d3cf      0xc50 obj/kernel/dev/tty/gpm/gpm.o
 .debug_info    0x000000000000e01f      0x66c obj/kernel/dev/tty/kbd/keyboard.o
 .debug_info    0x000000000000e68b     0x274d obj/kernel/dev/tty/tty.o
 .debug_info    0x0000000000010dd8     0x3654 obj/kernel/fs/fat/fat.o
 .debug_info    0x000000000001442c     0x2fad obj/kernel/fs/fs.o
 .debug_info    0x00000000000173d9     0x1033 obj/kernel/fs/ustar/ustar.o
 .debug_info    0x000000000001840c     0x117e obj/kernel/fs/vfs.o
 .debug_info    0x000000000001958a      0x254 obj/kernel/io/io.o
 .debug_info    0x00000000000197de      0xd27 obj/kernel/kernel.o
 .debug_info    0x000000000001a505     0x2d2c obj/kernel/kutil.o
 .debug_info    0x000000000001d231      0x662 obj/kernel/mm/bitmap.o
 .debug_info    0x000000000001d893       0xa6 obj/kernel/mm/efimem.o
 .debug_info    0x000000000001d939     0x2a62 obj/kernel/mm/heap.o
 .debug_info    0x000000000002039b      0x59d obj/kernel/mm/memory.o
 .debug_info    0x0000000000020938     0x2ce8 obj/kernel/mm/pageframe.o
 .debug_info    0x0000000000023620      0x221 obj/kernel/mm/pageindexer.o
 .debug_info    0x0000000000023841      0xf8c obj/kernel/mm/pagetable.o
 .debug_info    0x00000000000247cd      0x4ab obj/kernel/mm/paging.o
 .debug_info    0x0000000000024c78      0xd45 obj/kernel/mm/string.o
 .debug_info    0x00000000000259bd      0x6b8 obj/kernel/mm/vmalloc.o
 .debug_info    0x0000000000026075       0x75 obj/kernel/module/main.o
 .debug_info    0x00000000000260ea      0xba1 obj/kernel/module/module.o
 .debug_info    0x0000000000026c8b      0x4a1 obj/kernel/module/symbol.o
 .debug_info    0x000000000002712c      0x687 obj/kernel/proc/thread.o
 .debug_info    0x00000000000277b3     0x2448 obj/kernel/sys/cstr.o
 .debug_info    0x0000000000029bfb      0x6b7 obj/kernel/sys/icxxabi.o
 .debug_info    0x000000000002a2b2      0x1f6 obj/kernel/sys/math.o
 .debug_info    0x000000000002a4a8      0x5e9 obj/kernel/sys/panik.o
 .debug_info    0x000000000002aa91      0xf45 obj/kernel/sys/printk.o
 .debug_info    0x000000000002b9d6       0x71 obj/kernel/sys/scanf.o
 .debug_info    0x000000000002ba47      0x479 obj/kernel/sys/stack.o
 .debug_info    0x000000000002bec0      0xcff obj/kernel/sys/stdio.o
 .debug_info    0x000000000002cbbf      0x129 obj/kernel/sys/symbols.o
 .debug_info    0x000000000002cce8      0x10c obj/kernel/sys/symbols_map.o
 .debug_info    0x000000000002cdf4      0x35a obj/kernel/sys/ubsan.o

.debug_abbrev   0x0000000000000000     0x6c93
 .debug_abbrev  0x0000000000000000      0x251 obj/kernel/cpu/cpu.o
 .debug_abbrev  0x0000000000000251      0x12a obj/kernel/cpu/gdt.o
 .debug_abbrev  0x000000000000037b      0x138 obj/kernel/cpu/interrupts/idt.o
 .debug_abbrev  0x00000000000004b3      0x16f obj/kernel/cpu/interrupts/interrupts.o
 .debug_abbrev  0x0000000000000622      0x47c obj/kernel/demo.o
 .debug_abbrev  0x0000000000000a9e       0xf1 obj/kernel/dev/8259/pic.o
 .debug_abbrev  0x0000000000000b8f      0x141 obj/kernel/dev/acpi/acpi.o
 .debug_abbrev  0x0000000000000cd0      0x4d2 obj/kernel/dev/ahci/ahci.o
 .debug_abbrev  0x00000000000011a2      0x305 obj/kernel/dev/fb/gop.o
 .debug_abbrev  0x00000000000014a7      0x451 obj/kernel/dev/pci/pci.o
 .debug_abbrev  0x00000000000018f8      0x161 obj/kernel/dev/pci/pcidescriptor.o
 .debug_abbrev  0x0000000000001a59      0x217 obj/kernel/dev/serial/serial.o
 .debug_abbrev  0x0000000000001c70      0x21b obj/kernel/dev/timer/pit/pit.o
 .debug_abbrev  0x0000000000001e8b      0x355 obj/kernel/dev/tty/gpm/gpm.o
 .debug_abbrev  0x00000000000021e0      0x235 obj/kernel/dev/tty/kbd/keyboard.o
 .debug_abbrev  0x0000000000002415      0x531 obj/kernel/dev/tty/tty.o
 .debug_abbrev  0x0000000000002946      0x3e1 obj/kernel/fs/fat/fat.o
 .debug_abbrev  0x0000000000002d27      0x428 obj/kernel/fs/fs.o
 .debug_abbrev  0x000000000000314f      0x260 obj/kernel/fs/ustar/ustar.o
 .debug_abbrev  0x00000000000033af      0x230 obj/kernel/fs/vfs.o
 .debug_abbrev  0x00000000000035df      0x12b obj/kernel/io/io.o
 .debug_abbrev  0x000000000000370a      0x2b1 obj/kernel/kernel.o
 .debug_abbrev  0x00000000000039bb      0x5d1 obj/kernel/kutil.o
 .debug_abbrev  0x0000000000003f8c      0x1ea obj/kernel/mm/bitmap.o
 .debug_abbrev  0x0000000000004176       0x71 obj/kernel/mm/efimem.o
 .debug_abbrev  0x00000000000041e7      0x382 obj/kernel/mm/heap.o
 .debug_abbrev  0x0000000000004569      0x1a4 obj/kernel/mm/memory.o
 .debug_abbrev  0x000000000000470d      0x362 obj/kernel/mm/pageframe.o
 .debug_abbrev  0x0000000000004a6f      0x124 obj/kernel/mm/pageindexer.o
 .debug_abbrev  0x0000000000004b93      0x385 obj/kernel/mm/pagetable.o
 .debug_abbrev  0x0000000000004f18      0x18c obj/kernel/mm/paging.o
 .debug_abbrev  0x00000000000050a4      0x1b5 obj/kernel/mm/string.o
 .debug_abbrev  0x0000000000005259      0x27b obj/kernel/mm/vmalloc.o
 .debug_abbrev  0x00000000000054d4       0x4d obj/kernel/module/main.o
 .debug_abbrev  0x0000000000005521      0x2f8 obj/kernel/module/module.o
 .debug_abbrev  0x0000000000005819      0x1d5 obj/kernel/module/symbol.o
 .debug_abbrev  0x00000000000059ee      0x205 obj/kernel/proc/thread.o
 .debug_abbrev  0x0000000000005bf3      0x1c1 obj/kernel/sys/cstr.o
 .debug_abbrev  0x0000000000005db4      0x16b obj/kernel/sys/icxxabi.o
 .debug_abbrev  0x0000000000005f1f       0xc9 obj/kernel/sys/math.o
 .debug_abbrev  0x0000000000005fe8      0x1d5 obj/kernel/sys/panik.o
 .debug_abbrev  0x00000000000061bd      0x3dd obj/kernel/sys/printk.o
 .debug_abbrev  0x000000000000659a       0x2d obj/kernel/sys/scanf.o
 .debug_abbrev  0x00000000000065c7      0x1cd obj/kernel/sys/stack.o
 .debug_abbrev  0x0000000000006794      0x24a obj/kernel/sys/stdio.o
 .debug_abbrev  0x00000000000069de       0xbc obj/kernel/sys/symbols.o
 .debug_abbrev  0x0000000000006a9a       0xb5 obj/kernel/sys/symbols_map.o
 .debug_abbrev  0x0000000000006b4f      0x144 obj/kernel/sys/ubsan.o

.debug_loclists
                0x0000000000000000     0xc2f8
 .debug_loclists
                0x0000000000000000       0x5b obj/kernel/cpu/cpu.o
 .debug_loclists
                0x000000000000005b      0x140 obj/kernel/cpu/interrupts/idt.o
 .debug_loclists
                0x000000000000019b       0x20 obj/kernel/cpu/interrupts/interrupts.o
 .debug_loclists
                0x00000000000001bb      0x95a obj/kernel/demo.o
 .debug_loclists
                0x0000000000000b15       0x3e obj/kernel/dev/8259/pic.o
 .debug_loclists
                0x0000000000000b53      0x133 obj/kernel/dev/acpi/acpi.o
 .debug_loclists
                0x0000000000000c86      0x809 obj/kernel/dev/ahci/ahci.o
 .debug_loclists
                0x000000000000148f     0x140c obj/kernel/dev/fb/gop.o
 .debug_loclists
                0x000000000000289b      0x944 obj/kernel/dev/pci/pci.o
 .debug_loclists
                0x00000000000031df      0x26b obj/kernel/dev/pci/pcidescriptor.o
 .debug_loclists
                0x000000000000344a       0xfd obj/kernel/dev/serial/serial.o
 .debug_loclists
                0x0000000000003547      0x109 obj/kernel/dev/timer/pit/pit.o
 .debug_loclists
                0x0000000000003650      0x170 obj/kernel/dev/tty/gpm/gpm.o
 .debug_loclists
                0x00000000000037c0      0x2b9 obj/kernel/dev/tty/kbd/keyboard.o
 .debug_loclists
                0x0000000000003a79      0x352 obj/kernel/dev/tty/tty.o
 .debug_loclists
                0x0000000000003dcb     0x1068 obj/kernel/fs/fat/fat.o
 .debug_loclists
                0x0000000000004e33      0x7de obj/kernel/fs/fs.o
 .debug_loclists
                0x0000000000005611      0x40b obj/kernel/fs/ustar/ustar.o
 .debug_loclists
                0x0000000000005a1c      0x2d1 obj/kernel/fs/vfs.o
 .debug_loclists
                0x0000000000005ced       0xab obj/kernel/io/io.o
 .debug_loclists
                0x0000000000005d98       0x39 obj/kernel/kernel.o
 .debug_loclists
                0x0000000000005dd1      0x79c obj/kernel/kutil.o
 .debug_loclists
                0x000000000000656d      0x22a obj/kernel/mm/bitmap.o
 .debug_loclists
                0x0000000000006797      0xa34 obj/kernel/mm/heap.o
 .debug_loclists
                0x00000000000071cb      0x2ae obj/kernel/mm/memory.o
 .debug_loclists
                0x0000000000007479     0x1839 obj/kernel/mm/pageframe.o
 .debug_loclists
                0x0000000000008cb2       0xdd obj/kernel/mm/pageindexer.o
 .debug_loclists
                0x0000000000008d8f      0x256 obj/kernel/mm/pagetable.o
 .debug_loclists
                0x0000000000008fe5      0x25e obj/kernel/mm/paging.o
 .debug_loclists
                0x0000000000009243      0x76b obj/kernel/mm/string.o
 .debug_loclists
                0x00000000000099ae       0xb1 obj/kernel/mm/vmalloc.o
 .debug_loclists
                0x0000000000009a5f      0x160 obj/kernel/module/module.o
 .debug_loclists
                0x0000000000009bbf       0x91 obj/kernel/module/symbol.o
 .debug_loclists
                0x0000000000009c50       0x7a obj/kernel/proc/thread.o
 .debug_loclists
                0x0000000000009cca     0x181f obj/kernel/sys/cstr.o
 .debug_loclists
                0x000000000000b4e9      0x104 obj/kernel/sys/icxxabi.o
 .debug_loclists
                0x000000000000b5ed      0x234 obj/kernel/sys/math.o
 .debug_loclists
                0x000000000000b821       0x82 obj/kernel/sys/panik.o
 .debug_loclists
                0x000000000000b8a3      0x3f7 obj/kernel/sys/printk.o
 .debug_loclists
                0x000000000000bc9a       0xb1 obj/kernel/sys/stack.o
 .debug_loclists
                0x000000000000bd4b      0x4cd obj/kernel/sys/stdio.o
 .debug_loclists
                0x000000000000c218       0x1e obj/kernel/sys/symbols.o
 .debug_loclists
                0x000000000000c236       0xc2 obj/kernel/sys/ubsan.o

.debug_aranges  0x0000000000000000      0x9b0
 .debug_aranges
                0x0000000000000000       0x40 obj/kernel/cpu/cpu.o
 .debug_aranges
                0x0000000000000040       0x30 obj/kernel/cpu/gdt.o
 .debug_aranges
                0x0000000000000070       0x30 obj/kernel/cpu/interrupts/idt.o
 .debug_aranges
                0x00000000000000a0       0x30 obj/kernel/cpu/interrupts/interrupts.o
 .debug_aranges
                0x00000000000000d0       0x30 obj/kernel/demo.o
 .debug_aranges
                0x0000000000000100       0x30 obj/kernel/dev/8259/pic.o
 .debug_aranges
                0x0000000000000130       0x30 obj/kernel/dev/acpi/acpi.o
 .debug_aranges
                0x0000000000000160       0x30 obj/kernel/dev/ahci/ahci.o
 .debug_aranges
                0x0000000000000190       0x40 obj/kernel/dev/fb/gop.o
 .debug_aranges
                0x00000000000001d0       0x30 obj/kernel/dev/pci/pci.o
 .debug_aranges
                0x0000000000000200       0x30 obj/kernel/dev/pci/pcidescriptor.o
 .debug_aranges
                0x0000000000000230       0x30 obj/kernel/dev/serial/serial.o
 .debug_aranges
                0x0000000000000260       0x40 obj/kernel/dev/timer/pit/pit.o
 .debug_aranges
                0x00000000000002a0       0x40 obj/kernel/dev/tty/gpm/gpm.o
 .debug_aranges
                0x00000000000002e0       0x40 obj/kernel/dev/tty/kbd/keyboard.o
 .debug_aranges
                0x0000000000000320       0x40 obj/kernel/dev/tty/tty.o
 .debug_aranges
                0x0000000000000360       0x40 obj/kernel/fs/fat/fat.o
 .debug_aranges
                0x00000000000003a0       0x40 obj/kernel/fs/fs.o
 .debug_aranges
                0x00000000000003e0       0x30 obj/kernel/fs/ustar/ustar.o
 .debug_aranges
                0x0000000000000410       0x30 obj/kernel/fs/vfs.o
 .debug_aranges
                0x0000000000000440       0x30 obj/kernel/io/io.o
 .debug_aranges
                0x0000000000000470       0x40 obj/kernel/kernel.o
 .debug_aranges
                0x00000000000004b0       0x40 obj/kernel/kutil.o
 .debug_aranges
                0x00000000000004f0       0x30 obj/kernel/mm/bitmap.o
 .debug_aranges
                0x0000000000000520       0x20 obj/kernel/mm/efimem.o
 .debug_aranges
                0x0000000000000540       0x40 obj/kernel/mm/heap.o
 .debug_aranges
                0x0000000000000580       0x30 obj/kernel/mm/memory.o
 .debug_aranges
                0x00000000000005b0       0x40 obj/kernel/mm/pageframe.o
 .debug_aranges
                0x00000000000005f0       0x30 obj/kernel/mm/pageindexer.o
 .debug_aranges
                0x0000000000000620       0x40 obj/kernel/mm/pagetable.o
 .debug_aranges
                0x0000000000000660       0x40 obj/kernel/mm/paging.o
 .debug_aranges
                0x00000000000006a0       0x30 obj/kernel/mm/string.o
 .debug_aranges
                0x00000000000006d0       0x30 obj/kernel/mm/vmalloc.o
 .debug_aranges
                0x0000000000000700       0x20 obj/kernel/module/main.o
 .debug_aranges
                0x0000000000000720       0x30 obj/kernel/module/module.o
 .debug_aranges
                0x0000000000000750       0x30 obj/kernel/module/symbol.o
 .debug_aranges
                0x0000000000000780       0x30 obj/kernel/proc/thread.o
 .debug_aranges
                0x00000000000007b0       0x30 obj/kernel/sys/cstr.o
 .debug_aranges
                0x00000000000007e0       0x30 obj/kernel/sys/icxxabi.o
 .debug_aranges
                0x0000000000000810       0x30 obj/kernel/sys/math.o
 .debug_aranges
                0x0000000000000840       0x30 obj/kernel/sys/panik.o
 .debug_aranges
                0x0000000000000870       0x40 obj/kernel/sys/printk.o
 .debug_aranges
                0x00000000000008b0       0x20 obj/kernel/sys/scanf.o
 .debug_aranges
                0x00000000000008d0       0x30 obj/kernel/sys/stack.o
 .debug_aranges
                0x0000000000000900       0x30 obj/kernel/sys/stdio.o
 .debug_aranges
                0x0000000000000930       0x30 obj/kernel/sys/symbols.o
 .debug_aranges
                0x0000000000000960       0x20 obj/kernel/sys/symbols_map.o
 .debug_aranges
                0x0000000000000980       0x30 obj/kernel/sys/ubsan.o

.debug_rnglists
                0x0000000000000000     0x1f4d
 .debug_rnglists
                0x0000000000000000       0x50 obj/kernel/cpu/cpu.o
 .debug_rnglists
                0x0000000000000050      0x684 obj/kernel/demo.o
 .debug_rnglists
                0x00000000000006d4       0x4d obj/kernel/dev/acpi/acpi.o
 .debug_rnglists
                0x0000000000000721       0xcf obj/kernel/dev/ahci/ahci.o
 .debug_rnglists
                0x00000000000007f0      0x302 obj/kernel/dev/fb/gop.o
 .debug_rnglists
                0x0000000000000af2      0x128 obj/kernel/dev/pci/pci.o
 .debug_rnglists
                0x0000000000000c1a       0x4b obj/kernel/dev/pci/pcidescriptor.o
 .debug_rnglists
                0x0000000000000c65       0x3c obj/kernel/dev/serial/serial.o
 .debug_rnglists
                0x0000000000000ca1       0xb0 obj/kernel/dev/timer/pit/pit.o
 .debug_rnglists
                0x0000000000000d51       0x95 obj/kernel/dev/tty/gpm/gpm.o
 .debug_rnglists
                0x0000000000000de6       0xd0 obj/kernel/dev/tty/kbd/keyboard.o
 .debug_rnglists
                0x0000000000000eb6       0x66 obj/kernel/dev/tty/tty.o
 .debug_rnglists
                0x0000000000000f1c      0x278 obj/kernel/fs/fat/fat.o
 .debug_rnglists
                0x0000000000001194      0x12a obj/kernel/fs/fs.o
 .debug_rnglists
                0x00000000000012be       0x93 obj/kernel/fs/ustar/ustar.o
 .debug_rnglists
                0x0000000000001351       0x22 obj/kernel/fs/vfs.o
 .debug_rnglists
                0x0000000000001373       0x38 obj/kernel/kernel.o
 .debug_rnglists
                0x00000000000013ab      0x119 obj/kernel/kutil.o
 .debug_rnglists
                0x00000000000014c4       0x1b obj/kernel/mm/bitmap.o
 .debug_rnglists
                0x00000000000014df      0x22d obj/kernel/mm/heap.o
 .debug_rnglists
                0x000000000000170c       0x3b obj/kernel/mm/memory.o
 .debug_rnglists
                0x0000000000001747      0x3dd obj/kernel/mm/pageframe.o
 .debug_rnglists
                0x0000000000001b24       0x48 obj/kernel/mm/pagetable.o
 .debug_rnglists
                0x0000000000001b6c       0x4d obj/kernel/mm/paging.o
 .debug_rnglists
                0x0000000000001bb9       0x5c obj/kernel/mm/string.o
 .debug_rnglists
                0x0000000000001c15       0x20 obj/kernel/mm/vmalloc.o
 .debug_rnglists
                0x0000000000001c35       0x60 obj/kernel/module/module.o
 .debug_rnglists
                0x0000000000001c95       0x1c obj/kernel/module/symbol.o
 .debug_rnglists
                0x0000000000001cb1      0x148 obj/kernel/sys/cstr.o
 .debug_rnglists
                0x0000000000001df9       0x16 obj/kernel/sys/math.o
 .debug_rnglists
                0x0000000000001e0f       0xc0 obj/kernel/sys/printk.o
 .debug_rnglists
                0x0000000000001ecf       0x2c obj/kernel/sys/stack.o
 .debug_rnglists
                0x0000000000001efb       0x52 obj/kernel/sys/stdio.o

.debug_line     0x0000000000000000     0xd21f
 .debug_line    0x0000000000000000      0x18e obj/kernel/cpu/cpu.o
 .debug_line    0x000000000000018e       0x8d obj/kernel/cpu/gdt.o
 .debug_line    0x000000000000021b       0xed obj/kernel/cpu/interrupts/idt.o
 .debug_line    0x0000000000000308      0x198 obj/kernel/cpu/interrupts/interrupts.o
 .debug_line    0x00000000000004a0      0xd2d obj/kernel/demo.o
 .debug_line    0x00000000000011cd      0x188 obj/kernel/dev/8259/pic.o
 .debug_line    0x0000000000001355      0x16b obj/kernel/dev/acpi/acpi.o
 .debug_line    0x00000000000014c0      0xaad obj/kernel/dev/ahci/ahci.o
 .debug_line    0x0000000000001f6d      0xfaf obj/kernel/dev/fb/gop.o
 .debug_line    0x0000000000002f1c      0x69b obj/kernel/dev/pci/pci.o
 .debug_line    0x00000000000035b7      0x502 obj/kernel/dev/pci/pcidescriptor.o
 .debug_line    0x0000000000003ab9      0x258 obj/kernel/dev/serial/serial.o
 .debug_line    0x0000000000003d11      0x26e obj/kernel/dev/timer/pit/pit.o
 .debug_line    0x0000000000003f7f      0x47f obj/kernel/dev/tty/gpm/gpm.o
 .debug_line    0x00000000000043fe      0x225 obj/kernel/dev/tty/kbd/keyboard.o
 .debug_line    0x0000000000004623      0x78a obj/kernel/dev/tty/tty.o
 .debug_line    0x0000000000004dad      0xfca obj/kernel/fs/fat/fat.o
 .debug_line    0x0000000000005d77      0x964 obj/kernel/fs/fs.o
 .debug_line    0x00000000000066db      0x5da obj/kernel/fs/ustar/ustar.o
 .debug_line    0x0000000000006cb5      0x497 obj/kernel/fs/vfs.o
 .debug_line    0x000000000000714c       0xfa obj/kernel/io/io.o
 .debug_line    0x0000000000007246      0x1ae obj/kernel/kernel.o
 .debug_line    0x00000000000073f4      0x774 obj/kernel/kutil.o
 .debug_line    0x0000000000007b68      0x1d1 obj/kernel/mm/bitmap.o
 .debug_line    0x0000000000007d39       0x43 obj/kernel/mm/efimem.o
 .debug_line    0x0000000000007d7c      0xca0 obj/kernel/mm/heap.o
 .debug_line    0x0000000000008a1c      0x26d obj/kernel/mm/memory.o
 .debug_line    0x0000000000008c89      0xf75 obj/kernel/mm/pageframe.o
 .debug_line    0x0000000000009bfe       0xd0 obj/kernel/mm/pageindexer.o
 .debug_line    0x0000000000009cce      0x349 obj/kernel/mm/pagetable.o
 .debug_line    0x000000000000a017      0x191 obj/kernel/mm/paging.o
 .debug_line    0x000000000000a1a8      0x59f obj/kernel/mm/string.o
 .debug_line    0x000000000000a747      0x148 obj/kernel/mm/vmalloc.o
 .debug_line    0x000000000000a88f       0x47 obj/kernel/module/main.o
 .debug_line    0x000000000000a8d6      0x2d0 obj/kernel/module/module.o
 .debug_line    0x000000000000aba6      0x17c obj/kernel/module/symbol.o
 .debug_line    0x000000000000ad22       0xfe obj/kernel/proc/thread.o
 .debug_line    0x000000000000ae20     0x1311 obj/kernel/sys/cstr.o
 .debug_line    0x000000000000c131      0x256 obj/kernel/sys/icxxabi.o
 .debug_line    0x000000000000c387      0x23f obj/kernel/sys/math.o
 .debug_line    0x000000000000c5c6       0xf9 obj/kernel/sys/panik.o
 .debug_line    0x000000000000c6bf      0x450 obj/kernel/sys/printk.o
 .debug_line    0x000000000000cb0f       0x35 obj/kernel/sys/scanf.o
 .debug_line    0x000000000000cb44      0x136 obj/kernel/sys/stack.o
 .debug_line    0x000000000000cc7a      0x3ff obj/kernel/sys/stdio.o
 .debug_line    0x000000000000d079       0x6d obj/kernel/sys/symbols.o
 .debug_line    0x000000000000d0e6       0x4c obj/kernel/sys/symbols_map.o
 .debug_line    0x000000000000d132       0xed obj/kernel/sys/ubsan.o

.debug_str      0x0000000000000000     0x433c
 .debug_str     0x0000000000000000      0x80f obj/kernel/cpu/cpu.o
                                        0x8ea (size before relaxing)
 .debug_str     0x000000000000080f       0xcf obj/kernel/cpu/gdt.o
                                        0x25b (size before relaxing)
 .debug_str     0x00000000000008de       0x8b obj/kernel/cpu/interrupts/idt.o
                                        0x2a0 (size before relaxing)
 .debug_str     0x0000000000000969      0x33b obj/kernel/cpu/interrupts/interrupts.o
                                        0x413 (size before relaxing)
 .debug_str     0x0000000000000ca4      0x672 obj/kernel/demo.o
                                        0x9ac (size before relaxing)
 .debug_str     0x0000000000001316       0x23 obj/kernel/dev/8259/pic.o
                                        0x1c2 (size before relaxing)
 .debug_str     0x0000000000001339       0xb5 obj/kernel/dev/acpi/acpi.o
                                        0x304 (size before relaxing)
 .debug_str     0x00000000000013ee     0x11e0 obj/kernel/dev/ahci/ahci.o
                                       0x1581 (size before relaxing)
 .debug_str     0x00000000000025ce      0x150 obj/kernel/dev/fb/gop.o
                                        0x75f (size before relaxing)
 .debug_str     0x000000000000271e      0x252 obj/kernel/dev/pci/pci.o
                                        0xb3b (size before relaxing)
 .debug_str     0x0000000000002970      0x118 obj/kernel/dev/pci/pcidescriptor.o
                                        0x350 (size before relaxing)
 .debug_str     0x0000000000002a88       0x4a obj/kernel/dev/serial/serial.o
                                        0x289 (size before relaxing)
 .debug_str     0x0000000000002ad2      0x143 obj/kernel/dev/timer/pit/pit.o
                                        0x310 (size before relaxing)
 .debug_str     0x0000000000002c15      0x102 obj/kernel/dev/tty/gpm/gpm.o
                                        0x6d5 (size before relaxing)
 .debug_str     0x0000000000002d17      0x163 obj/kernel/dev/tty/kbd/keyboard.o
                                        0x45f (size before relaxing)
 .debug_str     0x0000000000002e7a      0x18b obj/kernel/dev/tty/tty.o
                                       0x14b7 (size before relaxing)
 .debug_str     0x0000000000003005      0x346 obj/kernel/fs/fat/fat.o
                                        0xe57 (size before relaxing)
 .debug_str     0x000000000000334b       0xf6 obj/kernel/fs/fs.o
                                       0x107f (size before relaxing)
 .debug_str     0x0000000000003441       0xce obj/kernel/fs/ustar/ustar.o
                                        0x483 (size before relaxing)
 .debug_str     0x000000000000350f       0xcc obj/kernel/fs/vfs.o
                                        0x444 (size before relaxing)
 .debug_str     0x00000000000035db        0x5 obj/kernel/io/io.o
                                        0x176 (size before relaxing)
 .debug_str     0x00000000000035e0       0x8d obj/kernel/kernel.o
                                        0xb8e (size before relaxing)
 .debug_str     0x000000000000366d      0x275 obj/kernel/kutil.o
                                       0x1cc7 (size before relaxing)
 .debug_str     0x00000000000038e2       0x21 obj/kernel/mm/bitmap.o
                                        0x2ad (size before relaxing)
 .debug_str     0x0000000000003903       0x18 obj/kernel/mm/efimem.o
                                        0x15a (size before relaxing)
 .debug_str     0x000000000000391b      0x159 obj/kernel/mm/heap.o
                                        0xa1c (size before relaxing)
 .debug_str     0x0000000000003a74       0x2c obj/kernel/mm/memory.o
                                        0x368 (size before relaxing)
 .debug_str     0x0000000000003aa0       0x9a obj/kernel/mm/pageframe.o
                                        0x862 (size before relaxing)
 .debug_str     0x0000000000003b3a       0x5f obj/kernel/mm/pageindexer.o
                                        0x24f (size before relaxing)
 .debug_str     0x0000000000003b99       0xc3 obj/kernel/mm/pagetable.o
                                        0x921 (size before relaxing)
 .debug_str     0x0000000000003c5c       0x1a obj/kernel/mm/paging.o
                                        0x367 (size before relaxing)
 .debug_str     0x0000000000003c76       0x87 obj/kernel/mm/string.o
                                        0x403 (size before relaxing)
 .debug_str     0x0000000000003cfd       0x17 obj/kernel/mm/vmalloc.o
                                        0x854 (size before relaxing)
 .debug_str     0x0000000000003d14        0xe obj/kernel/module/main.o
                                        0x154 (size before relaxing)
 .debug_str     0x0000000000003d22      0x191 obj/kernel/module/module.o
                                        0x555 (size before relaxing)
 .debug_str     0x0000000000003eb3       0x30 obj/kernel/module/symbol.o
                                        0x24a (size before relaxing)
 .debug_str     0x0000000000003ee3       0x4e obj/kernel/proc/thread.o
                                        0x678 (size before relaxing)
 .debug_str     0x0000000000003f31      0x131 obj/kernel/sys/cstr.o
                                        0x461 (size before relaxing)
 .debug_str     0x0000000000004062       0x87 obj/kernel/sys/icxxabi.o
                                        0x2f1 (size before relaxing)
 .debug_str     0x00000000000040e9       0x10 obj/kernel/sys/math.o
                                        0x1da (size before relaxing)
 .debug_str     0x00000000000040f9        0x8 obj/kernel/sys/panik.o
                                        0x51e (size before relaxing)
 .debug_str     0x0000000000004101       0xf5 obj/kernel/sys/printk.o
                                        0x7a8 (size before relaxing)
 .debug_str     0x00000000000041f6      0x16e obj/kernel/sys/scanf.o
 .debug_str     0x00000000000041f6       0x89 obj/kernel/sys/stack.o
                                        0x326 (size before relaxing)
 .debug_str     0x000000000000427f       0x23 obj/kernel/sys/stdio.o
                                        0x340 (size before relaxing)
 .debug_str     0x00000000000042a2      0x1cb obj/kernel/sys/symbols.o
 .debug_str     0x00000000000042a2       0x14 obj/kernel/sys/symbols_map.o
                                        0x17c (size before relaxing)
 .debug_str     0x00000000000042b6       0x86 obj/kernel/sys/ubsan.o
                                        0x421 (size before relaxing)

.debug_line_str
                0x0000000000000000      0xaa5
 .debug_line_str
                0x0000000000000000       0xe4 obj/kernel/cpu/cpu.o
                                        0x127 (size before relaxing)
 .debug_line_str
                0x00000000000000e4       0x26 obj/kernel/cpu/gdt.o
                                        0x10c (size before relaxing)
 .debug_line_str
                0x000000000000010a       0x64 obj/kernel/cpu/interrupts/idt.o
                                        0x10e (size before relaxing)
 .debug_line_str
                0x000000000000016e       0xf6 obj/kernel/cpu/interrupts/interrupts.o
                                        0x1cd (size before relaxing)
 .debug_line_str
                0x0000000000000264       0x97 obj/kernel/demo.o
                                        0x1c2 (size before relaxing)
 .debug_line_str
                0x00000000000002fb       0x30 obj/kernel/dev/8259/pic.o
                                         0xf5 (size before relaxing)
 .debug_line_str
                0x000000000000032b       0x54 obj/kernel/dev/acpi/acpi.o
                                        0x100 (size before relaxing)
 .debug_line_str
                0x000000000000037f       0xde obj/kernel/dev/ahci/ahci.o
                                        0x1fc (size before relaxing)
 .debug_line_str
                0x000000000000045d       0x2c obj/kernel/dev/fb/gop.o
                                        0x12a (size before relaxing)
 .debug_line_str
                0x0000000000000489       0x2e obj/kernel/dev/pci/pci.o
                                        0x195 (size before relaxing)
 .debug_line_str
                0x00000000000004b7       0x2c obj/kernel/dev/pci/pcidescriptor.o
                                        0x114 (size before relaxing)
 .debug_line_str
                0x00000000000004e3       0x5e obj/kernel/dev/serial/serial.o
                                        0x132 (size before relaxing)
 .debug_line_str
                0x0000000000000541       0x3a obj/kernel/dev/timer/pit/pit.o
                                        0x126 (size before relaxing)
 .debug_line_str
                0x000000000000057b       0x36 obj/kernel/dev/tty/gpm/gpm.o
                                        0x17d (size before relaxing)
 .debug_line_str
                0x00000000000005b1       0x5c obj/kernel/dev/tty/kbd/keyboard.o
                                        0x13a (size before relaxing)
 .debug_line_str
                0x000000000000060d       0x68 obj/kernel/dev/tty/tty.o
                                        0x2ed (size before relaxing)
 .debug_line_str
                0x0000000000000675       0x2c obj/kernel/fs/fat/fat.o
                                        0x1cb (size before relaxing)
 .debug_line_str
                0x00000000000006a1       0x23 obj/kernel/fs/fs.o
                                        0x1fc (size before relaxing)
 .debug_line_str
                0x00000000000006c4       0x32 obj/kernel/fs/ustar/ustar.o
                                        0x157 (size before relaxing)
 .debug_line_str
                0x00000000000006f6       0x16 obj/kernel/fs/vfs.o
                                        0x183 (size before relaxing)
 .debug_line_str
                0x000000000000070c       0x23 obj/kernel/io/io.o
                                         0xcb (size before relaxing)
 .debug_line_str
                0x000000000000072f       0x16 obj/kernel/kernel.o
                                        0x1da (size before relaxing)
 .debug_line_str
                0x0000000000000745       0x22 obj/kernel/kutil.o
                                        0x398 (size before relaxing)
 .debug_line_str
                0x0000000000000767       0x27 obj/kernel/mm/bitmap.o
                                         0xff (size before relaxing)
 .debug_line_str
                0x000000000000078e       0x19 obj/kernel/mm/efimem.o
                                         0xc2 (size before relaxing)
 .debug_line_str
                0x00000000000007a7       0x17 obj/kernel/mm/heap.o
                                        0x145 (size before relaxing)
 .debug_line_str
                0x00000000000007be       0x19 obj/kernel/mm/memory.o
                                         0xff (size before relaxing)
 .debug_line_str
                0x00000000000007d7       0x1c obj/kernel/mm/pageframe.o
                                        0x126 (size before relaxing)
 .debug_line_str
                0x00000000000007f3       0x2c obj/kernel/mm/pageindexer.o
                                        0x10a (size before relaxing)
 .debug_line_str
                0x000000000000081f       0x1c obj/kernel/mm/pagetable.o
                                        0x149 (size before relaxing)
 .debug_line_str
                0x000000000000083b       0x19 obj/kernel/mm/paging.o
                                         0xf6 (size before relaxing)
 .debug_line_str
                0x0000000000000854       0x19 obj/kernel/mm/string.o
                                         0xd3 (size before relaxing)
 .debug_line_str
                0x000000000000086d       0x1a obj/kernel/mm/vmalloc.o
                                        0x12c (size before relaxing)
 .debug_line_str
                0x0000000000000887       0x34 obj/kernel/module/main.o
                                         0xf1 (size before relaxing)
 .debug_line_str
                0x00000000000008bb       0x2e obj/kernel/module/module.o
                                        0x156 (size before relaxing)
 .debug_line_str
                0x00000000000008e9       0x1d obj/kernel/module/symbol.o
                                        0x11d (size before relaxing)
 .debug_line_str
                0x0000000000000906       0x4c obj/kernel/proc/thread.o
                                        0x139 (size before relaxing)
 .debug_line_str
                0x0000000000000952       0x27 obj/kernel/sys/cstr.o
                                         0xd3 (size before relaxing)
 .debug_line_str
                0x0000000000000979       0x25 obj/kernel/sys/icxxabi.o
                                         0xe4 (size before relaxing)
 .debug_line_str
                0x000000000000099e       0x18 obj/kernel/sys/math.o
                                         0x9f (size before relaxing)
 .debug_line_str
                0x00000000000009b6       0x19 obj/kernel/sys/panik.o
                                        0x14f (size before relaxing)
 .debug_line_str
                0x00000000000009cf       0x2e obj/kernel/sys/printk.o
                                        0x190 (size before relaxing)
 .debug_line_str
                0x00000000000009fd       0x19 obj/kernel/sys/scanf.o
                                         0x98 (size before relaxing)
 .debug_line_str
                0x0000000000000a16       0x23 obj/kernel/sys/stack.o
                                        0x108 (size before relaxing)
 .debug_line_str
                0x0000000000000a39       0x19 obj/kernel/sys/stdio.o
                                        0x12e (size before relaxing)
 .debug_line_str
                0x0000000000000a52       0x1b obj/kernel/sys/symbols.o
                                         0xfd (size before relaxing)
 .debug_line_str
                0x0000000000000a6d       0x1f obj/kernel/sys/symbols_map.o
                                        0x109 (size before relaxing)
 .debug_line_str
                0x0000000000000a8c       0x19 obj/kernel/sys/ubsan.o
                                         0xf2 (size before relaxing)

.comment        0x0000000000000000       0x12
 .comment       0x0000000000000000       0x12 obj/kernel/cpu/cpu.o
                                         0x13 (size before relaxing)
 .comment       0x0000000000000012       0x13 obj/kernel/cpu/gdt.o
 .comment       0x0000000000000012       0x13 obj/kernel/cpu/interrupts/idt.o
 .comment       0x0000000000000012       0x13 obj/kernel/cpu/interrupts/interrupts.o
 .comment       0x0000000000000012       0x13 obj/kernel/demo.o
 .comment       0x0000000000000012       0x13 obj/kernel/dev/8259/pic.o
 .comment       0x0000000000000012       0x13 obj/kernel/dev/acpi/acpi.o
 .comment       0x0000000000000012       0x13 obj/kernel/dev/ahci/ahci.o
 .comment       0x0000000000000012       0x13 obj/kernel/dev/fb/gop.o
 .comment       0x0000000000000012       0x13 obj/kernel/dev/pci/pci.o
 .comment       0x0000000000000012       0x13 obj/kernel/dev/pci/pcidescriptor.o
 .comment       0x0000000000000012       0x13 obj/kernel/dev/serial/serial.o
 .comment       0x0000000000000012       0x13 obj/kernel/dev/timer/pit/pit.o
 .comment       0x0000000000000012       0x13 obj/kernel/dev/tty/gpm/gpm.o
 .comment       0x0000000000000012       0x13 obj/kernel/dev/tty/kbd/keyboard.o
 .comment       0x0000000000000012       0x13 obj/kernel/dev/tty/tty.o
 .comment       0x0000000000000012       0x13 obj/kernel/fs/fat/fat.o
 .comment       0x0000000000000012       0x13 obj/kernel/fs/fs.o
 .comment       0x0000000000000012       0x13 obj/kernel/fs/ustar/ustar.o
 .comment       0x0000000000000012       0x13 obj/kernel/fs/vfs.o
 .comment       0x0000000000000012       0x13 obj/kernel/io/io.o
 .comment       0x0000000000000012       0x13 obj/kernel/kernel.o
 .comment       0x0000000000000012       0x13 obj/kernel/kutil.o
 .comment       0x0000000000000012       0x13 obj/kernel/mm/bitmap.o
 .comment       0x0000000000000012       0x13 obj/kernel/mm/efimem.o
 .comment       0x0000000000000012       0x13 obj/kernel/mm/heap.o
 .comment       0x0000000000000012       0x13 obj/kernel/mm/memory.o
 .comment       0x0000000000000012       0x13 obj/kernel/mm/pageframe.o
 .comment       0x0000000000000012       0x13 obj/kernel/mm/pageindexer.o
 .comment       0x0000000000000012       0x13 obj/kernel/mm/pagetable.o
 .comment       0x0000000000000012       0x13 obj/kernel/mm/paging.o
 .comment       0x0000000000000012       0x13 obj/kernel/mm/string.o
 .comment       0x0000000000000012       0x13 obj/kernel/mm/vmalloc.o
 .comment       0x0000000000000012       0x13 obj/kernel/module/main.o
 .comment       0x0000000000000012       0x13 obj/kernel/module/module.o
 .comment       0x0000000000000012       0x13 obj/kernel/module/symbol.o
 .comment       0x0000000000000012       0x13 obj/kernel/proc/thread.o
 .comment       0x0000000000000012       0x13 obj/kernel/sys/cstr.o
 .comment       0x0000000000000012       0x13 obj/kernel/sys/icxxabi.o
 .comment       0x0000000000000012       0x13 obj/kernel/sys/math.o
 .comment       0x0000000000000012       0x13 obj/kernel/sys/panik.o
 .comment       0x0000000000000012       0x13 obj/kernel/sys/printk.o
 .comment       0x0000000000000012       0x13 obj/kernel/sys/scanf.o
 .comment       0x0000000000000012       0x13 obj/kernel/sys/stack.o
 .comment       0x0000000000000012       0x13 obj/kernel/sys/stdio.o
 .comment       0x0000000000000012       0x13 obj/kernel/sys/symbols.o
 .comment       0x0000000000000012       0x13 obj/kernel/sys/symbols_map.o
 .comment       0x0000000000000012       0x13 obj/kernel/sys/ubsan.o